Archive member included to satisfy reference by file (symbol)

/app/stm32cubeide/plugins/com.st.stm32cube.ide.mcu.externaltools.gnu-tools-for-stm32.10.3-2021.10.linux64_1.0.200.202301161003/tools/bin/../lib/gcc/arm-none-eabi/10.3.1/../../../../arm-none-eabi/lib/thumb/v7e-m+dp/hard/libc_nano.a(lib_a-errno.o)
                              ./Core/Src/syscalls.o (__errno)
/app/stm32cubeide/plugins/com.st.stm32cube.ide.mcu.externaltools.gnu-tools-for-stm32.10.3-2021.10.linux64_1.0.200.202301161003/tools/bin/../lib/gcc/arm-none-eabi/10.3.1/../../../../arm-none-eabi/lib/thumb/v7e-m+dp/hard/libc_nano.a(lib_a-exit.o)
                              /app/stm32cubeide/plugins/com.st.stm32cube.ide.mcu.externaltools.gnu-tools-for-stm32.10.3-2021.10.linux64_1.0.200.202301161003/tools/bin/../lib/gcc/arm-none-eabi/10.3.1/../../../../arm-none-eabi/lib/thumb/v7e-m+dp/hard/crt0.o (exit)
/app/stm32cubeide/plugins/com.st.stm32cube.ide.mcu.externaltools.gnu-tools-for-stm32.10.3-2021.10.linux64_1.0.200.202301161003/tools/bin/../lib/gcc/arm-none-eabi/10.3.1/../../../../arm-none-eabi/lib/thumb/v7e-m+dp/hard/libc_nano.a(lib_a-impure.o)
                              /app/stm32cubeide/plugins/com.st.stm32cube.ide.mcu.externaltools.gnu-tools-for-stm32.10.3-2021.10.linux64_1.0.200.202301161003/tools/bin/../lib/gcc/arm-none-eabi/10.3.1/../../../../arm-none-eabi/lib/thumb/v7e-m+dp/hard/libc_nano.a(lib_a-exit.o) (_global_impure_ptr)
/app/stm32cubeide/plugins/com.st.stm32cube.ide.mcu.externaltools.gnu-tools-for-stm32.10.3-2021.10.linux64_1.0.200.202301161003/tools/bin/../lib/gcc/arm-none-eabi/10.3.1/../../../../arm-none-eabi/lib/thumb/v7e-m+dp/hard/libc_nano.a(lib_a-init.o)
                              /app/stm32cubeide/plugins/com.st.stm32cube.ide.mcu.externaltools.gnu-tools-for-stm32.10.3-2021.10.linux64_1.0.200.202301161003/tools/bin/../lib/gcc/arm-none-eabi/10.3.1/../../../../arm-none-eabi/lib/thumb/v7e-m+dp/hard/crt0.o (__libc_init_array)
/app/stm32cubeide/plugins/com.st.stm32cube.ide.mcu.externaltools.gnu-tools-for-stm32.10.3-2021.10.linux64_1.0.200.202301161003/tools/bin/../lib/gcc/arm-none-eabi/10.3.1/../../../../arm-none-eabi/lib/thumb/v7e-m+dp/hard/libc_nano.a(lib_a-memset.o)
                              /app/stm32cubeide/plugins/com.st.stm32cube.ide.mcu.externaltools.gnu-tools-for-stm32.10.3-2021.10.linux64_1.0.200.202301161003/tools/bin/../lib/gcc/arm-none-eabi/10.3.1/../../../../arm-none-eabi/lib/thumb/v7e-m+dp/hard/crt0.o (memset)

Discarded input sections

 .text          0x0000000000000000        0x0 /app/stm32cubeide/plugins/com.st.stm32cube.ide.mcu.externaltools.gnu-tools-for-stm32.10.3-2021.10.linux64_1.0.200.202301161003/tools/bin/../lib/gcc/arm-none-eabi/10.3.1/thumb/v7e-m+dp/hard/crti.o
 .data          0x0000000000000000        0x0 /app/stm32cubeide/plugins/com.st.stm32cube.ide.mcu.externaltools.gnu-tools-for-stm32.10.3-2021.10.linux64_1.0.200.202301161003/tools/bin/../lib/gcc/arm-none-eabi/10.3.1/thumb/v7e-m+dp/hard/crti.o
 .bss           0x0000000000000000        0x0 /app/stm32cubeide/plugins/com.st.stm32cube.ide.mcu.externaltools.gnu-tools-for-stm32.10.3-2021.10.linux64_1.0.200.202301161003/tools/bin/../lib/gcc/arm-none-eabi/10.3.1/thumb/v7e-m+dp/hard/crti.o
 .data          0x0000000000000000        0x4 /app/stm32cubeide/plugins/com.st.stm32cube.ide.mcu.externaltools.gnu-tools-for-stm32.10.3-2021.10.linux64_1.0.200.202301161003/tools/bin/../lib/gcc/arm-none-eabi/10.3.1/thumb/v7e-m+dp/hard/crtbegin.o
 .rodata        0x0000000000000000       0x24 /app/stm32cubeide/plugins/com.st.stm32cube.ide.mcu.externaltools.gnu-tools-for-stm32.10.3-2021.10.linux64_1.0.200.202301161003/tools/bin/../lib/gcc/arm-none-eabi/10.3.1/thumb/v7e-m+dp/hard/crtbegin.o
 .text          0x0000000000000000       0x7c /app/stm32cubeide/plugins/com.st.stm32cube.ide.mcu.externaltools.gnu-tools-for-stm32.10.3-2021.10.linux64_1.0.200.202301161003/tools/bin/../lib/gcc/arm-none-eabi/10.3.1/../../../../arm-none-eabi/lib/thumb/v7e-m+dp/hard/crt0.o
 .data          0x0000000000000000        0x0 /app/stm32cubeide/plugins/com.st.stm32cube.ide.mcu.externaltools.gnu-tools-for-stm32.10.3-2021.10.linux64_1.0.200.202301161003/tools/bin/../lib/gcc/arm-none-eabi/10.3.1/../../../../arm-none-eabi/lib/thumb/v7e-m+dp/hard/crt0.o
 .bss           0x0000000000000000        0x0 /app/stm32cubeide/plugins/com.st.stm32cube.ide.mcu.externaltools.gnu-tools-for-stm32.10.3-2021.10.linux64_1.0.200.202301161003/tools/bin/../lib/gcc/arm-none-eabi/10.3.1/../../../../arm-none-eabi/lib/thumb/v7e-m+dp/hard/crt0.o
 .ARM.extab     0x0000000000000000        0x0 /app/stm32cubeide/plugins/com.st.stm32cube.ide.mcu.externaltools.gnu-tools-for-stm32.10.3-2021.10.linux64_1.0.200.202301161003/tools/bin/../lib/gcc/arm-none-eabi/10.3.1/../../../../arm-none-eabi/lib/thumb/v7e-m+dp/hard/crt0.o
[...]
Memory Configuration

Name             Origin             Length             Attributes
ITCMRAM          0x0000000000000000 0x0000000000010000 xrw
DTCMRAM          0x0000000020000000 0x0000000000020000 xrw
FLASH            0x0000000008000000 0x0000000000080000 xr
RAM_D1           0x0000000024000000 0x0000000000050000 xrw
RAM_D2           0x0000000030000000 0x0000000000008000 xrw
RAM_D3           0x0000000038000000 0x0000000000004000 xrw
*default*        0x0000000000000000 0xffffffffffffffff

Linker script and memory map

LOAD /app/stm32cubeide/plugins/com.st.stm32cube.ide.mcu.externaltools.gnu-tools-for-stm32.10.3-2021.10.linux64_1.0.200.202301161003/tools/bin/../lib/gcc/arm-none-eabi/10.3.1/thumb/v7e-m+dp/hard/crti.o
LOAD /app/stm32cubeide/plugins/com.st.stm32cube.ide.mcu.externaltools.gnu-tools-for-stm32.10.3-2021.10.linux64_1.0.200.202301161003/tools/bin/../lib/gcc/arm-none-eabi/10.3.1/thumb/v7e-m+dp/hard/crtbegin.o
LOAD /app/stm32cubeide/plugins/com.st.stm32cube.ide.mcu.externaltools.gnu-tools-for-stm32.10.3-2021.10.linux64_1.0.200.202301161003/tools/bin/../lib/gcc/arm-none-eabi/10.3.1/../../../../arm-none-eabi/lib/thumb/v7e-m+dp/hard/crt0.o
LOAD ./Core/Src/main.o
LOAD ./Core/Src/stm32h7xx_hal_msp.o
LOAD ./Core/Src/stm32h7xx_it.o
LOAD ./Core/Src/syscalls.o
LOAD ./Core/Src/sysmem.o
LOAD ./Core/Src/system_stm32h7xx.o
LOAD ./Core/Startup/startup_stm32h723vetx.o
LOAD ./Drivers/STM32H7xx_HAL_Driver/Src/stm32h7xx_hal.o
LOAD ./Drivers/STM32H7xx_HAL_Driver/Src/stm32h7xx_hal_cortex.o
LOAD ./Drivers/STM32H7xx_HAL_Driver/Src/stm32h7xx_hal_dma.o
LOAD ./Drivers/STM32H7xx_HAL_Driver/Src/stm32h7xx_hal_dma_ex.o
LOAD ./Drivers/STM32H7xx_HAL_Driver/Src/stm32h7xx_hal_exti.o
LOAD ./Drivers/STM32H7xx_HAL_Driver/Src/stm32h7xx_hal_flash.o
LOAD ./Drivers/STM32H7xx_HAL_Driver/Src/stm32h7xx_hal_flash_ex.o
LOAD ./Drivers/STM32H7xx_HAL_Driver/Src/stm32h7xx_hal_gpio.o
LOAD ./Drivers/STM32H7xx_HAL_Driver/Src/stm32h7xx_hal_hsem.o
LOAD ./Drivers/STM32H7xx_HAL_Driver/Src/stm32h7xx_hal_i2c.o
LOAD ./Drivers/STM32H7xx_HAL_Driver/Src/stm32h7xx_hal_i2c_ex.o
LOAD ./Drivers/STM32H7xx_HAL_Driver/Src/stm32h7xx_hal_mdma.o
LOAD ./Drivers/STM32H7xx_HAL_Driver/Src/stm32h7xx_hal_pwr.o
LOAD ./Drivers/STM32H7xx_HAL_Driver/Src/stm32h7xx_hal_pwr_ex.o
LOAD ./Drivers/STM32H7xx_HAL_Driver/Src/stm32h7xx_hal_rcc.o
LOAD ./Drivers/STM32H7xx_HAL_Driver/Src/stm32h7xx_hal_rcc_ex.o
LOAD ./Drivers/STM32H7xx_HAL_Driver/Src/stm32h7xx_hal_spi.o
LOAD ./Drivers/STM32H7xx_HAL_Driver/Src/stm32h7xx_hal_spi_ex.o
LOAD ./Drivers/STM32H7xx_HAL_Driver/Src/stm32h7xx_hal_tim.o
LOAD ./Drivers/STM32H7xx_HAL_Driver/Src/stm32h7xx_hal_tim_ex.o
START GROUP
LOAD /app/stm32cubeide/plugins/com.st.stm32cube.ide.mcu.externaltools.gnu-tools-for-stm32.10.3-2021.10.linux64_1.0.200.202301161003/tools/bin/../lib/gcc/arm-none-eabi/10.3.1/../../../../arm-none-eabi/lib/thumb/v7e-m+dp/hard/libc_nano.a
LOAD /app/stm32cubeide/plugins/com.st.stm32cube.ide.mcu.externaltools.gnu-tools-for-stm32.10.3-2021.10.linux64_1.0.200.202301161003/tools/bin/../lib/gcc/arm-none-eabi/10.3.1/../../../../arm-none-eabi/lib/thumb/v7e-m+dp/hard/libm.a
END GROUP
START GROUP
LOAD /app/stm32cubeide/plugins/com.st.stm32cube.ide.mcu.externaltools.gnu-tools-for-stm32.10.3-2021.10.linux64_1.0.200.202301161003/tools/bin/../lib/gcc/arm-none-eabi/10.3.1/thumb/v7e-m+dp/hard/libgcc.a
LOAD /app/stm32cubeide/plugins/com.st.stm32cube.ide.mcu.externaltools.gnu-tools-for-stm32.10.3-2021.10.linux64_1.0.200.202301161003/tools/bin/../lib/gcc/arm-none-eabi/10.3.1/../../../../arm-none-eabi/lib/thumb/v7e-m+dp/hard/libc_nano.a
END GROUP
START GROUP
LOAD /app/stm32cubeide/plugins/com.st.stm32cube.ide.mcu.externaltools.gnu-tools-for-stm32.10.3-2021.10.linux64_1.0.200.202301161003/tools/bin/../lib/gcc/arm-none-eabi/10.3.1/thumb/v7e-m+dp/hard/libgcc.a
LOAD /app/stm32cubeide/plugins/com.st.stm32cube.ide.mcu.externaltools.gnu-tools-for-stm32.10.3-2021.10.linux64_1.0.200.202301161003/tools/bin/../lib/gcc/arm-none-eabi/10.3.1/../../../../arm-none-eabi/lib/thumb/v7e-m+dp/hard/libc_nano.a
LOAD /app/stm32cubeide/plugins/com.st.stm32cube.ide.mcu.externaltools.gnu-tools-for-stm32.10.3-2021.10.linux64_1.0.200.202301161003/tools/bin/../lib/gcc/arm-none-eabi/10.3.1/../../../../arm-none-eabi/lib/thumb/v7e-m+dp/hard/libnosys.a
END GROUP
START GROUP
LOAD /app/stm32cubeide/plugins/com.st.stm32cube.ide.mcu.externaltools.gnu-tools-for-stm32.10.3-2021.10.linux64_1.0.200.202301161003/tools/bin/../lib/gcc/arm-none-eabi/10.3.1/thumb/v7e-m+dp/hard/libgcc.a
LOAD /app/stm32cubeide/plugins/com.st.stm32cube.ide.mcu.externaltools.gnu-tools-for-stm32.10.3-2021.10.linux64_1.0.200.202301161003/tools/bin/../lib/gcc/arm-none-eabi/10.3.1/../../../../arm-none-eabi/lib/thumb/v7e-m+dp/hard/libc_nano.a
LOAD /app/stm32cubeide/plugins/com.st.stm32cube.ide.mcu.externaltools.gnu-tools-for-stm32.10.3-2021.10.linux64_1.0.200.202301161003/tools/bin/../lib/gcc/arm-none-eabi/10.3.1/../../../../arm-none-eabi/lib/thumb/v7e-m+dp/hard/libnosys.a
END GROUP
LOAD /app/stm32cubeide/plugins/com.st.stm32cube.ide.mcu.externaltools.gnu-tools-for-stm32.10.3-2021.10.linux64_1.0.200.202301161003/tools/bin/../lib/gcc/arm-none-eabi/10.3.1/thumb/v7e-m+dp/hard/crtend.o
LOAD /app/stm32cubeide/plugins/com.st.stm32cube.ide.mcu.externaltools.gnu-tools-for-stm32.10.3-2021.10.linux64_1.0.200.202301161003/tools/bin/../lib/gcc/arm-none-eabi/10.3.1/thumb/v7e-m+dp/hard/crtn.o
                0x0000000024050000                _estack = (ORIGIN (RAM_D1) + LENGTH (RAM_D1))
                0x0000000000000200                _Min_Heap_Size = 0x200
                0x0000000000000400                _Min_Stack_Size = 0x400

.isr_vector     0x0000000008000000      0x2cc
                0x0000000008000000                . = ALIGN (0x4)
 *(.isr_vector)
 .isr_vector    0x0000000008000000      0x2cc ./Core/Startup/startup_stm32h723vetx.o
                0x0000000008000000                g_pfnVectors
                0x00000000080002cc                . = ALIGN (0x4)

.text           0x00000000080002cc     0x33a0
                0x00000000080002cc                . = ALIGN (0x4)
 *(.text)
 .text          0x00000000080002cc       0x40 /app/stm32cubeide/plugins/com.st.stm32cube.ide.mcu.externaltools.gnu-tools-for-stm32.10.3-2021.10.linux64_1.0.200.202301161003/tools/bin/../lib/gcc/arm-none-eabi/10.3.1/thumb/v7e-m+dp/hard/crtbegin.o
 *(.text*)
 .text.main     0x000000000800030c       0x40 ./Core/Src/main.o
                0x000000000800030c                main
 .text.SystemClock_Config
                0x000000000800034c       0xe0 ./Core/Src/main.o
                0x000000000800034c                SystemClock_Config
 .text.MX_SPI2_Init
                0x000000000800042c       0xac ./Core/Src/main.o
 .text.MX_GPIO_Init
                0x00000000080004d8       0xb4 ./Core/Src/main.o
 .text.Error_Handler
                0x000000000800058c        0xa ./Core/Src/main.o
                0x000000000800058c                Error_Handler
 *fill*         0x0000000008000596        0x2 
 .text.HAL_MspInit
                0x0000000008000598       0x34 ./Core/Src/stm32h7xx_hal_msp.o
                0x0000000008000598                HAL_MspInit
 .text.HAL_SPI_MspInit
                0x00000000080005cc       0xd0 ./Core/Src/stm32h7xx_hal_msp.o
                0x00000000080005cc                HAL_SPI_MspInit
 .text.NMI_Handler
                0x000000000800069c        0x6 ./Core/Src/stm32h7xx_it.o
                0x000000000800069c                NMI_Handler
 .text.HardFault_Handler
                0x00000000080006a2        0x6 ./Core/Src/stm32h7xx_it.o
                0x00000000080006a2                HardFault_Handler
 .text.MemManage_Handler
                0x00000000080006a8        0x6 ./Core/Src/stm32h7xx_it.o
                0x00000000080006a8                MemManage_Handler
 .text.BusFault_Handler
                0x00000000080006ae        0x6 ./Core/Src/stm32h7xx_it.o
                0x00000000080006ae                BusFault_Handler
 .text.UsageFault_Handler
                0x00000000080006b4        0x6 ./Core/Src/stm32h7xx_it.o
                0x00000000080006b4                UsageFault_Handler
 .text.SVC_Handler
                0x00000000080006ba        0xe ./Core/Src/stm32h7xx_it.o
                0x00000000080006ba                SVC_Handler
 .text.DebugMon_Handler
                0x00000000080006c8        0xe ./Core/Src/stm32h7xx_it.o
                0x00000000080006c8                DebugMon_Handler
 .text.PendSV_Handler
                0x00000000080006d6        0xe ./Core/Src/stm32h7xx_it.o
                0x00000000080006d6                PendSV_Handler
 .text.SysTick_Handler
                0x00000000080006e4        0xc ./Core/Src/stm32h7xx_it.o
                0x00000000080006e4                SysTick_Handler
 .text.SystemInit
                0x00000000080006f0       0xf0 ./Core/Src/system_stm32h7xx.o
                0x00000000080006f0                SystemInit
 .text.Reset_Handler
                0x00000000080007e0       0x50 ./Core/Startup/startup_stm32h723vetx.o
                0x00000000080007e0                Reset_Handler
 .text.Default_Handler
                0x0000000008000830        0x2 ./Core/Startup/startup_stm32h723vetx.o
                0x0000000008000830                RTC_Alarm_IRQHandler
                0x0000000008000830                EXTI2_IRQHandler
                0x0000000008000830                TIM8_CC_IRQHandler
                0x0000000008000830                UART8_IRQHandler
                0x0000000008000830                SPI4_IRQHandler
                0x0000000008000830                FDCAN3_IT0_IRQHandler
                0x0000000008000830                TIM1_CC_IRQHandler
                0x0000000008000830                BDMA_Channel6_IRQHandler
                0x0000000008000830                DMA2_Stream5_IRQHandler
                0x0000000008000830                DMA1_Stream5_IRQHandler
                0x0000000008000830                CORDIC_IRQHandler
                0x0000000008000830                BDMA_Channel1_IRQHandler
                0x0000000008000830                TAMP_STAMP_IRQHandler
                0x0000000008000830                EXTI3_IRQHandler
                0x0000000008000830                LPTIM4_IRQHandler
                0x0000000008000830                TIM8_TRG_COM_TIM14_IRQHandler
                0x0000000008000830                LPTIM2_IRQHandler
                0x0000000008000830                DFSDM1_FLT1_IRQHandler
                0x0000000008000830                DMAMUX2_OVR_IRQHandler
                0x0000000008000830                TIM8_UP_TIM13_IRQHandler
                0x0000000008000830                I2C3_ER_IRQHandler
                0x0000000008000830                DFSDM1_FLT2_IRQHandler
                0x0000000008000830                I2C5_EV_IRQHandler
                0x0000000008000830                USART10_IRQHandler
                0x0000000008000830                MDMA_IRQHandler
                0x0000000008000830                LPTIM3_IRQHandler
                0x0000000008000830                HSEM1_IRQHandler
                0x0000000008000830                EXTI0_IRQHandler
                0x0000000008000830                I2C2_EV_IRQHandler
                0x0000000008000830                DMA1_Stream2_IRQHandler
                0x0000000008000830                FPU_IRQHandler
                0x0000000008000830                OTG_HS_WKUP_IRQHandler
                0x0000000008000830                FDCAN1_IT1_IRQHandler
                0x0000000008000830                LTDC_ER_IRQHandler
                0x0000000008000830                DMA2_Stream2_IRQHandler
                0x0000000008000830                SPI1_IRQHandler
                0x0000000008000830                OCTOSPI1_IRQHandler
                0x0000000008000830                TIM6_DAC_IRQHandler
                0x0000000008000830                DMA2_Stream3_IRQHandler
                0x0000000008000830                OCTOSPI2_IRQHandler
                0x0000000008000830                DFSDM1_FLT3_IRQHandler
                0x0000000008000830                TIM23_IRQHandler
                0x0000000008000830                USART6_IRQHandler
                0x0000000008000830                TIM17_IRQHandler
                0x0000000008000830                USART3_IRQHandler
                0x0000000008000830                BDMA_Channel7_IRQHandler
                0x0000000008000830                LPTIM5_IRQHandler
                0x0000000008000830                UART5_IRQHandler
                0x0000000008000830                ADC3_IRQHandler
                0x0000000008000830                DMA2_Stream0_IRQHandler
                0x0000000008000830                TIM4_IRQHandler
                0x0000000008000830                BDMA_Channel2_IRQHandler
                0x0000000008000830                I2C1_EV_IRQHandler
                0x0000000008000830                DMA1_Stream6_IRQHandler
                0x0000000008000830                DMAMUX1_OVR_IRQHandler
                0x0000000008000830                DMA1_Stream1_IRQHandler
                0x0000000008000830                TIM16_IRQHandler
                0x0000000008000830                UART4_IRQHandler
                0x0000000008000830                BDMA_Channel5_IRQHandler
                0x0000000008000830                TIM3_IRQHandler
                0x0000000008000830                RCC_IRQHandler
                0x0000000008000830                UART9_IRQHandler
                0x0000000008000830                TIM8_BRK_TIM12_IRQHandler
                0x0000000008000830                TIM1_TRG_COM_IRQHandler
                0x0000000008000830                Default_Handler
                0x0000000008000830                ECC_IRQHandler
                0x0000000008000830                FMAC_IRQHandler
                0x0000000008000830                CEC_IRQHandler
                0x0000000008000830                EXTI15_10_IRQHandler
                0x0000000008000830                BDMA_Channel0_IRQHandler
                0x0000000008000830                ADC_IRQHandler
                0x0000000008000830                I2C5_ER_IRQHandler
                0x0000000008000830                DMA1_Stream7_IRQHandler
                0x0000000008000830                SPI5_IRQHandler
                0x0000000008000830                TIM7_IRQHandler
                0x0000000008000830                FDCAN3_IT1_IRQHandler
                0x0000000008000830                SDMMC1_IRQHandler
                0x0000000008000830                TIM5_IRQHandler
                0x0000000008000830                DMA2_Stream7_IRQHandler
                0x0000000008000830                TIM15_IRQHandler
                0x0000000008000830                PVD_AVD_IRQHandler
                0x0000000008000830                I2C3_EV_IRQHandler
                0x0000000008000830                EXTI9_5_IRQHandler
                0x0000000008000830                RTC_WKUP_IRQHandler
                0x0000000008000830                LTDC_IRQHandler
                0x0000000008000830                ETH_WKUP_IRQHandler
                0x0000000008000830                SPDIF_RX_IRQHandler
                0x0000000008000830                SPI2_IRQHandler
                0x0000000008000830                OTG_HS_EP1_IN_IRQHandler
                0x0000000008000830                DMA1_Stream0_IRQHandler
                0x0000000008000830                TIM24_IRQHandler
                0x0000000008000830                CRS_IRQHandler
                0x0000000008000830                EXTI4_IRQHandler
                0x0000000008000830                RNG_IRQHandler
                0x0000000008000830                FDCAN2_IT1_IRQHandler
                0x0000000008000830                ETH_IRQHandler
                0x0000000008000830                TIM1_UP_IRQHandler
                0x0000000008000830                BDMA_Channel4_IRQHandler
                0x0000000008000830                OTG_HS_EP1_OUT_IRQHandler
                0x0000000008000830                WWDG_IRQHandler
                0x0000000008000830                SPI6_IRQHandler
                0x0000000008000830                MDIOS_IRQHandler
                0x0000000008000830                I2C4_EV_IRQHandler
                0x0000000008000830                FDCAN2_IT0_IRQHandler
                0x0000000008000830                LPUART1_IRQHandler
                0x0000000008000830                FDCAN1_IT0_IRQHandler
                0x0000000008000830                TIM2_IRQHandler
                0x0000000008000830                OTG_HS_IRQHandler
                0x0000000008000830                DMA2D_IRQHandler
                0x0000000008000830                TIM1_BRK_IRQHandler
                0x0000000008000830                EXTI1_IRQHandler
                0x0000000008000830                SDMMC2_IRQHandler
                0x0000000008000830                BDMA_Channel3_IRQHandler
                0x0000000008000830                DTS_IRQHandler
                0x0000000008000830                UART7_IRQHandler
                0x0000000008000830                MDIOS_WKUP_IRQHandler
                0x0000000008000830                USART2_IRQHandler
                0x0000000008000830                DFSDM1_FLT0_IRQHandler
                0x0000000008000830                SAI4_IRQHandler
                0x0000000008000830                I2C2_ER_IRQHandler
                0x0000000008000830                DMA2_Stream1_IRQHandler
                0x0000000008000830                FLASH_IRQHandler
                0x0000000008000830                DMA2_Stream4_IRQHandler
                0x0000000008000830                USART1_IRQHandler
                0x0000000008000830                SPI3_IRQHandler
                0x0000000008000830                WAKEUP_PIN_IRQHandler
                0x0000000008000830                DMA1_Stream4_IRQHandler
                0x0000000008000830                I2C1_ER_IRQHandler
                0x0000000008000830                FMC_IRQHandler
                0x0000000008000830                FDCAN_CAL_IRQHandler
                0x0000000008000830                SWPMI1_IRQHandler
                0x0000000008000830                COMP1_IRQHandler
                0x0000000008000830                LPTIM1_IRQHandler
                0x0000000008000830                DCMI_PSSI_IRQHandler
                0x0000000008000830                I2C4_ER_IRQHandler
                0x0000000008000830                DMA2_Stream6_IRQHandler
                0x0000000008000830                SAI1_IRQHandler
                0x0000000008000830                DMA1_Stream3_IRQHandler
 *fill*         0x0000000008000832        0x2 
 .text.HAL_Init
                0x0000000008000834       0x78 ./Drivers/STM32H7xx_HAL_Driver/Src/stm32h7xx_hal.o
                0x0000000008000834                HAL_Init
 .text.HAL_InitTick
                0x00000000080008ac       0x6c ./Drivers/STM32H7xx_HAL_Driver/Src/stm32h7xx_hal.o
                0x00000000080008ac                HAL_InitTick
 .text.HAL_IncTick
                0x0000000008000918       0x28 ./Drivers/STM32H7xx_HAL_Driver/Src/stm32h7xx_hal.o
                0x0000000008000918                HAL_IncTick
 .text.HAL_GetTick
                0x0000000008000940       0x18 ./Drivers/STM32H7xx_HAL_Driver/Src/stm32h7xx_hal.o
                0x0000000008000940                HAL_GetTick
 .text.HAL_Delay
                0x0000000008000958       0x48 ./Drivers/STM32H7xx_HAL_Driver/Src/stm32h7xx_hal.o
                0x0000000008000958                HAL_Delay
 .text.__NVIC_SetPriorityGrouping
                0x00000000080009a0       0x48 ./Drivers/STM32H7xx_HAL_Driver/Src/stm32h7xx_hal_cortex.o
 .text.__NVIC_GetPriorityGrouping
                0x00000000080009e8       0x1c ./Drivers/STM32H7xx_HAL_Driver/Src/stm32h7xx_hal_cortex.o
 .text.__NVIC_SetPriority
                0x0000000008000a04       0x54 ./Drivers/STM32H7xx_HAL_Driver/Src/stm32h7xx_hal_cortex.o
 .text.NVIC_EncodePriority
                0x0000000008000a58       0x66 ./Drivers/STM32H7xx_HAL_Driver/Src/stm32h7xx_hal_cortex.o
 *fill*         0x0000000008000abe        0x2 
 .text.SysTick_Config
                0x0000000008000ac0       0x44 ./Drivers/STM32H7xx_HAL_Driver/Src/stm32h7xx_hal_cortex.o
 .text.HAL_NVIC_SetPriorityGrouping
                0x0000000008000b04       0x16 ./Drivers/STM32H7xx_HAL_Driver/Src/stm32h7xx_hal_cortex.o
                0x0000000008000b04                HAL_NVIC_SetPriorityGrouping
 .text.HAL_NVIC_SetPriority
                0x0000000008000b1a       0x34 ./Drivers/STM32H7xx_HAL_Driver/Src/stm32h7xx_hal_cortex.o
                0x0000000008000b1a                HAL_NVIC_SetPriority
 .text.HAL_SYSTICK_Config
                0x0000000008000b4e       0x18 ./Drivers/STM32H7xx_HAL_Driver/Src/stm32h7xx_hal_cortex.o
                0x0000000008000b4e                HAL_SYSTICK_Config
 *fill*         0x0000000008000b66        0x2 
 .text.HAL_GPIO_Init
                0x0000000008000b68      0x350 ./Drivers/STM32H7xx_HAL_Driver/Src/stm32h7xx_hal_gpio.o
                0x0000000008000b68                HAL_GPIO_Init
 .text.HAL_GPIO_WritePin
                0x0000000008000eb8       0x32 ./Drivers/STM32H7xx_HAL_Driver/Src/stm32h7xx_hal_gpio.o
                0x0000000008000eb8                HAL_GPIO_WritePin
 *fill*         0x0000000008000eea        0x2 
 .text.HAL_PWREx_ConfigSupply
                0x0000000008000eec       0x74 ./Drivers/STM32H7xx_HAL_Driver/Src/stm32h7xx_hal_pwr_ex.o
                0x0000000008000eec                HAL_PWREx_ConfigSupply
 .text.HAL_RCC_OscConfig
                0x0000000008000f60      0x7b4 ./Drivers/STM32H7xx_HAL_Driver/Src/stm32h7xx_hal_rcc.o
                0x0000000008000f60                HAL_RCC_OscConfig
 .text.HAL_RCC_ClockConfig
                0x0000000008001714      0x36c ./Drivers/STM32H7xx_HAL_Driver/Src/stm32h7xx_hal_rcc.o
                0x0000000008001714                HAL_RCC_ClockConfig
 .text.HAL_RCC_GetSysClockFreq
                0x0000000008001a80      0x2f4 ./Drivers/STM32H7xx_HAL_Driver/Src/stm32h7xx_hal_rcc.o
                0x0000000008001a80                HAL_RCC_GetSysClockFreq
 .text.HAL_RCCEx_PeriphCLKConfig
                0x0000000008001d74     0x1340 ./Drivers/STM32H7xx_HAL_Driver/Src/stm32h7xx_hal_rcc_ex.o
                0x0000000008001d74                HAL_RCCEx_PeriphCLKConfig
 .text.RCCEx_PLL2_Config
                0x00000000080030b4      0x164 ./Drivers/STM32H7xx_HAL_Driver/Src/stm32h7xx_hal_rcc_ex.o
 .text.RCCEx_PLL3_Config
                0x0000000008003218      0x164 ./Drivers/STM32H7xx_HAL_Driver/Src/stm32h7xx_hal_rcc_ex.o
 .text.HAL_SPI_Init
                0x000000000800337c      0x248 ./Drivers/STM32H7xx_HAL_Driver/Src/stm32h7xx_hal_spi.o
                0x000000000800337c                HAL_SPI_Init
 .text.SPI_GetPacketSize
                0x00000000080035c4       0x36 ./Drivers/STM32H7xx_HAL_Driver/Src/stm32h7xx_hal_spi.o
 *fill*         0x00000000080035fa        0x2 
 .text.__libc_init_array
                0x00000000080035fc       0x48 /app/stm32cubeide/plugins/com.st.stm32cube.ide.mcu.externaltools.gnu-tools-for-stm32.10.3-2021.10.linux64_1.0.200.202301161003/tools/bin/../lib/gcc/arm-none-eabi/10.3.1/../../../../arm-none-eabi/lib/thumb/v7e-m+dp/hard/libc_nano.a(lib_a-init.o)
                0x00000000080035fc                __libc_init_array
 .text.memset   0x0000000008003644       0x10 /app/stm32cubeide/plugins/com.st.stm32cube.ide.mcu.externaltools.gnu-tools-for-stm32.10.3-2021.10.linux64_1.0.200.202301161003/tools/bin/../lib/gcc/arm-none-eabi/10.3.1/../../../../arm-none-eabi/lib/thumb/v7e-m+dp/hard/libc_nano.a(lib_a-memset.o)
                0x0000000008003644                memset
 *(.glue_7)
 .glue_7        0x0000000008003654        0x0 linker stubs
 *(.glue_7t)
 .glue_7t       0x0000000008003654        0x0 linker stubs
 *(.eh_frame)
 .eh_frame      0x0000000008003654        0x0 /app/stm32cubeide/plugins/com.st.stm32cube.ide.mcu.externaltools.gnu-tools-for-stm32.10.3-2021.10.linux64_1.0.200.202301161003/tools/bin/../lib/gcc/arm-none-eabi/10.3.1/thumb/v7e-m+dp/hard/crtbegin.o
 *(.init)
 .init          0x0000000008003654        0x4 /app/stm32cubeide/plugins/com.st.stm32cube.ide.mcu.externaltools.gnu-tools-for-stm32.10.3-2021.10.linux64_1.0.200.202301161003/tools/bin/../lib/gcc/arm-none-eabi/10.3.1/thumb/v7e-m+dp/hard/crti.o
                0x0000000008003654                _init
 .init          0x0000000008003658        0x8 /app/stm32cubeide/plugins/com.st.stm32cube.ide.mcu.externaltools.gnu-tools-for-stm32.10.3-2021.10.linux64_1.0.200.202301161003/tools/bin/../lib/gcc/arm-none-eabi/10.3.1/thumb/v7e-m+dp/hard/crtn.o
 *(.fini)
 .fini          0x0000000008003660        0x4 /app/stm32cubeide/plugins/com.st.stm32cube.ide.mcu.externaltools.gnu-tools-for-stm32.10.3-2021.10.linux64_1.0.200.202301161003/tools/bin/../lib/gcc/arm-none-eabi/10.3.1/thumb/v7e-m+dp/hard/crti.o
                0x0000000008003660                _fini
 .fini          0x0000000008003664        0x8 /app/stm32cubeide/plugins/com.st.stm32cube.ide.mcu.externaltools.gnu-tools-for-stm32.10.3-2021.10.linux64_1.0.200.202301161003/tools/bin/../lib/gcc/arm-none-eabi/10.3.1/thumb/v7e-m+dp/hard/crtn.o
                0x000000000800366c                . = ALIGN (0x4)
                0x000000000800366c                _etext = .

.vfp11_veneer   0x000000000800366c        0x0
 .vfp11_veneer  0x000000000800366c        0x0 linker stubs

.v4_bx          0x000000000800366c        0x0
 .v4_bx         0x000000000800366c        0x0 linker stubs

.iplt           0x000000000800366c        0x0
 .iplt          0x000000000800366c        0x0 /app/stm32cubeide/plugins/com.st.stm32cube.ide.mcu.externaltools.gnu-tools-for-stm32.10.3-2021.10.linux64_1.0.200.202301161003/tools/bin/../lib/gcc/arm-none-eabi/10.3.1/thumb/v7e-m+dp/hard/crtbegin.o

.rodata         0x000000000800366c       0x10
                0x000000000800366c                . = ALIGN (0x4)
 *(.rodata)
 *(.rodata*)
 .rodata.D1CorePrescTable
                0x000000000800366c       0x10 ./Core/Src/system_stm32h7xx.o
                0x000000000800366c                D1CorePrescTable
                0x000000000800367c                . = ALIGN (0x4)

.rel.dyn        0x000000000800367c        0x0
 .rel.iplt      0x000000000800367c        0x0 /app/stm32cubeide/plugins/com.st.stm32cube.ide.mcu.externaltools.gnu-tools-for-stm32.10.3-2021.10.linux64_1.0.200.202301161003/tools/bin/../lib/gcc/arm-none-eabi/10.3.1/thumb/v7e-m+dp/hard/crtbegin.o

.ARM.extab
 *(.ARM.extab* .gnu.linkonce.armextab.*)

.ARM            0x000000000800367c        0x0
                0x000000000800367c                __exidx_start = .
 *(.ARM.exidx*)
                0x000000000800367c                __exidx_end = .

.preinit_array  0x000000000800367c        0x0
                0x000000000800367c                PROVIDE (__preinit_array_start = .)
 *(.preinit_array*)
                0x000000000800367c                PROVIDE (__preinit_array_end = .)

.init_array     0x000000000800367c        0x4
                0x000000000800367c                PROVIDE (__init_array_start = .)
 *(SORT_BY_NAME(.init_array.*))
 *(.init_array*)
 .init_array    0x000000000800367c        0x4 /app/stm32cubeide/plugins/com.st.stm32cube.ide.mcu.externaltools.gnu-tools-for-stm32.10.3-2021.10.linux64_1.0.200.202301161003/tools/bin/../lib/gcc/arm-none-eabi/10.3.1/thumb/v7e-m+dp/hard/crtbegin.o
                0x0000000008003680                PROVIDE (__init_array_end = .)

.fini_array     0x0000000008003680        0x4
                [!provide]                        PROVIDE (__fini_array_start = .)
 *(SORT_BY_NAME(.fini_array.*))
 *(.fini_array*)
 .fini_array    0x0000000008003680        0x4 /app/stm32cubeide/plugins/com.st.stm32cube.ide.mcu.externaltools.gnu-tools-for-stm32.10.3-2021.10.linux64_1.0.200.202301161003/tools/bin/../lib/gcc/arm-none-eabi/10.3.1/thumb/v7e-m+dp/hard/crtbegin.o
                [!provide]                        PROVIDE (__fini_array_end = .)
                0x0000000008003684                _sidata = LOADADDR (.data)

.data           0x0000000024000000       0x10 load address 0x0000000008003684
                0x0000000024000000                . = ALIGN (0x4)
                0x0000000024000000                _sdata = .
 *(.data)
 *(.data*)
 .data.SystemCoreClock
                0x0000000024000000        0x4 ./Core/Src/system_stm32h7xx.o
                0x0000000024000000                SystemCoreClock
 .data.SystemD2Clock
                0x0000000024000004        0x4 ./Core/Src/system_stm32h7xx.o
                0x0000000024000004                SystemD2Clock
 .data.uwTickPrio
                0x0000000024000008        0x4 ./Drivers/STM32H7xx_HAL_Driver/Src/stm32h7xx_hal.o
                0x0000000024000008                uwTickPrio
 .data.uwTickFreq
                0x000000002400000c        0x1 ./Drivers/STM32H7xx_HAL_Driver/Src/stm32h7xx_hal.o
                0x000000002400000c                uwTickFreq
 *(.RamFunc)
 *(.RamFunc*)
                0x0000000024000010                . = ALIGN (0x4)
 *fill*         0x000000002400000d        0x3 
                0x0000000024000010                _edata = .

.igot.plt       0x0000000024000010        0x0 load address 0x0000000008003694
 .igot.plt      0x0000000024000010        0x0 /app/stm32cubeide/plugins/com.st.stm32cube.ide.mcu.externaltools.gnu-tools-for-stm32.10.3-2021.10.linux64_1.0.200.202301161003/tools/bin/../lib/gcc/arm-none-eabi/10.3.1/thumb/v7e-m+dp/hard/crtbegin.o
                0x0000000024000010                . = ALIGN (0x4)

.bss            0x0000000024000010       0xa8 load address 0x0000000008003694
                0x0000000024000010                _sbss = .
                0x0000000024000010                __bss_start__ = _sbss
 *(.bss)
 .bss           0x0000000024000010       0x1c /app/stm32cubeide/plugins/com.st.stm32cube.ide.mcu.externaltools.gnu-tools-for-stm32.10.3-2021.10.linux64_1.0.200.202301161003/tools/bin/../lib/gcc/arm-none-eabi/10.3.1/thumb/v7e-m+dp/hard/crtbegin.o
 *(.bss*)
 .bss.hspi2     0x000000002400002c       0x88 ./Core/Src/main.o
                0x000000002400002c                hspi2
 .bss.uwTick    0x00000000240000b4        0x4 ./Drivers/STM32H7xx_HAL_Driver/Src/stm32h7xx_hal.o
                0x00000000240000b4                uwTick
 *(COMMON)
                0x00000000240000b8                . = ALIGN (0x4)
                0x00000000240000b8                _ebss = .
                0x00000000240000b8                __bss_end__ = _ebss

._user_heap_stack
                0x00000000240000b8      0x600 load address 0x0000000008003694
                0x00000000240000b8                . = ALIGN (0x8)
                [!provide]                        PROVIDE (end = .)
                0x00000000240000b8                PROVIDE (_end = .)
                0x00000000240002b8                . = (. + _Min_Heap_Size)
 *fill*         0x00000000240000b8      0x200 
                0x00000000240006b8                . = (. + _Min_Stack_Size)
 *fill*         0x00000000240002b8      0x400 
                0x00000000240006b8                . = ALIGN (0x8)

/DISCARD/
 libc.a(*)
 libm.a(*)
 libgcc.a(*)

.ARM.attributes
                0x0000000000000000       0x2e
 *(.ARM.attributes)
 .ARM.attributes
                0x0000000000000000       0x1e /app/stm32cubeide/plugins/com.st.stm32cube.ide.mcu.externaltools.gnu-tools-for-stm32.10.3-2021.10.linux64_1.0.200.202301161003/tools/bin/../lib/gcc/arm-none-eabi/10.3.1/thumb/v7e-m+dp/hard/crti.o
 .ARM.attributes
                0x000000000000001e       0x32 /app/stm32cubeide/plugins/com.st.stm32cube.ide.mcu.externaltools.gnu-tools-for-stm32.10.3-2021.10.linux64_1.0.200.202301161003/tools/bin/../lib/gcc/arm-none-eabi/10.3.1/thumb/v7e-m+dp/hard/crtbegin.o
 .ARM.attributes
                0x0000000000000050       0x32 ./Core/Src/main.o
 .ARM.attributes
                0x0000000000000082       0x32 ./Core/Src/stm32h7xx_hal_msp.o
 .ARM.attributes
                0x00000000000000b4       0x32 ./Core/Src/stm32h7xx_it.o
 .ARM.attributes
                0x00000000000000e6       0x32 ./Core/Src/system_stm32h7xx.o
 .ARM.attributes
                0x0000000000000118       0x21 ./Core/Startup/startup_stm32h723vetx.o
 .ARM.attributes
                0x0000000000000139       0x32 ./Drivers/STM32H7xx_HAL_Driver/Src/stm32h7xx_hal.o
 .ARM.attributes
                0x000000000000016b       0x32 ./Drivers/STM32H7xx_HAL_Driver/Src/stm32h7xx_hal_cortex.o
 .ARM.attributes
                0x000000000000019d       0x32 ./Drivers/STM32H7xx_HAL_Driver/Src/stm32h7xx_hal_gpio.o
 .ARM.attributes
                0x00000000000001cf       0x32 ./Drivers/STM32H7xx_HAL_Driver/Src/stm32h7xx_hal_pwr_ex.o
 .ARM.attributes
                0x0000000000000201       0x32 ./Drivers/STM32H7xx_HAL_Driver/Src/stm32h7xx_hal_rcc.o
 .ARM.attributes
                0x0000000000000233       0x32 ./Drivers/STM32H7xx_HAL_Driver/Src/stm32h7xx_hal_rcc_ex.o
 .ARM.attributes
                0x0000000000000265       0x32 ./Drivers/STM32H7xx_HAL_Driver/Src/stm32h7xx_hal_spi.o
 .ARM.attributes
                0x0000000000000297       0x32 /app/stm32cubeide/plugins/com.st.stm32cube.ide.mcu.externaltools.gnu-tools-for-stm32.10.3-2021.10.linux64_1.0.200.202301161003/tools/bin/../lib/gcc/arm-none-eabi/10.3.1/../../../../arm-none-eabi/lib/thumb/v7e-m+dp/hard/libc_nano.a(lib_a-init.o)
 .ARM.attributes
                0x00000000000002c9       0x32 /app/stm32cubeide/plugins/com.st.stm32cube.ide.mcu.externaltools.gnu-tools-for-stm32.10.3-2021.10.linux64_1.0.200.202301161003/tools/bin/../lib/gcc/arm-none-eabi/10.3.1/../../../../arm-none-eabi/lib/thumb/v7e-m+dp/hard/libc_nano.a(lib_a-memset.o)
 .ARM.attributes
                0x00000000000002fb       0x1e /app/stm32cubeide/plugins/com.st.stm32cube.ide.mcu.externaltools.gnu-tools-for-stm32.10.3-2021.10.linux64_1.0.200.202301161003/tools/bin/../lib/gcc/arm-none-eabi/10.3.1/thumb/v7e-m+dp/hard/crtn.o
OUTPUT(dash2.elf elf32-littlearm)
LOAD linker stubs
LOAD /app/stm32cubeide/plugins/com.st.stm32cube.ide.mcu.externaltools.gnu-tools-for-stm32.10.3-2021.10.linux64_1.0.200.202301161003/tools/bin/../lib/gcc/arm-none-eabi/10.3.1/../../../../arm-none-eabi/lib/thumb/v7e-m+dp/hard/libc.a
LOAD /app/stm32cubeide/plugins/com.st.stm32cube.ide.mcu.externaltools.gnu-tools-for-stm32.10.3-2021.10.linux64_1.0.200.202301161003/tools/bin/../lib/gcc/arm-none-eabi/10.3.1/../../../../arm-none-eabi/lib/thumb/v7e-m+dp/hard/libm.a
LOAD /app/stm32cubeide/plugins/com.st.stm32cube.ide.mcu.externaltools.gnu-tools-for-stm32.10.3-2021.10.linux64_1.0.200.202301161003/tools/bin/../lib/gcc/arm-none-eabi/10.3.1/thumb/v7e-m+dp/hard/libgcc.a

.debug_info     0x0000000000000000     0xa974
 .debug_info    0x0000000000000000     0x1126 ./Core/Src/main.o
 .debug_info    0x0000000000001126     0x10ad ./Core/Src/stm32h7xx_hal_msp.o
 .debug_info    0x00000000000021d3      0x137 ./Core/Src/stm32h7xx_it.o
 .debug_info    0x000000000000230a      0xb45 ./Core/Src/system_stm32h7xx.o
 .debug_info    0x0000000000002e4f       0x22 ./Core/Startup/startup_stm32h723vetx.o
 .debug_info    0x0000000000002e71     0x1746 ./Drivers/STM32H7xx_HAL_Driver/Src/stm32h7xx_hal.o
 .debug_info    0x00000000000045b7     0x11b1 ./Drivers/STM32H7xx_HAL_Driver/Src/stm32h7xx_hal_cortex.o
 .debug_info    0x0000000000005768      0xd37 ./Drivers/STM32H7xx_HAL_Driver/Src/stm32h7xx_hal_gpio.o
 .debug_info    0x000000000000649f      0xe71 ./Drivers/STM32H7xx_HAL_Driver/Src/stm32h7xx_hal_pwr_ex.o
 .debug_info    0x0000000000007310      0xe4a ./Drivers/STM32H7xx_HAL_Driver/Src/stm32h7xx_hal_rcc.o
 .debug_info    0x000000000000815a     0x12be ./Drivers/STM32H7xx_HAL_Driver/Src/stm32h7xx_hal_rcc_ex.o
 .debug_info    0x0000000000009418     0x155c ./Drivers/STM32H7xx_HAL_Driver/Src/stm32h7xx_hal_spi.o

.debug_abbrev   0x0000000000000000     0x17f0
 .debug_abbrev  0x0000000000000000      0x270 ./Core/Src/main.o
 .debug_abbrev  0x0000000000000270      0x1fa ./Core/Src/stm32h7xx_hal_msp.o
 .debug_abbrev  0x000000000000046a       0x74 ./Core/Src/stm32h7xx_it.o
 .debug_abbrev  0x00000000000004de      0x136 ./Core/Src/system_stm32h7xx.o
 .debug_abbrev  0x0000000000000614       0x12 ./Core/Startup/startup_stm32h723vetx.o
 .debug_abbrev  0x0000000000000626      0x292 ./Drivers/STM32H7xx_HAL_Driver/Src/stm32h7xx_hal.o
 .debug_abbrev  0x00000000000008b8      0x329 ./Drivers/STM32H7xx_HAL_Driver/Src/stm32h7xx_hal_cortex.o
 .debug_abbrev  0x0000000000000be1      0x1ec ./Drivers/STM32H7xx_HAL_Driver/Src/stm32h7xx_hal_gpio.o
 .debug_abbrev  0x0000000000000dcd      0x27e ./Drivers/STM32H7xx_HAL_Driver/Src/stm32h7xx_hal_pwr_ex.o
 .debug_abbrev  0x000000000000104b      0x2a7 ./Drivers/STM32H7xx_HAL_Driver/Src/stm32h7xx_hal_rcc.o
 .debug_abbrev  0x00000000000012f2      0x25c ./Drivers/STM32H7xx_HAL_Driver/Src/stm32h7xx_hal_rcc_ex.o
 .debug_abbrev  0x000000000000154e      0x2a2 ./Drivers/STM32H7xx_HAL_Driver/Src/stm32h7xx_hal_spi.o

.debug_aranges  0x0000000000000000      0x8e0
 .debug_aranges
                0x0000000000000000       0x40 ./Core/Src/main.o
 .debug_aranges
                0x0000000000000040       0x30 ./Core/Src/stm32h7xx_hal_msp.o
 .debug_aranges
                0x0000000000000070       0x60 ./Core/Src/stm32h7xx_it.o
 .debug_aranges
                0x00000000000000d0       0x28 ./Core/Src/system_stm32h7xx.o
 .debug_aranges
                0x00000000000000f8       0x28 ./Core/Startup/startup_stm32h723vetx.o
 .debug_aranges
                0x0000000000000120      0x1c8 ./Drivers/STM32H7xx_HAL_Driver/Src/stm32h7xx_hal.o
 .debug_aranges
                0x00000000000002e8      0x130 ./Drivers/STM32H7xx_HAL_Driver/Src/stm32h7xx_hal_cortex.o
 .debug_aranges
                0x0000000000000418       0x58 ./Drivers/STM32H7xx_HAL_Driver/Src/stm32h7xx_hal_gpio.o
 .debug_aranges
                0x0000000000000470      0x148 ./Drivers/STM32H7xx_HAL_Driver/Src/stm32h7xx_hal_pwr_ex.o
 .debug_aranges
                0x00000000000005b8       0x88 ./Drivers/STM32H7xx_HAL_Driver/Src/stm32h7xx_hal_rcc.o
 .debug_aranges
                0x0000000000000640       0xf8 ./Drivers/STM32H7xx_HAL_Driver/Src/stm32h7xx_hal_rcc_ex.o
 .debug_aranges
                0x0000000000000738      0x1a8 ./Drivers/STM32H7xx_HAL_Driver/Src/stm32h7xx_hal_spi.o

.debug_ranges   0x0000000000000000      0x828
 .debug_ranges  0x0000000000000000       0x30 ./Core/Src/main.o
 .debug_ranges  0x0000000000000030       0x20 ./Core/Src/stm32h7xx_hal_msp.o
 .debug_ranges  0x0000000000000050       0x50 ./Core/Src/stm32h7xx_it.o
 .debug_ranges  0x00000000000000a0       0x18 ./Core/Src/system_stm32h7xx.o
 .debug_ranges  0x00000000000000b8       0x20 ./Core/Startup/startup_stm32h723vetx.o
 .debug_ranges  0x00000000000000d8      0x1b8 ./Drivers/STM32H7xx_HAL_Driver/Src/stm32h7xx_hal.o
 .debug_ranges  0x0000000000000290      0x120 ./Drivers/STM32H7xx_HAL_Driver/Src/stm32h7xx_hal_cortex.o
 .debug_ranges  0x00000000000003b0       0x48 ./Drivers/STM32H7xx_HAL_Driver/Src/stm32h7xx_hal_gpio.o
 .debug_ranges  0x00000000000003f8      0x138 ./Drivers/STM32H7xx_HAL_Driver/Src/stm32h7xx_hal_pwr_ex.o
 .debug_ranges  0x0000000000000530       0x78 ./Drivers/STM32H7xx_HAL_Driver/Src/stm32h7xx_hal_rcc.o
 .debug_ranges  0x00000000000005a8       0xe8 ./Drivers/STM32H7xx_HAL_Driver/Src/stm32h7xx_hal_rcc_ex.o
 .debug_ranges  0x0000000000000690      0x198 ./Drivers/STM32H7xx_HAL_Driver/Src/stm32h7xx_hal_spi.o

.debug_macro    0x0000000000000000    0x30be8
 .debug_macro   0x0000000000000000      0x2a9 ./Core/Src/main.o
 .debug_macro   0x00000000000002a9      0xa90 ./Core/Src/main.o
 .debug_macro   0x0000000000000d39      0x232 ./Core/Src/main.o
 .debug_macro   0x0000000000000f6b       0x2e ./Core/Src/main.o
 .debug_macro   0x0000000000000f99       0x3b ./Core/Src/main.o
 .debug_macro   0x0000000000000fd4       0x22 ./Core/Src/main.o
 .debug_macro   0x0000000000000ff6       0x8e ./Core/Src/main.o
 .debug_macro   0x0000000000001084       0x51 ./Core/Src/main.o
 .debug_macro   0x00000000000010d5      0x103 ./Core/Src/main.o
 .debug_macro   0x00000000000011d8       0x6a ./Core/Src/main.o
 .debug_macro   0x0000000000001242      0x1df ./Core/Src/main.o
 .debug_macro   0x0000000000001421       0x1c ./Core/Src/main.o
 .debug_macro   0x000000000000143d       0x22 ./Core/Src/main.o
 .debug_macro   0x000000000000145f       0xfb ./Core/Src/main.o
 .debug_macro   0x000000000000155a     0x1305 ./Core/Src/main.o
 .debug_macro   0x000000000000285f      0x11f ./Core/Src/main.o
 .debug_macro   0x000000000000297e       0x27 ./Core/Src/main.o
 .debug_macro   0x00000000000029a5    0x2127f ./Core/Src/main.o
 .debug_macro   0x0000000000023c24       0x6d ./Core/Src/main.o
 .debug_macro   0x0000000000023c91     0x3d64 ./Core/Src/main.o
 .debug_macro   0x00000000000279f5      0x174 ./Core/Src/main.o
 .debug_macro   0x0000000000027b69       0x52 ./Core/Src/main.o
 .debug_macro   0x0000000000027bbb       0x1d ./Core/Src/main.o
 .debug_macro   0x0000000000027bd8       0x3c ./Core/Src/main.o
 .debug_macro   0x0000000000027c14       0x34 ./Core/Src/main.o
 .debug_macro   0x0000000000027c48       0x16 ./Core/Src/main.o
 .debug_macro   0x0000000000027c5e       0x43 ./Core/Src/main.o
 .debug_macro   0x0000000000027ca1       0x34 ./Core/Src/main.o
 .debug_macro   0x0000000000027cd5       0x10 ./Core/Src/main.o
 .debug_macro   0x0000000000027ce5       0x58 ./Core/Src/main.o
 .debug_macro   0x0000000000027d3d       0x71 ./Core/Src/main.o
 .debug_macro   0x0000000000027dae       0x1c ./Core/Src/main.o
 .debug_macro   0x0000000000027dca      0x12a ./Core/Src/main.o
 .debug_macro   0x0000000000027ef4      0x341 ./Core/Src/main.o
 .debug_macro   0x0000000000028235      0x19b ./Core/Src/main.o
 .debug_macro   0x00000000000283d0       0x5d ./Core/Src/main.o
 .debug_macro   0x000000000002842d     0x2462 ./Core/Src/main.o
 .debug_macro   0x000000000002a88f     0x1079 ./Core/Src/main.o
 .debug_macro   0x000000000002b908      0x154 ./Core/Src/main.o
 .debug_macro   0x000000000002ba5c      0x114 ./Core/Src/main.o
 .debug_macro   0x000000000002bb70      0x3fc ./Core/Src/main.o
 .debug_macro   0x000000000002bf6c       0xac ./Core/Src/main.o
 .debug_macro   0x000000000002c018      0x788 ./Core/Src/main.o
 .debug_macro   0x000000000002c7a0      0x228 ./Core/Src/main.o
 .debug_macro   0x000000000002c9c8       0x66 ./Core/Src/main.o
 .debug_macro   0x000000000002ca2e      0x3a6 ./Core/Src/main.o
 .debug_macro   0x000000000002cdd4      0x3f9 ./Core/Src/main.o
 .debug_macro   0x000000000002d1cd      0x275 ./Core/Src/main.o
 .debug_macro   0x000000000002d442      0x3ca ./Core/Src/main.o
 .debug_macro   0x000000000002d80c      0x45c ./Core/Src/main.o
 .debug_macro   0x000000000002dc68       0x3c ./Core/Src/main.o
 .debug_macro   0x000000000002dca4       0x4a ./Core/Src/main.o
 .debug_macro   0x000000000002dcee      0x22c ./Core/Src/main.o
 .debug_macro   0x000000000002df1a       0x67 ./Core/Src/main.o
 .debug_macro   0x000000000002df81       0xa5 ./Core/Src/main.o
 .debug_macro   0x000000000002e026      0x1c4 ./Core/Src/main.o
 .debug_macro   0x000000000002e1ea      0x22a ./Core/Src/main.o
 .debug_macro   0x000000000002e414       0x35 ./Core/Src/main.o
 .debug_macro   0x000000000002e449      0x5e4 ./Core/Src/main.o
 .debug_macro   0x000000000002ea2d       0xc1 ./Core/Src/main.o
 .debug_macro   0x000000000002eaee      0x5e6 ./Core/Src/main.o
 .debug_macro   0x000000000002f0d4       0x34 ./Core/Src/main.o
 .debug_macro   0x000000000002f108      0x2a9 ./Core/Src/stm32h7xx_hal_msp.o
 .debug_macro   0x000000000002f3b1      0x2b3 ./Core/Src/stm32h7xx_it.o
 .debug_macro   0x000000000002f664      0x29a ./Core/Src/system_stm32h7xx.o
 .debug_macro   0x000000000002f8fe      0x2c4 ./Drivers/STM32H7xx_HAL_Driver/Src/stm32h7xx_hal.o
 .debug_macro   0x000000000002fbc2      0x29a ./Drivers/STM32H7xx_HAL_Driver/Src/stm32h7xx_hal_cortex.o
 .debug_macro   0x000000000002fe5c      0x2a1 ./Drivers/STM32H7xx_HAL_Driver/Src/stm32h7xx_hal_gpio.o
 .debug_macro   0x00000000000300fd      0x2d3 ./Drivers/STM32H7xx_HAL_Driver/Src/stm32h7xx_hal_pwr_ex.o
 .debug_macro   0x00000000000303d0      0x2be ./Drivers/STM32H7xx_HAL_Driver/Src/stm32h7xx_hal_rcc.o
 .debug_macro   0x000000000003068e      0x2b8 ./Drivers/STM32H7xx_HAL_Driver/Src/stm32h7xx_hal_rcc_ex.o
 .debug_macro   0x0000000000030946      0x2a2 ./Drivers/STM32H7xx_HAL_Driver/Src/stm32h7xx_hal_spi.o

.debug_line     0x0000000000000000     0xa91a
 .debug_line    0x0000000000000000      0x901 ./Core/Src/main.o
 .debug_line    0x0000000000000901      0x821 ./Core/Src/stm32h7xx_hal_msp.o
 .debug_line    0x0000000000001122      0x886 ./Core/Src/stm32h7xx_it.o
 .debug_line    0x00000000000019a8      0x968 ./Core/Src/system_stm32h7xx.o
 .debug_line    0x0000000000002310       0x88 ./Core/Startup/startup_stm32h723vetx.o
 .debug_line    0x0000000000002398      0xe02 ./Drivers/STM32H7xx_HAL_Driver/Src/stm32h7xx_hal.o
 .debug_line    0x000000000000319a      0xda5 ./Drivers/STM32H7xx_HAL_Driver/Src/stm32h7xx_hal_cortex.o
 .debug_line    0x0000000000003f3f      0xc20 ./Drivers/STM32H7xx_HAL_Driver/Src/stm32h7xx_hal_gpio.o
 .debug_line    0x0000000000004b5f      0xdf2 ./Drivers/STM32H7xx_HAL_Driver/Src/stm32h7xx_hal_pwr_ex.o
 .debug_line    0x0000000000005951     0x1298 ./Drivers/STM32H7xx_HAL_Driver/Src/stm32h7xx_hal_rcc.o
 .debug_line    0x0000000000006be9     0x1b2e ./Drivers/STM32H7xx_HAL_Driver/Src/stm32h7xx_hal_rcc_ex.o
 .debug_line    0x0000000000008717     0x2203 ./Drivers/STM32H7xx_HAL_Driver/Src/stm32h7xx_hal_spi.o

.debug_str      0x0000000000000000   0x13b381
 .debug_str     0x0000000000000000   0x1382e5 ./Core/Src/main.o
                                     0x13879d (size before relaxing)
 .debug_str     0x00000000001382e5      0x35a ./Core/Src/stm32h7xx_hal_msp.o
                                     0x1388a6 (size before relaxing)
 .debug_str     0x000000000013863f       0xc9 ./Core/Src/stm32h7xx_it.o
                                     0x137ccf (size before relaxing)
 .debug_str     0x0000000000138708      0x2ae ./Core/Src/system_stm32h7xx.o
                                     0x13803f (size before relaxing)
 .debug_str     0x00000000001389b6       0x36 ./Core/Startup/startup_stm32h723vetx.o
                                         0x6b (size before relaxing)
 .debug_str     0x00000000001389ec     0x111d ./Drivers/STM32H7xx_HAL_Driver/Src/stm32h7xx_hal.o
                                     0x1390c9 (size before relaxing)
 .debug_str     0x0000000000139b09      0x38b ./Drivers/STM32H7xx_HAL_Driver/Src/stm32h7xx_hal_cortex.o
                                     0x1389e3 (size before relaxing)
 .debug_str     0x0000000000139e94       0xf1 ./Drivers/STM32H7xx_HAL_Driver/Src/stm32h7xx_hal_gpio.o
                                     0x13808a (size before relaxing)
 .debug_str     0x0000000000139f85      0x5ee ./Drivers/STM32H7xx_HAL_Driver/Src/stm32h7xx_hal_pwr_ex.o
                                     0x138492 (size before relaxing)
 .debug_str     0x000000000013a573      0x22e ./Drivers/STM32H7xx_HAL_Driver/Src/stm32h7xx_hal_rcc.o
                                     0x13840d (size before relaxing)
 .debug_str     0x000000000013a7a1      0x64b ./Drivers/STM32H7xx_HAL_Driver/Src/stm32h7xx_hal_rcc_ex.o
                                     0x138925 (size before relaxing)
 .debug_str     0x000000000013adec      0x595 ./Drivers/STM32H7xx_HAL_Driver/Src/stm32h7xx_hal_spi.o
                                     0x138790 (size before relaxing)

.comment        0x0000000000000000       0x50
 .comment       0x0000000000000000       0x50 ./Core/Src/main.o
                                         0x51 (size before relaxing)
 .comment       0x0000000000000050       0x51 ./Core/Src/stm32h7xx_hal_msp.o
 .comment       0x0000000000000050       0x51 ./Core/Src/stm32h7xx_it.o
 .comment       0x0000000000000050       0x51 ./Core/Src/system_stm32h7xx.o
 .comment       0x0000000000000050       0x51 ./Drivers/STM32H7xx_HAL_Driver/Src/stm32h7xx_hal.o
 .comment       0x0000000000000050       0x51 ./Drivers/STM32H7xx_HAL_Driver/Src/stm32h7xx_hal_cortex.o
 .comment       0x0000000000000050       0x51 ./Drivers/STM32H7xx_HAL_Driver/Src/stm32h7xx_hal_gpio.o
 .comment       0x0000000000000050       0x51 ./Drivers/STM32H7xx_HAL_Driver/Src/stm32h7xx_hal_pwr_ex.o
 .comment       0x0000000000000050       0x51 ./Drivers/STM32H7xx_HAL_Driver/Src/stm32h7xx_hal_rcc.o
 .comment       0x0000000000000050       0x51 ./Drivers/STM32H7xx_HAL_Driver/Src/stm32h7xx_hal_rcc_ex.o
 .comment       0x0000000000000050       0x51 ./Drivers/STM32H7xx_HAL_Driver/Src/stm32h7xx_hal_spi.o

.debug_frame    0x0000000000000000     0x2380
 .debug_frame   0x0000000000000000       0xa8 ./Core/Src/main.o
 .debug_frame   0x00000000000000a8       0x84 ./Core/Src/stm32h7xx_hal_msp.o
 .debug_frame   0x000000000000012c      0x104 ./Core/Src/stm32h7xx_it.o
 .debug_frame   0x0000000000000230       0x58 ./Core/Src/system_stm32h7xx.o
 .debug_frame   0x0000000000000288      0x760 ./Drivers/STM32H7xx_HAL_Driver/Src/stm32h7xx_hal.o
 .debug_frame   0x00000000000009e8      0x508 ./Drivers/STM32H7xx_HAL_Driver/Src/stm32h7xx_hal_cortex.o
 .debug_frame   0x0000000000000ef0      0x14c ./Drivers/STM32H7xx_HAL_Driver/Src/stm32h7xx_hal_gpio.o
 .debug_frame   0x000000000000103c      0x540 ./Drivers/STM32H7xx_HAL_Driver/Src/stm32h7xx_hal_pwr_ex.o
 .debug_frame   0x000000000000157c      0x1fc ./Drivers/STM32H7xx_HAL_Driver/Src/stm32h7xx_hal_rcc.o
 .debug_frame   0x0000000000001778      0x414 ./Drivers/STM32H7xx_HAL_Driver/Src/stm32h7xx_hal_rcc_ex.o
 .debug_frame   0x0000000000001b8c      0x7a8 ./Drivers/STM32H7xx_HAL_Driver/Src/stm32h7xx_hal_spi.o
 .debug_frame   0x0000000000002334       0x2c /app/stm32cubeide/plugins/com.st.stm32cube.ide.mcu.externaltools.gnu-tools-for-stm32.10.3-2021.10.linux64_1.0.200.202301161003/tools/bin/../lib/gcc/arm-none-eabi/10.3.1/../../../../arm-none-eabi/lib/thumb/v7e-m+dp/hard/libc_nano.a(lib_a-init.o)
 .debug_frame   0x0000000000002360       0x20 /app/stm32cubeide/plugins/com.st.stm32cube.ide.mcu.externaltools.gnu-tools-for-stm32.10.3-2021.10.linux64_1.0.200.202301161003/tools/bin/../lib/gcc/arm-none-eabi/10.3.1/../../../../arm-none-eabi/lib/thumb/v7e-m+dp/hard/libc_nano.a(lib_a-memset.o)
