Archive member included to satisfy reference by file (symbol)

c:/Users/aticl/AppData/Roaming/Code/User/globalStorage/bmd.stm32-for-vscode/@xpack-dev-tools/arm-none-eabi-gcc/14.2.1-1.1.1/.content/bin/../lib/gcc/arm-none-eabi/14.2.1/../../../../arm-none-eabi/lib/thumb/v7e-m+dp/hard\libc_nano.a(libc_a-atexit.o)
                              c:/Users/aticl/AppData/Roaming/Code/User/globalStorage/bmd.stm32-for-vscode/@xpack-dev-tools/arm-none-eabi-gcc/14.2.1-1.1.1/.content/bin/../lib/gcc/arm-none-eabi/14.2.1/../../../../arm-none-eabi/lib/thumb/v7e-m+dp/hard/crt0.o (atexit)
c:/Users/aticl/AppData/Roaming/Code/User/globalStorage/bmd.stm32-for-vscode/@xpack-dev-tools/arm-none-eabi-gcc/14.2.1-1.1.1/.content/bin/../lib/gcc/arm-none-eabi/14.2.1/../../../../arm-none-eabi/lib/thumb/v7e-m+dp/hard\libc_nano.a(libc_a-exit.o)
                              c:/Users/aticl/AppData/Roaming/Code/User/globalStorage/bmd.stm32-for-vscode/@xpack-dev-tools/arm-none-eabi-gcc/14.2.1-1.1.1/.content/bin/../lib/gcc/arm-none-eabi/14.2.1/../../../../arm-none-eabi/lib/thumb/v7e-m+dp/hard/crt0.o (exit)
c:/Users/aticl/AppData/Roaming/Code/User/globalStorage/bmd.stm32-for-vscode/@xpack-dev-tools/arm-none-eabi-gcc/14.2.1-1.1.1/.content/bin/../lib/gcc/arm-none-eabi/14.2.1/../../../../arm-none-eabi/lib/thumb/v7e-m+dp/hard\libc_nano.a(libc_a-findfp.o)
                              c:/Users/aticl/AppData/Roaming/Code/User/globalStorage/bmd.stm32-for-vscode/@xpack-dev-tools/arm-none-eabi-gcc/14.2.1-1.1.1/.content/bin/../lib/gcc/arm-none-eabi/14.2.1/../../../../arm-none-eabi/lib/thumb/v7e-m+dp/hard\libc_nano.a(libc_a-exit.o) (__stdio_exit_handler)
c:/Users/aticl/AppData/Roaming/Code/User/globalStorage/bmd.stm32-for-vscode/@xpack-dev-tools/arm-none-eabi-gcc/14.2.1-1.1.1/.content/bin/../lib/gcc/arm-none-eabi/14.2.1/../../../../arm-none-eabi/lib/thumb/v7e-m+dp/hard\libc_nano.a(libc_a-fwalk.o)
                              c:/Users/aticl/AppData/Roaming/Code/User/globalStorage/bmd.stm32-for-vscode/@xpack-dev-tools/arm-none-eabi-gcc/14.2.1-1.1.1/.content/bin/../lib/gcc/arm-none-eabi/14.2.1/../../../../arm-none-eabi/lib/thumb/v7e-m+dp/hard\libc_nano.a(libc_a-findfp.o) (_fwalk_sglue)
c:/Users/aticl/AppData/Roaming/Code/User/globalStorage/bmd.stm32-for-vscode/@xpack-dev-tools/arm-none-eabi-gcc/14.2.1-1.1.1/.content/bin/../lib/gcc/arm-none-eabi/14.2.1/../../../../arm-none-eabi/lib/thumb/v7e-m+dp/hard\libc_nano.a(libc_a-snprintf.o)
                              build/debug/main.o (snprintf)
c:/Users/aticl/AppData/Roaming/Code/User/globalStorage/bmd.stm32-for-vscode/@xpack-dev-tools/arm-none-eabi-gcc/14.2.1-1.1.1/.content/bin/../lib/gcc/arm-none-eabi/14.2.1/../../../../arm-none-eabi/lib/thumb/v7e-m+dp/hard\libc_nano.a(libc_a-stdio.o)
                              c:/Users/aticl/AppData/Roaming/Code/User/globalStorage/bmd.stm32-for-vscode/@xpack-dev-tools/arm-none-eabi-gcc/14.2.1-1.1.1/.content/bin/../lib/gcc/arm-none-eabi/14.2.1/../../../../arm-none-eabi/lib/thumb/v7e-m+dp/hard\libc_nano.a(libc_a-findfp.o) (__sread)
c:/Users/aticl/AppData/Roaming/Code/User/globalStorage/bmd.stm32-for-vscode/@xpack-dev-tools/arm-none-eabi-gcc/14.2.1-1.1.1/.content/bin/../lib/gcc/arm-none-eabi/14.2.1/../../../../arm-none-eabi/lib/thumb/v7e-m+dp/hard\libc_nano.a(libc_a-memset.o)
                              c:/Users/aticl/AppData/Roaming/Code/User/globalStorage/bmd.stm32-for-vscode/@xpack-dev-tools/arm-none-eabi-gcc/14.2.1-1.1.1/.content/bin/../lib/gcc/arm-none-eabi/14.2.1/../../../../arm-none-eabi/lib/thumb/v7e-m+dp/hard/crt0.o (memset)
c:/Users/aticl/AppData/Roaming/Code/User/globalStorage/bmd.stm32-for-vscode/@xpack-dev-tools/arm-none-eabi-gcc/14.2.1-1.1.1/.content/bin/../lib/gcc/arm-none-eabi/14.2.1/../../../../arm-none-eabi/lib/thumb/v7e-m+dp/hard\libc_nano.a(libc_a-closer.o)
                              c:/Users/aticl/AppData/Roaming/Code/User/globalStorage/bmd.stm32-for-vscode/@xpack-dev-tools/arm-none-eabi-gcc/14.2.1-1.1.1/.content/bin/../lib/gcc/arm-none-eabi/14.2.1/../../../../arm-none-eabi/lib/thumb/v7e-m+dp/hard\libc_nano.a(libc_a-stdio.o) (_close_r)
c:/Users/aticl/AppData/Roaming/Code/User/globalStorage/bmd.stm32-for-vscode/@xpack-dev-tools/arm-none-eabi-gcc/14.2.1-1.1.1/.content/bin/../lib/gcc/arm-none-eabi/14.2.1/../../../../arm-none-eabi/lib/thumb/v7e-m+dp/hard\libc_nano.a(libc_a-reent.o)
                              c:/Users/aticl/AppData/Roaming/Code/User/globalStorage/bmd.stm32-for-vscode/@xpack-dev-tools/arm-none-eabi-gcc/14.2.1-1.1.1/.content/bin/../lib/gcc/arm-none-eabi/14.2.1/../../../../arm-none-eabi/lib/thumb/v7e-m+dp/hard\libc_nano.a(libc_a-closer.o) (errno)
c:/Users/aticl/AppData/Roaming/Code/User/globalStorage/bmd.stm32-for-vscode/@xpack-dev-tools/arm-none-eabi-gcc/14.2.1-1.1.1/.content/bin/../lib/gcc/arm-none-eabi/14.2.1/../../../../arm-none-eabi/lib/thumb/v7e-m+dp/hard\libc_nano.a(libc_a-impure.o)
[...]
Memory Configuration

Name             Origin             Length             Attributes
DTCMRAM          0x20000000         0x00020000         xrw
RAM              0x24000000         0x00080000         xrw
RAM_D2           0x30000000         0x00048000         xrw
RAM_D3           0x38000000         0x00010000         xrw
ITCMRAM          0x00000000         0x00010000         xrw
FLASH            0x08000000         0x00020000         xr
*default*        0x00000000         0xffffffff

Linker script and memory map

LOAD c:/Users/aticl/AppData/Roaming/Code/User/globalStorage/bmd.stm32-for-vscode/@xpack-dev-tools/arm-none-eabi-gcc/14.2.1-1.1.1/.content/bin/../lib/gcc/arm-none-eabi/14.2.1/thumb/v7e-m+dp/hard/crti.o
LOAD c:/Users/aticl/AppData/Roaming/Code/User/globalStorage/bmd.stm32-for-vscode/@xpack-dev-tools/arm-none-eabi-gcc/14.2.1-1.1.1/.content/bin/../lib/gcc/arm-none-eabi/14.2.1/thumb/v7e-m+dp/hard/crtbegin.o
LOAD c:/Users/aticl/AppData/Roaming/Code/User/globalStorage/bmd.stm32-for-vscode/@xpack-dev-tools/arm-none-eabi-gcc/14.2.1-1.1.1/.content/bin/../lib/gcc/arm-none-eabi/14.2.1/../../../../arm-none-eabi/lib/thumb/v7e-m+dp/hard/crt0.o
LOAD build/debug/main.o
LOAD build/debug/stm32h7xx_hal.o
LOAD build/debug/stm32h7xx_hal_cortex.o
LOAD build/debug/stm32h7xx_hal_dma.o
LOAD build/debug/stm32h7xx_hal_dma_ex.o
LOAD build/debug/stm32h7xx_hal_exti.o
LOAD build/debug/stm32h7xx_hal_fdcan.o
LOAD build/debug/stm32h7xx_hal_flash.o
LOAD build/debug/stm32h7xx_hal_flash_ex.o
LOAD build/debug/stm32h7xx_hal_gpio.o
LOAD build/debug/stm32h7xx_hal_hsem.o
LOAD build/debug/stm32h7xx_hal_i2c.o
LOAD build/debug/stm32h7xx_hal_i2c_ex.o
LOAD build/debug/stm32h7xx_hal_mdma.o
LOAD build/debug/stm32h7xx_hal_msp.o
LOAD build/debug/stm32h7xx_hal_pcd.o
LOAD build/debug/stm32h7xx_hal_pcd_ex.o
LOAD build/debug/stm32h7xx_hal_pwr.o
LOAD build/debug/stm32h7xx_hal_pwr_ex.o
LOAD build/debug/stm32h7xx_hal_rcc.o
LOAD build/debug/stm32h7xx_hal_rcc_ex.o
LOAD build/debug/stm32h7xx_hal_tim.o
LOAD build/debug/stm32h7xx_hal_tim_ex.o
LOAD build/debug/stm32h7xx_it.o
LOAD build/debug/stm32h7xx_ll_usb.o
LOAD build/debug/syscalls.o
LOAD build/debug/sysmem.o
LOAD build/debug/system_stm32h7xx.o
LOAD build/debug/usb_device.o
LOAD build/debug/usbd_cdc.o
LOAD build/debug/usbd_cdc_if.o
LOAD build/debug/usbd_conf.o
LOAD build/debug/usbd_core.o
LOAD build/debug/usbd_ctlreq.o
LOAD build/debug/usbd_desc.o
LOAD build/debug/usbd_ioreq.o
LOAD build/debug/startup_stm32h750xx.o
LOAD c:/Users/aticl/AppData/Roaming/Code/User/globalStorage/bmd.stm32-for-vscode/@xpack-dev-tools/arm-none-eabi-gcc/14.2.1-1.1.1/.content/bin/../lib/gcc/arm-none-eabi/14.2.1/../../../../arm-none-eabi/lib/thumb/v7e-m+dp/hard\libc_nano.a
LOAD c:/Users/aticl/AppData/Roaming/Code/User/globalStorage/bmd.stm32-for-vscode/@xpack-dev-tools/arm-none-eabi-gcc/14.2.1-1.1.1/.content/bin/../lib/gcc/arm-none-eabi/14.2.1/../../../../arm-none-eabi/lib/thumb/v7e-m+dp/hard\libm.a
LOAD c:/Users/aticl/AppData/Roaming/Code/User/globalStorage/bmd.stm32-for-vscode/@xpack-dev-tools/arm-none-eabi-gcc/14.2.1-1.1.1/.content/bin/../lib/gcc/arm-none-eabi/14.2.1/../../../../arm-none-eabi/lib/thumb/v7e-m+dp/hard\libnosys.a
START GROUP
LOAD c:/Users/aticl/AppData/Roaming/Code/User/globalStorage/bmd.stm32-for-vscode/@xpack-dev-tools/arm-none-eabi-gcc/14.2.1-1.1.1/.content/bin/../lib/gcc/arm-none-eabi/14.2.1/thumb/v7e-m+dp/hard\libgcc.a
LOAD c:/Users/aticl/AppData/Roaming/Code/User/globalStorage/bmd.stm32-for-vscode/@xpack-dev-tools/arm-none-eabi-gcc/14.2.1-1.1.1/.content/bin/../lib/gcc/arm-none-eabi/14.2.1/../../../../arm-none-eabi/lib/thumb/v7e-m+dp/hard\libc_nano.a
END GROUP
START GROUP
LOAD c:/Users/aticl/AppData/Roaming/Code/User/globalStorage/bmd.stm32-for-vscode/@xpack-dev-tools/arm-none-eabi-gcc/14.2.1-1.1.1/.content/bin/../lib/gcc/arm-none-eabi/14.2.1/thumb/v7e-m+dp/hard\libgcc.a
LOAD c:/Users/aticl/AppData/Roaming/Code/User/globalStorage/bmd.stm32-for-vscode/@xpack-dev-tools/arm-none-eabi-gcc/14.2.1-1.1.1/.content/bin/../lib/gcc/arm-none-eabi/14.2.1/../../../../arm-none-eabi/lib/thumb/v7e-m+dp/hard\libc_nano.a
END GROUP
LOAD c:/Users/aticl/AppData/Roaming/Code/User/globalStorage/bmd.stm32-for-vscode/@xpack-dev-tools/arm-none-eabi-gcc/14.2.1-1.1.1/.content/bin/../lib/gcc/arm-none-eabi/14.2.1/thumb/v7e-m+dp/hard/crtend.o
LOAD c:/Users/aticl/AppData/Roaming/Code/User/globalStorage/bmd.stm32-for-vscode/@xpack-dev-tools/arm-none-eabi-gcc/14.2.1-1.1.1/.content/bin/../lib/gcc/arm-none-eabi/14.2.1/thumb/v7e-m+dp/hard/crtn.o
                0x20020000                        _estack = (ORIGIN (DTCMRAM) + LENGTH (DTCMRAM))
                0x00000200                        _Min_Heap_Size = 0x200
                0x00000400                        _Min_Stack_Size = 0x400

.isr_vector     0x08000000      0x298
                0x08000000                        . = ALIGN (0x4)
 *(.isr_vector)
 .isr_vector    0x08000000      0x298 build/debug/startup_stm32h750xx.o
                0x08000000                g_pfnVectors
                0x08000298                        . = ALIGN (0x4)

.text           0x080002a0     0x72bc
                0x080002a0                        . = ALIGN (0x4)
 *(.text)
 .text          0x080002a0       0x10 c:/Users/aticl/AppData/Roaming/Code/User/globalStorage/bmd.stm32-for-vscode/@xpack-dev-tools/arm-none-eabi-gcc/14.2.1-1.1.1/.content/bin/../lib/gcc/arm-none-eabi/14.2.1/../../../../arm-none-eabi/lib/thumb/v7e-m+dp/hard\libc_nano.a(libc_a-strlen.o)
                0x080002a0                strlen
 .text          0x080002b0       0xa0 c:/Users/aticl/AppData/Roaming/Code/User/globalStorage/bmd.stm32-for-vscode/@xpack-dev-tools/arm-none-eabi-gcc/14.2.1-1.1.1/.content/bin/../lib/gcc/arm-none-eabi/14.2.1/../../../../arm-none-eabi/lib/thumb/v7e-m+dp/hard\libc_nano.a(libc_a-memchr.o)
                0x080002b0                memchr
 *(.text*)
 .text.__do_global_dtors_aux
                0x08000350       0x24 c:/Users/aticl/AppData/Roaming/Code/User/globalStorage/bmd.stm32-for-vscode/@xpack-dev-tools/arm-none-eabi-gcc/14.2.1-1.1.1/.content/bin/../lib/gcc/arm-none-eabi/14.2.1/thumb/v7e-m+dp/hard/crtbegin.o
 .text.frame_dummy
                0x08000374       0x1c c:/Users/aticl/AppData/Roaming/Code/User/globalStorage/bmd.stm32-for-vscode/@xpack-dev-tools/arm-none-eabi-gcc/14.2.1-1.1.1/.content/bin/../lib/gcc/arm-none-eabi/14.2.1/thumb/v7e-m+dp/hard/crtbegin.o
 .text.MX_GPIO_Init
                0x08000390       0x54 build/debug/main.o
 .text.MPU_Config
                0x080003e4       0x52 build/debug/main.o
 *fill*         0x08000436        0x2 
 .text.Error_Handler
                0x08000438       0x34 build/debug/main.o
                0x08000438                Error_Handler
 .text.MX_TIM2_Init
                0x0800046c       0x80 build/debug/main.o
 .text.MX_FDCAN1_Init
                0x080004ec       0xd8 build/debug/main.o
 .text.FDCAN_Config
                0x080005c4       0x64 build/debug/main.o
 .text.SystemClock_Config
                0x08000628       0xbc build/debug/main.o
                0x08000628                SystemClock_Config
 .text.main     0x080006e4       0xf4 build/debug/main.o
                0x080006e4                main
 .text.HAL_FDCAN_RxFifo0Callback
                0x080007d8      0x11c build/debug/main.o
                0x080007d8                HAL_FDCAN_RxFifo0Callback
 .text.HAL_InitTick
                0x080008f4       0x50 build/debug/stm32h7xx_hal.o
                0x080008f4                HAL_InitTick
 .text.HAL_Init
                0x08000944       0x5c build/debug/stm32h7xx_hal.o
                0x08000944                HAL_Init
 .text.HAL_IncTick
                0x080009a0       0x18 build/debug/stm32h7xx_hal.o
                0x080009a0                HAL_IncTick
 .text.HAL_GetTick
                0x080009b8        0xc build/debug/stm32h7xx_hal.o
                0x080009b8                HAL_GetTick
 .text.HAL_Delay
                0x080009c4       0x28 build/debug/stm32h7xx_hal.o
                0x080009c4                HAL_Delay
 .text.HAL_GetREVID
                0x080009ec        0xc build/debug/stm32h7xx_hal.o
                0x080009ec                HAL_GetREVID
 .text.__NVIC_EnableIRQ
                0x080009f8       0x1c build/debug/stm32h7xx_hal_cortex.o
 .text.__NVIC_SetPriority
                0x08000a14       0x24 build/debug/stm32h7xx_hal_cortex.o
 .text.NVIC_EncodePriority
                0x08000a38       0x3e build/debug/stm32h7xx_hal_cortex.o
 *fill*         0x08000a76        0x2 
 .text.HAL_NVIC_SetPriorityGrouping
                0x08000a78       0x24 build/debug/stm32h7xx_hal_cortex.o
                0x08000a78                HAL_NVIC_SetPriorityGrouping
 .text.HAL_NVIC_SetPriority
                0x08000a9c       0x20 build/debug/stm32h7xx_hal_cortex.o
                0x08000a9c                HAL_NVIC_SetPriority
 .text.HAL_NVIC_EnableIRQ
                0x08000abc        0x8 build/debug/stm32h7xx_hal_cortex.o
                0x08000abc                HAL_NVIC_EnableIRQ
 .text.HAL_SYSTICK_Config
                0x08000ac4       0x28 build/debug/stm32h7xx_hal_cortex.o
                0x08000ac4                HAL_SYSTICK_Config
 .text.HAL_MPU_Disable
                0x08000aec       0x1c build/debug/stm32h7xx_hal_cortex.o
                0x08000aec                HAL_MPU_Disable
 .text.HAL_MPU_Enable
                0x08000b08       0x20 build/debug/stm32h7xx_hal_cortex.o
                0x08000b08                HAL_MPU_Enable
 .text.HAL_MPU_ConfigRegion
                0x08000b28       0x58 build/debug/stm32h7xx_hal_cortex.o
                0x08000b28                HAL_MPU_ConfigRegion
 .text.FDCAN_CalcultateRamBlockAddresses
                0x08000b80      0x1d4 build/debug/stm32h7xx_hal_fdcan.o
 .text.FDCAN_CopyMessageToRAM
                0x08000d54       0x8c build/debug/stm32h7xx_hal_fdcan.o
 .text.HAL_FDCAN_Init
                0x08000de0      0x294 build/debug/stm32h7xx_hal_fdcan.o
                0x08000de0                HAL_FDCAN_Init
 .text.HAL_FDCAN_ConfigGlobalFilter
                0x08001074       0x32 build/debug/stm32h7xx_hal_fdcan.o
                0x08001074                HAL_FDCAN_ConfigGlobalFilter
 .text.HAL_FDCAN_Start
                0x080010a6       0x32 build/debug/stm32h7xx_hal_fdcan.o
                0x080010a6                HAL_FDCAN_Start
 .text.HAL_FDCAN_Stop
                0x080010d8       0x96 build/debug/stm32h7xx_hal_fdcan.o
                0x080010d8                HAL_FDCAN_Stop
 .text.HAL_FDCAN_AddMessageToTxFifoQ
                0x0800116e       0x74 build/debug/stm32h7xx_hal_fdcan.o
                0x0800116e                HAL_FDCAN_AddMessageToTxFifoQ
 *fill*         0x080011e2        0x2 
 .text.HAL_FDCAN_GetRxMessage
                0x080011e4      0x1dc build/debug/stm32h7xx_hal_fdcan.o
                0x080011e4                HAL_FDCAN_GetRxMessage
 .text.HAL_FDCAN_GetTxFifoFreeLevel
                0x080013c0        0xc build/debug/stm32h7xx_hal_fdcan.o
                0x080013c0                HAL_FDCAN_GetTxFifoFreeLevel
 .text.HAL_FDCAN_ActivateNotification
                0x080013cc       0x90 build/debug/stm32h7xx_hal_fdcan.o
                0x080013cc                HAL_FDCAN_ActivateNotification
 .text.HAL_FDCAN_ClockCalibrationCallback
                0x0800145c        0x2 build/debug/stm32h7xx_hal_fdcan.o
                0x0800145c                HAL_FDCAN_ClockCalibrationCallback
 .text.HAL_FDCAN_TxEventFifoCallback
                0x0800145e        0x2 build/debug/stm32h7xx_hal_fdcan.o
                0x0800145e                HAL_FDCAN_TxEventFifoCallback
 .text.HAL_FDCAN_RxFifo1Callback
                0x08001460        0x2 build/debug/stm32h7xx_hal_fdcan.o
                0x08001460                HAL_FDCAN_RxFifo1Callback
 .text.HAL_FDCAN_TxFifoEmptyCallback
                0x08001462        0x2 build/debug/stm32h7xx_hal_fdcan.o
                0x08001462                HAL_FDCAN_TxFifoEmptyCallback
 .text.HAL_FDCAN_TxBufferCompleteCallback
                0x08001464        0x2 build/debug/stm32h7xx_hal_fdcan.o
                0x08001464                HAL_FDCAN_TxBufferCompleteCallback
 .text.HAL_FDCAN_TxBufferAbortCallback
                0x08001466        0x2 build/debug/stm32h7xx_hal_fdcan.o
                0x08001466                HAL_FDCAN_TxBufferAbortCallback
 .text.HAL_FDCAN_RxBufferNewMessageCallback
                0x08001468        0x2 build/debug/stm32h7xx_hal_fdcan.o
                0x08001468                HAL_FDCAN_RxBufferNewMessageCallback
 .text.HAL_FDCAN_TimestampWraparoundCallback
                0x0800146a        0x2 build/debug/stm32h7xx_hal_fdcan.o
                0x0800146a                HAL_FDCAN_TimestampWraparoundCallback
 .text.HAL_FDCAN_TimeoutOccurredCallback
                0x0800146c        0x2 build/debug/stm32h7xx_hal_fdcan.o
                0x0800146c                HAL_FDCAN_TimeoutOccurredCallback
 .text.HAL_FDCAN_HighPriorityMessageCallback
                0x0800146e        0x2 build/debug/stm32h7xx_hal_fdcan.o
                0x0800146e                HAL_FDCAN_HighPriorityMessageCallback
 .text.HAL_FDCAN_ErrorCallback
                0x08001470        0x2 build/debug/stm32h7xx_hal_fdcan.o
                0x08001470                HAL_FDCAN_ErrorCallback
 .text.HAL_FDCAN_ErrorStatusCallback
                0x08001472        0x2 build/debug/stm32h7xx_hal_fdcan.o
                0x08001472                HAL_FDCAN_ErrorStatusCallback
 .text.HAL_FDCAN_TT_ScheduleSyncCallback
                0x08001474        0x2 build/debug/stm32h7xx_hal_fdcan.o
                0x08001474                HAL_FDCAN_TT_ScheduleSyncCallback
 .text.HAL_FDCAN_TT_TimeMarkCallback
                0x08001476        0x2 build/debug/stm32h7xx_hal_fdcan.o
                0x08001476                HAL_FDCAN_TT_TimeMarkCallback
 .text.HAL_FDCAN_TT_StopWatchCallback
                0x08001478        0x2 build/debug/stm32h7xx_hal_fdcan.o
                0x08001478                HAL_FDCAN_TT_StopWatchCallback
 .text.HAL_FDCAN_TT_GlobalTimeCallback
                0x0800147a        0x2 build/debug/stm32h7xx_hal_fdcan.o
                0x0800147a                HAL_FDCAN_TT_GlobalTimeCallback
 .text.HAL_FDCAN_IRQHandler
                0x0800147c      0x320 build/debug/stm32h7xx_hal_fdcan.o
                0x0800147c                HAL_FDCAN_IRQHandler
 .text.HAL_GPIO_Init
                0x0800179c      0x220 build/debug/stm32h7xx_hal_gpio.o
                0x0800179c                HAL_GPIO_Init
 .text.HAL_MspInit
                0x080019bc       0x24 build/debug/stm32h7xx_hal_msp.o
                0x080019bc                HAL_MspInit
 .text.HAL_FDCAN_MspInit
                0x080019e0       0xc8 build/debug/stm32h7xx_hal_msp.o
                0x080019e0                HAL_FDCAN_MspInit
 .text.HAL_TIM_PWM_MspInit
                0x08001aa8       0x30 build/debug/stm32h7xx_hal_msp.o
                0x08001aa8                HAL_TIM_PWM_MspInit
 .text.HAL_TIM_MspPostInit
                0x08001ad8       0x58 build/debug/stm32h7xx_hal_msp.o
                0x08001ad8                HAL_TIM_MspPostInit
 .text.PCD_WriteEmptyTxFifo
                0x08001b30       0xd0 build/debug/stm32h7xx_hal_pcd.o
 .text.HAL_PCD_Init
                0x08001c00      0x102 build/debug/stm32h7xx_hal_pcd.o
                0x08001c00                HAL_PCD_Init
 .text.HAL_PCD_Start
                0x08001d02       0x44 build/debug/stm32h7xx_hal_pcd.o
                0x08001d02                HAL_PCD_Start
 *fill*         0x08001d46        0x2 
 .text.PCD_EP_OutXfrComplete_int
                0x08001d48      0x104 build/debug/stm32h7xx_hal_pcd.o
 .text.PCD_EP_OutSetupPacket_int
                0x08001e4c       0x50 build/debug/stm32h7xx_hal_pcd.o
 .text.HAL_PCD_SetAddress
                0x08001e9c       0x26 build/debug/stm32h7xx_hal_pcd.o
                0x08001e9c                HAL_PCD_SetAddress
 .text.HAL_PCD_EP_Open
                0x08001ec2       0x8c build/debug/stm32h7xx_hal_pcd.o
                0x08001ec2                HAL_PCD_EP_Open
 .text.HAL_PCD_EP_Close
                0x08001f4e       0x70 build/debug/stm32h7xx_hal_pcd.o
                0x08001f4e                HAL_PCD_EP_Close
 .text.HAL_PCD_EP_Receive
                0x08001fbe       0x4a build/debug/stm32h7xx_hal_pcd.o
                0x08001fbe                HAL_PCD_EP_Receive
 .text.HAL_PCD_EP_GetRxCount
                0x08002008       0x12 build/debug/stm32h7xx_hal_pcd.o
                0x08002008                HAL_PCD_EP_GetRxCount
 .text.HAL_PCD_EP_Transmit
                0x0800201a       0x4a build/debug/stm32h7xx_hal_pcd.o
                0x0800201a                HAL_PCD_EP_Transmit
 .text.HAL_PCD_EP_SetStall
                0x08002064       0x86 build/debug/stm32h7xx_hal_pcd.o
                0x08002064                HAL_PCD_EP_SetStall
 .text.HAL_PCD_EP_ClrStall
                0x080020ea       0x74 build/debug/stm32h7xx_hal_pcd.o
                0x080020ea                HAL_PCD_EP_ClrStall
 .text.HAL_PCD_EP_Abort
                0x0800215e       0x34 build/debug/stm32h7xx_hal_pcd.o
                0x0800215e                HAL_PCD_EP_Abort
 .text.HAL_PCD_IRQHandler
                0x08002192      0x600 build/debug/stm32h7xx_hal_pcd.o
                0x08002192                HAL_PCD_IRQHandler
 .text.HAL_PCDEx_SetTxFiFo
                0x08002792       0x4c build/debug/stm32h7xx_hal_pcd_ex.o
                0x08002792                HAL_PCDEx_SetTxFiFo
 .text.HAL_PCDEx_SetRxFiFo
                0x080027de        0x8 build/debug/stm32h7xx_hal_pcd_ex.o
                0x080027de                HAL_PCDEx_SetRxFiFo
 *fill*         0x080027e6        0x2 
 .text.HAL_PCDEx_ActivateLPM
                0x080027e8       0x28 build/debug/stm32h7xx_hal_pcd_ex.o
                0x080027e8                HAL_PCDEx_ActivateLPM
 .text.HAL_PCDEx_LPM_Callback
                0x08002810        0x2 build/debug/stm32h7xx_hal_pcd_ex.o
                0x08002810                HAL_PCDEx_LPM_Callback
 *fill*         0x08002812        0x2 
 .text.HAL_PWREx_ConfigSupply
                0x08002814       0x54 build/debug/stm32h7xx_hal_pwr_ex.o
                0x08002814                HAL_PWREx_ConfigSupply
 .text.HAL_PWREx_EnableUSBVoltageDetector
                0x08002868       0x10 build/debug/stm32h7xx_hal_pwr_ex.o
                0x08002868                HAL_PWREx_EnableUSBVoltageDetector
 .text.HAL_RCC_OscConfig
                0x08002878      0x6b0 build/debug/stm32h7xx_hal_rcc.o
                0x08002878                HAL_RCC_OscConfig
 .text.HAL_RCC_GetSysClockFreq
                0x08002f28      0x1f8 build/debug/stm32h7xx_hal_rcc.o
                0x08002f28                HAL_RCC_GetSysClockFreq
 .text.HAL_RCC_ClockConfig
                0x08003120      0x294 build/debug/stm32h7xx_hal_rcc.o
                0x08003120                HAL_RCC_ClockConfig
 .text.HAL_RCC_GetHCLKFreq
                0x080033b4       0x44 build/debug/stm32h7xx_hal_rcc.o
                0x080033b4                HAL_RCC_GetHCLKFreq
 .text.RCCEx_PLL2_Config
                0x080033f8      0x108 build/debug/stm32h7xx_hal_rcc_ex.o
 .text.RCCEx_PLL3_Config
                0x08003500      0x108 build/debug/stm32h7xx_hal_rcc_ex.o
 .text.HAL_RCCEx_PeriphCLKConfig
                0x08003608      0xab8 build/debug/stm32h7xx_hal_rcc_ex.o
                0x08003608                HAL_RCCEx_PeriphCLKConfig
 .text.TIM_OC1_SetConfig
                0x080040c0       0xa4 build/debug/stm32h7xx_hal_tim.o
 .text.TIM_OC3_SetConfig
                0x08004164       0x94 build/debug/stm32h7xx_hal_tim.o
 .text.TIM_OC4_SetConfig
                0x080041f8       0x74 build/debug/stm32h7xx_hal_tim.o
 .text.TIM_OC5_SetConfig
                0x0800426c       0x74 build/debug/stm32h7xx_hal_tim.o
 .text.TIM_OC6_SetConfig
                0x080042e0       0x74 build/debug/stm32h7xx_hal_tim.o
 .text.TIM_Base_SetConfig
                0x08004354      0x104 build/debug/stm32h7xx_hal_tim.o
                0x08004354                TIM_Base_SetConfig
 .text.HAL_TIM_PWM_Init
                0x08004458       0x60 build/debug/stm32h7xx_hal_tim.o
                0x08004458                HAL_TIM_PWM_Init
 .text.TIM_OC2_SetConfig
                0x080044b8       0x94 build/debug/stm32h7xx_hal_tim.o
                0x080044b8                TIM_OC2_SetConfig
 .text.HAL_TIM_PWM_ConfigChannel
                0x0800454c      0x13a build/debug/stm32h7xx_hal_tim.o
                0x0800454c                HAL_TIM_PWM_ConfigChannel
 .text.TIM_CCxChannelCmd
                0x08004686       0x1e build/debug/stm32h7xx_hal_tim.o
                0x08004686                TIM_CCxChannelCmd
 .text.HAL_TIM_PWM_Start
                0x080046a4      0x160 build/debug/stm32h7xx_hal_tim.o
                0x080046a4                HAL_TIM_PWM_Start
 .text.HAL_TIMEx_MasterConfigSynchronization
                0x08004804       0xa0 build/debug/stm32h7xx_hal_tim_ex.o
                0x08004804                HAL_TIMEx_MasterConfigSynchronization
 .text.NMI_Handler
                0x080048a4        0x2 build/debug/stm32h7xx_it.o
                0x080048a4                NMI_Handler
 .text.HardFault_Handler
                0x080048a6        0x2 build/debug/stm32h7xx_it.o
                0x080048a6                HardFault_Handler
 .text.MemManage_Handler
                0x080048a8        0x2 build/debug/stm32h7xx_it.o
                0x080048a8                MemManage_Handler
 .text.BusFault_Handler
                0x080048aa        0x2 build/debug/stm32h7xx_it.o
                0x080048aa                BusFault_Handler
 .text.UsageFault_Handler
                0x080048ac        0x2 build/debug/stm32h7xx_it.o
                0x080048ac                UsageFault_Handler
 .text.SVC_Handler
                0x080048ae        0x2 build/debug/stm32h7xx_it.o
                0x080048ae                SVC_Handler
 .text.DebugMon_Handler
                0x080048b0        0x2 build/debug/stm32h7xx_it.o
                0x080048b0                DebugMon_Handler
 .text.PendSV_Handler
                0x080048b2        0x2 build/debug/stm32h7xx_it.o
                0x080048b2                PendSV_Handler
 .text.SysTick_Handler
                0x080048b4        0x8 build/debug/stm32h7xx_it.o
                0x080048b4                SysTick_Handler
 .text.FDCAN1_IT0_IRQHandler
                0x080048bc       0x10 build/debug/stm32h7xx_it.o
                0x080048bc                FDCAN1_IT0_IRQHandler
 .text.OTG_FS_IRQHandler
                0x080048cc       0x10 build/debug/stm32h7xx_it.o
                0x080048cc                OTG_FS_IRQHandler
 .text.USB_CoreReset
                0x080048dc       0x4a build/debug/stm32h7xx_ll_usb.o
 *fill*         0x08004926        0x2 
 .text.USB_CoreInit
                0x08004928       0xa4 build/debug/stm32h7xx_ll_usb.o
                0x08004928                USB_CoreInit
 .text.USB_SetTurnaroundTime
                0x080049cc       0xe4 build/debug/stm32h7xx_ll_usb.o
                0x080049cc                USB_SetTurnaroundTime
 .text.USB_EnableGlobalInt
                0x08004ab0        0xc build/debug/stm32h7xx_ll_usb.o
                0x08004ab0                USB_EnableGlobalInt
 .text.USB_DisableGlobalInt
                0x08004abc        0xc build/debug/stm32h7xx_ll_usb.o
                0x08004abc                USB_DisableGlobalInt
 .text.USB_FlushTxFifo
                0x08004ac8       0x4a build/debug/stm32h7xx_ll_usb.o
                0x08004ac8                USB_FlushTxFifo
 .text.USB_FlushRxFifo
                0x08004b12       0x46 build/debug/stm32h7xx_ll_usb.o
                0x08004b12                USB_FlushRxFifo
 .text.USB_SetDevSpeed
                0x08004b58        0xe build/debug/stm32h7xx_ll_usb.o
                0x08004b58                USB_SetDevSpeed
 *fill*         0x08004b66        0x2 
 .text.USB_DevInit
                0x08004b68      0x190 build/debug/stm32h7xx_ll_usb.o
                0x08004b68                USB_DevInit
 .text.USB_GetDevSpeed
                0x08004cf8       0x22 build/debug/stm32h7xx_ll_usb.o
                0x08004cf8                USB_GetDevSpeed
 *fill*         0x08004d1a        0x2 
 .text.USB_ActivateEndpoint
                0x08004d1c       0x98 build/debug/stm32h7xx_ll_usb.o
                0x08004d1c                USB_ActivateEndpoint
 .text.USB_DeactivateEndpoint
                0x08004db4       0xe0 build/debug/stm32h7xx_ll_usb.o
                0x08004db4                USB_DeactivateEndpoint
 .text.USB_EPStopXfer
                0x08004e94       0xbe build/debug/stm32h7xx_ll_usb.o
                0x08004e94                USB_EPStopXfer
 .text.USB_WritePacket
                0x08004f52       0x2e build/debug/stm32h7xx_ll_usb.o
                0x08004f52                USB_WritePacket
 .text.USB_EPStartXfer
                0x08004f80      0x244 build/debug/stm32h7xx_ll_usb.o
                0x08004f80                USB_EPStartXfer
 .text.USB_ReadPacket
                0x080051c4       0x46 build/debug/stm32h7xx_ll_usb.o
                0x080051c4                USB_ReadPacket
 .text.USB_EPSetStall
                0x0800520a       0x5a build/debug/stm32h7xx_ll_usb.o
                0x0800520a                USB_EPSetStall
 .text.USB_EPClearStall
                0x08005264       0x5c build/debug/stm32h7xx_ll_usb.o
                0x08005264                USB_EPClearStall
 .text.USB_SetDevAddress
                0x080052c0       0x20 build/debug/stm32h7xx_ll_usb.o
                0x080052c0                USB_SetDevAddress
 .text.USB_DevConnect
                0x080052e0       0x1c build/debug/stm32h7xx_ll_usb.o
                0x080052e0                USB_DevConnect
 .text.USB_DevDisconnect
                0x080052fc       0x1c build/debug/stm32h7xx_ll_usb.o
                0x080052fc                USB_DevDisconnect
 .text.USB_ReadInterrupts
                0x08005318        0x8 build/debug/stm32h7xx_ll_usb.o
                0x08005318                USB_ReadInterrupts
 .text.USB_ReadDevAllOutEpInterrupt
                0x08005320       0x10 build/debug/stm32h7xx_ll_usb.o
                0x08005320                USB_ReadDevAllOutEpInterrupt
 .text.USB_ReadDevAllInEpInterrupt
                0x08005330       0x10 build/debug/stm32h7xx_ll_usb.o
                0x08005330                USB_ReadDevAllInEpInterrupt
 .text.USB_ReadDevOutEPInterrupt
                0x08005340       0x12 build/debug/stm32h7xx_ll_usb.o
                0x08005340                USB_ReadDevOutEPInterrupt
 .text.USB_ReadDevInEPInterrupt
                0x08005352       0x24 build/debug/stm32h7xx_ll_usb.o
                0x08005352                USB_ReadDevInEPInterrupt
 .text.USB_GetMode
                0x08005376        0x8 build/debug/stm32h7xx_ll_usb.o
                0x08005376                USB_GetMode
 .text.USB_SetCurrentMode
                0x0800537e       0x62 build/debug/stm32h7xx_ll_usb.o
                0x0800537e                USB_SetCurrentMode
 .text.USB_ActivateSetup
                0x080053e0       0x1c build/debug/stm32h7xx_ll_usb.o
                0x080053e0                USB_ActivateSetup
 .text.USB_EP0_OutStart
                0x080053fc       0x60 build/debug/stm32h7xx_ll_usb.o
                0x080053fc                USB_EP0_OutStart
 .text._sbrk    0x0800545c       0x48 build/debug/sysmem.o
                0x0800545c                _sbrk
 .text.SystemInit
                0x080054a4       0xf0 build/debug/system_stm32h7xx.o
                0x080054a4                SystemInit
 .text.ExitRun0Mode
                0x08005594       0x1c build/debug/system_stm32h7xx.o
                0x08005594                ExitRun0Mode
 .text.MX_USB_DEVICE_Init
                0x080055b0       0x58 build/debug/usb_device.o
                0x080055b0                MX_USB_DEVICE_Init
 .text.USBD_CDC_EP0_RxReady
                0x08005608       0x40 build/debug/usbd_cdc.o
 .text.USBD_CDC_GetDeviceQualifierDescriptor
                0x08005648        0xc build/debug/usbd_cdc.o
                0x08005648                USBD_CDC_GetDeviceQualifierDescriptor
 .text.USBD_CDC_GetOtherSpeedCfgDesc
                0x08005654       0x48 build/debug/usbd_cdc.o
 .text.USBD_CDC_GetFSCfgDesc
                0x0800569c       0x48 build/debug/usbd_cdc.o
 .text.USBD_CDC_GetHSCfgDesc
                0x080056e4       0x48 build/debug/usbd_cdc.o
 .text.USBD_CDC_DataOut
                0x0800572c       0x38 build/debug/usbd_cdc.o
 .text.USBD_CDC_DataIn
                0x08005764       0x7c build/debug/usbd_cdc.o
 .text.USBD_CDC_Setup
                0x080057e0      0x114 build/debug/usbd_cdc.o
 .text.USBD_CDC_DeInit
                0x080058f4       0x64 build/debug/usbd_cdc.o
 .text.USBD_CDC_Init
                0x08005958       0xee build/debug/usbd_cdc.o
 .text.USBD_CDC_RegisterInterface
                0x08005a46       0x16 build/debug/usbd_cdc.o
                0x08005a46                USBD_CDC_RegisterInterface
 .text.USBD_CDC_SetTxBuffer
                0x08005a5c       0x1c build/debug/usbd_cdc.o
                0x08005a5c                USBD_CDC_SetTxBuffer
 .text.USBD_CDC_SetRxBuffer
                0x08005a78       0x18 build/debug/usbd_cdc.o
                0x08005a78                USBD_CDC_SetRxBuffer
 .text.USBD_CDC_TransmitPacket
                0x08005a90       0x36 build/debug/usbd_cdc.o
                0x08005a90                USBD_CDC_TransmitPacket
 .text.USBD_CDC_ReceivePacket
                0x08005ac6       0x38 build/debug/usbd_cdc.o
                0x08005ac6                USBD_CDC_ReceivePacket
 .text.CDC_DeInit_FS
                0x08005afe        0x4 build/debug/usbd_cdc_if.o
 .text.CDC_Control_FS
                0x08005b02        0x4 build/debug/usbd_cdc_if.o
 .text.CDC_TransmitCplt_FS
                0x08005b06        0x4 build/debug/usbd_cdc_if.o
 *fill*         0x08005b0a        0x2 
 .text.CDC_Receive_FS
                0x08005b0c       0x1c build/debug/usbd_cdc_if.o
 .text.CDC_Init_FS
                0x08005b28       0x28 build/debug/usbd_cdc_if.o
 .text.CDC_Transmit_FS
                0x08005b50       0x2c build/debug/usbd_cdc_if.o
                0x08005b50                CDC_Transmit_FS
 .text.HAL_PCD_MspInit
                0x08005b7c       0xb4 build/debug/usbd_conf.o
                0x08005b7c                HAL_PCD_MspInit
 .text.HAL_PCD_SetupStageCallback
                0x08005c30       0x10 build/debug/usbd_conf.o
                0x08005c30                HAL_PCD_SetupStageCallback
 .text.HAL_PCD_DataOutStageCallback
                0x08005c40       0x18 build/debug/usbd_conf.o
                0x08005c40                HAL_PCD_DataOutStageCallback
 .text.HAL_PCD_DataInStageCallback
                0x08005c58       0x16 build/debug/usbd_conf.o
                0x08005c58                HAL_PCD_DataInStageCallback
 .text.HAL_PCD_SOFCallback
                0x08005c6e        0xc build/debug/usbd_conf.o
                0x08005c6e                HAL_PCD_SOFCallback
 .text.HAL_PCD_ResetCallback
                0x08005c7a       0x28 build/debug/usbd_conf.o
                0x08005c7a                HAL_PCD_ResetCallback
 *fill*         0x08005ca2        0x2 
 .text.HAL_PCD_SuspendCallback
                0x08005ca4       0x30 build/debug/usbd_conf.o
                0x08005ca4                HAL_PCD_SuspendCallback
 .text.HAL_PCD_ResumeCallback
                0x08005cd4        0xc build/debug/usbd_conf.o
                0x08005cd4                HAL_PCD_ResumeCallback
 .text.HAL_PCD_ISOOUTIncompleteCallback
                0x08005ce0        0xc build/debug/usbd_conf.o
                0x08005ce0                HAL_PCD_ISOOUTIncompleteCallback
 .text.HAL_PCD_ISOINIncompleteCallback
                0x08005cec        0xc build/debug/usbd_conf.o
                0x08005cec                HAL_PCD_ISOINIncompleteCallback
 .text.HAL_PCD_ConnectCallback
                0x08005cf8        0xc build/debug/usbd_conf.o
                0x08005cf8                HAL_PCD_ConnectCallback
 .text.HAL_PCD_DisconnectCallback
                0x08005d04        0xc build/debug/usbd_conf.o
                0x08005d04                HAL_PCD_DisconnectCallback
 .text.USBD_LL_Init
                0x08005d10       0x6c build/debug/usbd_conf.o
                0x08005d10                USBD_LL_Init
 .text.USBD_LL_IsStallEP
                0x08005d7c       0x2c build/debug/usbd_conf.o
                0x08005d7c                USBD_LL_IsStallEP
 .text.USBD_LL_GetRxDataSize
                0x08005da8        0xc build/debug/usbd_conf.o
                0x08005da8                USBD_LL_GetRxDataSize
 .text.USBD_static_malloc
                0x08005db4        0x8 build/debug/usbd_conf.o
                0x08005db4                USBD_static_malloc
 .text.USBD_static_free
                0x08005dbc        0x2 build/debug/usbd_conf.o
                0x08005dbc                USBD_static_free
 .text.USBD_Get_USB_Status
                0x08005dbe       0x14 build/debug/usbd_conf.o
                0x08005dbe                USBD_Get_USB_Status
 .text.USBD_LL_Start
                0x08005dd2       0x10 build/debug/usbd_conf.o
                0x08005dd2                USBD_LL_Start
 .text.USBD_LL_OpenEP
                0x08005de2       0x16 build/debug/usbd_conf.o
                0x08005de2                USBD_LL_OpenEP
 .text.USBD_LL_CloseEP
                0x08005df8       0x10 build/debug/usbd_conf.o
                0x08005df8                USBD_LL_CloseEP
 .text.USBD_LL_StallEP
                0x08005e08       0x10 build/debug/usbd_conf.o
                0x08005e08                USBD_LL_StallEP
 .text.USBD_LL_ClearStallEP
                0x08005e18       0x10 build/debug/usbd_conf.o
                0x08005e18                USBD_LL_ClearStallEP
 .text.USBD_LL_SetUSBAddress
                0x08005e28       0x10 build/debug/usbd_conf.o
                0x08005e28                USBD_LL_SetUSBAddress
 .text.USBD_LL_Transmit
                0x08005e38       0x10 build/debug/usbd_conf.o
                0x08005e38                USBD_LL_Transmit
 .text.USBD_LL_PrepareReceive
                0x08005e48       0x10 build/debug/usbd_conf.o
                0x08005e48                USBD_LL_PrepareReceive
 .text.USBD_Init
                0x08005e58       0x2e build/debug/usbd_core.o
                0x08005e58                USBD_Init
 .text.USBD_RegisterClass
                0x08005e86       0x40 build/debug/usbd_core.o
                0x08005e86                USBD_RegisterClass
 .text.USBD_Start
                0x08005ec6        0x8 build/debug/usbd_core.o
                0x08005ec6                USBD_Start
 .text.USBD_SetClassConfig
                0x08005ece       0x12 build/debug/usbd_core.o
                0x08005ece                USBD_SetClassConfig
 .text.USBD_ClrClassConfig
                0x08005ee0       0x12 build/debug/usbd_core.o
                0x08005ee0                USBD_ClrClassConfig
 .text.USBD_LL_SetupStage
                0x08005ef2       0x58 build/debug/usbd_core.o
                0x08005ef2                USBD_LL_SetupStage
 .text.USBD_LL_Reset
                0x08005f4a       0x64 build/debug/usbd_core.o
                0x08005f4a                USBD_LL_Reset
 .text.USBD_LL_SetSpeed
                0x08005fae        0x6 build/debug/usbd_core.o
                0x08005fae                USBD_LL_SetSpeed
 .text.USBD_LL_Suspend
                0x08005fb4       0x1c build/debug/usbd_core.o
                0x08005fb4                USBD_LL_Suspend
 .text.USBD_LL_Resume
                0x08005fd0       0x18 build/debug/usbd_core.o
                0x08005fd0                USBD_LL_Resume
 .text.USBD_LL_SOF
                0x08005fe8       0x20 build/debug/usbd_core.o
                0x08005fe8                USBD_LL_SOF
 .text.USBD_LL_IsoINIncomplete
                0x08006008       0x2c build/debug/usbd_core.o
                0x08006008                USBD_LL_IsoINIncomplete
 .text.USBD_LL_IsoOUTIncomplete
                0x08006034       0x2c build/debug/usbd_core.o
                0x08006034                USBD_LL_IsoOUTIncomplete
 .text.USBD_LL_DevConnected
                0x08006060        0x4 build/debug/usbd_core.o
                0x08006060                USBD_LL_DevConnected
 .text.USBD_LL_DevDisconnected
                0x08006064       0x20 build/debug/usbd_core.o
                0x08006064                USBD_LL_DevDisconnected
 .text.USBD_CoreFindIF
                0x08006084        0x4 build/debug/usbd_core.o
                0x08006084                USBD_CoreFindIF
 .text.USBD_CoreFindEP
                0x08006088        0x4 build/debug/usbd_core.o
                0x08006088                USBD_CoreFindEP
 .text.USBD_LL_DataOutStage
                0x0800608c       0xc0 build/debug/usbd_core.o
                0x0800608c                USBD_LL_DataOutStage
 .text.USBD_LL_DataInStage
                0x0800614c       0xd2 build/debug/usbd_core.o
                0x0800614c                USBD_LL_DataInStage
 .text.USBD_GetNextDesc
                0x0800621e        0xe build/debug/usbd_core.o
                0x0800621e                USBD_GetNextDesc
 .text.USBD_GetEpDesc
                0x0800622c       0x3e build/debug/usbd_core.o
                0x0800622c                USBD_GetEpDesc
 .text.USBD_GetLen
                0x0800626a       0x14 build/debug/usbd_ctlreq.o
 .text.USBD_ParseSetupRequest
                0x0800627e       0x28 build/debug/usbd_ctlreq.o
                0x0800627e                USBD_ParseSetupRequest
 .text.USBD_CtlError
                0x080062a6       0x14 build/debug/usbd_ctlreq.o
                0x080062a6                USBD_CtlError
 .text.USBD_GetDescriptor
                0x080062ba      0x1ac build/debug/usbd_ctlreq.o
 .text.USBD_SetAddress
                0x08006466       0x4e build/debug/usbd_ctlreq.o
 .text.USBD_SetConfig
                0x080064b4       0xcc build/debug/usbd_ctlreq.o
 .text.USBD_GetConfig
                0x08006580       0x40 build/debug/usbd_ctlreq.o
 .text.USBD_GetStatus
                0x080065c0       0x38 build/debug/usbd_ctlreq.o
 .text.USBD_SetFeature
                0x080065f8       0x2a build/debug/usbd_ctlreq.o
 .text.USBD_ClrFeature
                0x08006622       0x26 build/debug/usbd_ctlreq.o
 .text.USBD_StdDevReq
                0x08006648       0x76 build/debug/usbd_ctlreq.o
                0x08006648                USBD_StdDevReq
 .text.USBD_StdItfReq
                0x080066be       0x84 build/debug/usbd_ctlreq.o
                0x080066be                USBD_StdItfReq
 .text.USBD_StdEPReq
                0x08006742      0x23a build/debug/usbd_ctlreq.o
                0x08006742                USBD_StdEPReq
 .text.USBD_GetString
                0x0800697c       0x42 build/debug/usbd_ctlreq.o
                0x0800697c                USBD_GetString
 *fill*         0x080069be        0x2 
 .text.USBD_FS_DeviceDescriptor
                0x080069c0        0xc build/debug/usbd_desc.o
                0x080069c0                USBD_FS_DeviceDescriptor
 .text.USBD_FS_LangIDStrDescriptor
                0x080069cc        0xc build/debug/usbd_desc.o
                0x080069cc                USBD_FS_LangIDStrDescriptor
 .text.IntToUnicode
                0x080069d8       0x46 build/debug/usbd_desc.o
 *fill*         0x08006a1e        0x2 
 .text.Get_SerialNum
                0x08006a20       0x38 build/debug/usbd_desc.o
 .text.USBD_FS_SerialStrDescriptor
                0x08006a58       0x14 build/debug/usbd_desc.o
                0x08006a58                USBD_FS_SerialStrDescriptor
 .text.USBD_FS_ProductStrDescriptor
                0x08006a6c       0x24 build/debug/usbd_desc.o
                0x08006a6c                USBD_FS_ProductStrDescriptor
 .text.USBD_FS_ManufacturerStrDescriptor
                0x08006a90       0x1c build/debug/usbd_desc.o
                0x08006a90                USBD_FS_ManufacturerStrDescriptor
 .text.USBD_FS_ConfigStrDescriptor
                0x08006aac       0x24 build/debug/usbd_desc.o
                0x08006aac                USBD_FS_ConfigStrDescriptor
 .text.USBD_FS_InterfaceStrDescriptor
                0x08006ad0       0x24 build/debug/usbd_desc.o
                0x08006ad0                USBD_FS_InterfaceStrDescriptor
 .text.USBD_CtlSendData
                0x08006af4       0x1a build/debug/usbd_ioreq.o
                0x08006af4                USBD_CtlSendData
 .text.USBD_CtlContinueSendData
                0x08006b0e       0x10 build/debug/usbd_ioreq.o
                0x08006b0e                USBD_CtlContinueSendData
 .text.USBD_CtlPrepareRx
                0x08006b1e       0x1e build/debug/usbd_ioreq.o
                0x08006b1e                USBD_CtlPrepareRx
 .text.USBD_CtlContinueRx
                0x08006b3c       0x10 build/debug/usbd_ioreq.o
                0x08006b3c                USBD_CtlContinueRx
 .text.USBD_CtlSendStatus
                0x08006b4c       0x16 build/debug/usbd_ioreq.o
                0x08006b4c                USBD_CtlSendStatus
 .text.USBD_CtlReceiveStatus
                0x08006b62       0x16 build/debug/usbd_ioreq.o
                0x08006b62                USBD_CtlReceiveStatus
 .text.Reset_Handler
                0x08006b78       0x54 build/debug/startup_stm32h750xx.o
                0x08006b78                Reset_Handler
 .text.Default_Handler
                0x08006bcc        0x2 build/debug/startup_stm32h750xx.o
                0x08006bcc                RTC_Alarm_IRQHandler
                0x08006bcc                HASH_RNG_IRQHandler
                0x08006bcc                EXTI2_IRQHandler
                0x08006bcc                TIM8_CC_IRQHandler
                0x08006bcc                HRTIM1_Master_IRQHandler
                0x08006bcc                UART8_IRQHandler
                0x08006bcc                SPI4_IRQHandler
                0x08006bcc                TIM1_CC_IRQHandler
                0x08006bcc                BDMA_Channel6_IRQHandler
                0x08006bcc                DMA2_Stream5_IRQHandler
                0x08006bcc                HRTIM1_FLT_IRQHandler
                0x08006bcc                JPEG_IRQHandler
                0x08006bcc                DMA1_Stream5_IRQHandler
                0x08006bcc                BDMA_Channel1_IRQHandler
                0x08006bcc                HRTIM1_TIMD_IRQHandler
                0x08006bcc                TAMP_STAMP_IRQHandler
                0x08006bcc                EXTI3_IRQHandler
                0x08006bcc                LPTIM4_IRQHandler
                0x08006bcc                TIM8_TRG_COM_TIM14_IRQHandler
                0x08006bcc                LPTIM2_IRQHandler
                0x08006bcc                DFSDM1_FLT1_IRQHandler
                0x08006bcc                DMAMUX2_OVR_IRQHandler
                0x08006bcc                TIM8_UP_TIM13_IRQHandler
                0x08006bcc                I2C3_ER_IRQHandler
                0x08006bcc                DFSDM1_FLT2_IRQHandler
                0x08006bcc                MDMA_IRQHandler
                0x08006bcc                LPTIM3_IRQHandler
                0x08006bcc                HSEM1_IRQHandler
                0x08006bcc                EXTI0_IRQHandler
                0x08006bcc                I2C2_EV_IRQHandler
                0x08006bcc                DMA1_Stream2_IRQHandler
                0x08006bcc                FPU_IRQHandler
                0x08006bcc                OTG_HS_WKUP_IRQHandler
                0x08006bcc                FDCAN1_IT1_IRQHandler
                0x08006bcc                LTDC_ER_IRQHandler
                0x08006bcc                DMA2_Stream2_IRQHandler
                0x08006bcc                HRTIM1_TIME_IRQHandler
                0x08006bcc                SPI1_IRQHandler
                0x08006bcc                TIM6_DAC_IRQHandler
                0x08006bcc                DCMI_IRQHandler
                0x08006bcc                HRTIM1_TIMC_IRQHandler
                0x08006bcc                DMA2_Stream3_IRQHandler
                0x08006bcc                SAI2_IRQHandler
                0x08006bcc                DFSDM1_FLT3_IRQHandler
                0x08006bcc                USART6_IRQHandler
                0x08006bcc                TIM17_IRQHandler
                0x08006bcc                USART3_IRQHandler
                0x08006bcc                BDMA_Channel7_IRQHandler
                0x08006bcc                CRYP_IRQHandler
                0x08006bcc                LPTIM5_IRQHandler
                0x08006bcc                UART5_IRQHandler
                0x08006bcc                ADC3_IRQHandler
                0x08006bcc                DMA2_Stream0_IRQHandler
                0x08006bcc                TIM4_IRQHandler
                0x08006bcc                BDMA_Channel2_IRQHandler
                0x08006bcc                QUADSPI_IRQHandler
                0x08006bcc                I2C1_EV_IRQHandler
                0x08006bcc                DMA1_Stream6_IRQHandler
                0x08006bcc                DMAMUX1_OVR_IRQHandler
                0x08006bcc                DMA1_Stream1_IRQHandler
                0x08006bcc                TIM16_IRQHandler
                0x08006bcc                UART4_IRQHandler
                0x08006bcc                BDMA_Channel5_IRQHandler
                0x08006bcc                TIM3_IRQHandler
                0x08006bcc                RCC_IRQHandler
                0x08006bcc                TIM8_BRK_TIM12_IRQHandler
                0x08006bcc                TIM1_TRG_COM_IRQHandler
                0x08006bcc                Default_Handler
                0x08006bcc                ECC_IRQHandler
                0x08006bcc                CEC_IRQHandler
                0x08006bcc                EXTI15_10_IRQHandler
                0x08006bcc                BDMA_Channel0_IRQHandler
                0x08006bcc                ADC_IRQHandler
                0x08006bcc                DMA1_Stream7_IRQHandler
                0x08006bcc                HRTIM1_TIMA_IRQHandler
                0x08006bcc                SPI5_IRQHandler
                0x08006bcc                TIM7_IRQHandler
                0x08006bcc                SDMMC1_IRQHandler
                0x08006bcc                TIM5_IRQHandler
                0x08006bcc                DMA2_Stream7_IRQHandler
                0x08006bcc                TIM15_IRQHandler
                0x08006bcc                PVD_AVD_IRQHandler
                0x08006bcc                I2C3_EV_IRQHandler
                0x08006bcc                EXTI9_5_IRQHandler
                0x08006bcc                RTC_WKUP_IRQHandler
                0x08006bcc                LTDC_IRQHandler
                0x08006bcc                SAI3_IRQHandler
                0x08006bcc                ETH_WKUP_IRQHandler
                0x08006bcc                SPDIF_RX_IRQHandler
                0x08006bcc                SPI2_IRQHandler
                0x08006bcc                OTG_HS_EP1_IN_IRQHandler
                0x08006bcc                DMA1_Stream0_IRQHandler
                0x08006bcc                CRS_IRQHandler
                0x08006bcc                EXTI4_IRQHandler
                0x08006bcc                HRTIM1_TIMB_IRQHandler
                0x08006bcc                FDCAN2_IT1_IRQHandler
                0x08006bcc                ETH_IRQHandler
                0x08006bcc                TIM1_UP_IRQHandler
                0x08006bcc                BDMA_Channel4_IRQHandler
                0x08006bcc                OTG_HS_EP1_OUT_IRQHandler
                0x08006bcc                WWDG_IRQHandler
                0x08006bcc                SPI6_IRQHandler
                0x08006bcc                MDIOS_IRQHandler
                0x08006bcc                I2C4_EV_IRQHandler
                0x08006bcc                FDCAN2_IT0_IRQHandler
                0x08006bcc                LPUART1_IRQHandler
                0x08006bcc                TIM2_IRQHandler
                0x08006bcc                OTG_FS_WKUP_IRQHandler
                0x08006bcc                OTG_HS_IRQHandler
                0x08006bcc                DMA2D_IRQHandler
                0x08006bcc                TIM1_BRK_IRQHandler
                0x08006bcc                EXTI1_IRQHandler
                0x08006bcc                SDMMC2_IRQHandler
                0x08006bcc                OTG_FS_EP1_OUT_IRQHandler
                0x08006bcc                BDMA_Channel3_IRQHandler
                0x08006bcc                UART7_IRQHandler
                0x08006bcc                MDIOS_WKUP_IRQHandler
                0x08006bcc                USART2_IRQHandler
                0x08006bcc                DFSDM1_FLT0_IRQHandler
                0x08006bcc                SAI4_IRQHandler
                0x08006bcc                I2C2_ER_IRQHandler
                0x08006bcc                DMA2_Stream1_IRQHandler
                0x08006bcc                FLASH_IRQHandler
                0x08006bcc                DMA2_Stream4_IRQHandler
                0x08006bcc                USART1_IRQHandler
                0x08006bcc                SPI3_IRQHandler
                0x08006bcc                WAKEUP_PIN_IRQHandler
                0x08006bcc                DMA1_Stream4_IRQHandler
                0x08006bcc                OTG_FS_EP1_IN_IRQHandler
                0x08006bcc                I2C1_ER_IRQHandler
                0x08006bcc                FMC_IRQHandler
                0x08006bcc                FDCAN_CAL_IRQHandler
                0x08006bcc                SWPMI1_IRQHandler
                0x08006bcc                COMP1_IRQHandler
                0x08006bcc                LPTIM1_IRQHandler
                0x08006bcc                I2C4_ER_IRQHandler
                0x08006bcc                DMA2_Stream6_IRQHandler
                0x08006bcc                SAI1_IRQHandler
                0x08006bcc                DMA1_Stream3_IRQHandler
 *fill*         0x08006bce        0x2 
 .text.snprintf
                0x08006bd0       0x6c c:/Users/aticl/AppData/Roaming/Code/User/globalStorage/bmd.stm32-for-vscode/@xpack-dev-tools/arm-none-eabi-gcc/14.2.1-1.1.1/.content/bin/../lib/gcc/arm-none-eabi/14.2.1/../../../../arm-none-eabi/lib/thumb/v7e-m+dp/hard\libc_nano.a(libc_a-snprintf.o)
                0x08006bd0                sniprintf
                0x08006bd0                snprintf
 .text.memset   0x08006c3c       0x10 c:/Users/aticl/AppData/Roaming/Code/User/globalStorage/bmd.stm32-for-vscode/@xpack-dev-tools/arm-none-eabi-gcc/14.2.1-1.1.1/.content/bin/../lib/gcc/arm-none-eabi/14.2.1/../../../../arm-none-eabi/lib/thumb/v7e-m+dp/hard\libc_nano.a(libc_a-memset.o)
                0x08006c3c                memset
 .text.__errno  0x08006c4c        0xc c:/Users/aticl/AppData/Roaming/Code/User/globalStorage/bmd.stm32-for-vscode/@xpack-dev-tools/arm-none-eabi-gcc/14.2.1-1.1.1/.content/bin/../lib/gcc/arm-none-eabi/14.2.1/../../../../arm-none-eabi/lib/thumb/v7e-m+dp/hard\libc_nano.a(libc_a-errno.o)
                0x08006c4c                __errno
 .text.__libc_init_array
                0x08006c58       0x48 c:/Users/aticl/AppData/Roaming/Code/User/globalStorage/bmd.stm32-for-vscode/@xpack-dev-tools/arm-none-eabi-gcc/14.2.1-1.1.1/.content/bin/../lib/gcc/arm-none-eabi/14.2.1/../../../../arm-none-eabi/lib/thumb/v7e-m+dp/hard\libc_nano.a(libc_a-init.o)
                0x08006c58                __libc_init_array
 .text.__retarget_lock_acquire_recursive
                0x08006ca0        0x2 c:/Users/aticl/AppData/Roaming/Code/User/globalStorage/bmd.stm32-for-vscode/@xpack-dev-tools/arm-none-eabi-gcc/14.2.1-1.1.1/.content/bin/../lib/gcc/arm-none-eabi/14.2.1/../../../../arm-none-eabi/lib/thumb/v7e-m+dp/hard\libc_nano.a(libc_a-lock.o)
                0x08006ca0                __retarget_lock_acquire_recursive
 .text.__retarget_lock_release_recursive
                0x08006ca2        0x2 c:/Users/aticl/AppData/Roaming/Code/User/globalStorage/bmd.stm32-for-vscode/@xpack-dev-tools/arm-none-eabi-gcc/14.2.1-1.1.1/.content/bin/../lib/gcc/arm-none-eabi/14.2.1/../../../../arm-none-eabi/lib/thumb/v7e-m+dp/hard\libc_nano.a(libc_a-lock.o)
                0x08006ca2                __retarget_lock_release_recursive
 .text.memcpy   0x08006ca4       0x1c c:/Users/aticl/AppData/Roaming/Code/User/globalStorage/bmd.stm32-for-vscode/@xpack-dev-tools/arm-none-eabi-gcc/14.2.1-1.1.1/.content/bin/../lib/gcc/arm-none-eabi/14.2.1/../../../../arm-none-eabi/lib/thumb/v7e-m+dp/hard\libc_nano.a(libc_a-memcpy-stub.o)
                0x08006ca4                memcpy
 .text._free_r  0x08006cc0       0x94 c:/Users/aticl/AppData/Roaming/Code/User/globalStorage/bmd.stm32-for-vscode/@xpack-dev-tools/arm-none-eabi-gcc/14.2.1-1.1.1/.content/bin/../lib/gcc/arm-none-eabi/14.2.1/../../../../arm-none-eabi/lib/thumb/v7e-m+dp/hard\libc_nano.a(libc_a-freer.o)
                0x08006cc0                _free_r
 .text.sbrk_aligned
                0x08006d54       0x44 c:/Users/aticl/AppData/Roaming/Code/User/globalStorage/bmd.stm32-for-vscode/@xpack-dev-tools/arm-none-eabi-gcc/14.2.1-1.1.1/.content/bin/../lib/gcc/arm-none-eabi/14.2.1/../../../../arm-none-eabi/lib/thumb/v7e-m+dp/hard\libc_nano.a(libc_a-mallocr.o)
 .text._malloc_r
                0x08006d98      0x100 c:/Users/aticl/AppData/Roaming/Code/User/globalStorage/bmd.stm32-for-vscode/@xpack-dev-tools/arm-none-eabi-gcc/14.2.1-1.1.1/.content/bin/../lib/gcc/arm-none-eabi/14.2.1/../../../../arm-none-eabi/lib/thumb/v7e-m+dp/hard\libc_nano.a(libc_a-mallocr.o)
                0x08006d98                _malloc_r
 .text.__malloc_lock
                0x08006e98        0xc c:/Users/aticl/AppData/Roaming/Code/User/globalStorage/bmd.stm32-for-vscode/@xpack-dev-tools/arm-none-eabi-gcc/14.2.1-1.1.1/.content/bin/../lib/gcc/arm-none-eabi/14.2.1/../../../../arm-none-eabi/lib/thumb/v7e-m+dp/hard\libc_nano.a(libc_a-mlock.o)
                0x08006e98                __malloc_lock
 .text.__malloc_unlock
                0x08006ea4        0xc c:/Users/aticl/AppData/Roaming/Code/User/globalStorage/bmd.stm32-for-vscode/@xpack-dev-tools/arm-none-eabi-gcc/14.2.1-1.1.1/.content/bin/../lib/gcc/arm-none-eabi/14.2.1/../../../../arm-none-eabi/lib/thumb/v7e-m+dp/hard\libc_nano.a(libc_a-mlock.o)
                0x08006ea4                __malloc_unlock
 .text.__ssputs_r
                0x08006eb0       0xc0 c:/Users/aticl/AppData/Roaming/Code/User/globalStorage/bmd.stm32-for-vscode/@xpack-dev-tools/arm-none-eabi-gcc/14.2.1-1.1.1/.content/bin/../lib/gcc/arm-none-eabi/14.2.1/../../../../arm-none-eabi/lib/thumb/v7e-m+dp/hard\libc_nano.a(libc_a-nano-svfprintf.o)
                0x08006eb0                __ssputs_r
 .text._svfprintf_r
                0x08006f70      0x1f8 c:/Users/aticl/AppData/Roaming/Code/User/globalStorage/bmd.stm32-for-vscode/@xpack-dev-tools/arm-none-eabi-gcc/14.2.1-1.1.1/.content/bin/../lib/gcc/arm-none-eabi/14.2.1/../../../../arm-none-eabi/lib/thumb/v7e-m+dp/hard\libc_nano.a(libc_a-nano-svfprintf.o)
                0x08006f70                _svfiprintf_r
                0x08006f70                _svfprintf_r
 .text._printf_common
                0x08007168       0xda c:/Users/aticl/AppData/Roaming/Code/User/globalStorage/bmd.stm32-for-vscode/@xpack-dev-tools/arm-none-eabi-gcc/14.2.1-1.1.1/.content/bin/../lib/gcc/arm-none-eabi/14.2.1/../../../../arm-none-eabi/lib/thumb/v7e-m+dp/hard\libc_nano.a(libc_a-nano-vfprintf_i.o)
                0x08007168                _printf_common
 *fill*         0x08007242        0x2 
 .text._printf_i
                0x08007244      0x240 c:/Users/aticl/AppData/Roaming/Code/User/globalStorage/bmd.stm32-for-vscode/@xpack-dev-tools/arm-none-eabi-gcc/14.2.1-1.1.1/.content/bin/../lib/gcc/arm-none-eabi/14.2.1/../../../../arm-none-eabi/lib/thumb/v7e-m+dp/hard\libc_nano.a(libc_a-nano-vfprintf_i.o)
                0x08007244                _printf_i
 .text.memmove  0x08007484       0x32 c:/Users/aticl/AppData/Roaming/Code/User/globalStorage/bmd.stm32-for-vscode/@xpack-dev-tools/arm-none-eabi-gcc/14.2.1-1.1.1/.content/bin/../lib/gcc/arm-none-eabi/14.2.1/../../../../arm-none-eabi/lib/thumb/v7e-m+dp/hard\libc_nano.a(libc_a-memmove.o)
                0x08007484                memmove
 *fill*         0x080074b6        0x2 
 .text._sbrk_r  0x080074b8       0x20 c:/Users/aticl/AppData/Roaming/Code/User/globalStorage/bmd.stm32-for-vscode/@xpack-dev-tools/arm-none-eabi-gcc/14.2.1-1.1.1/.content/bin/../lib/gcc/arm-none-eabi/14.2.1/../../../../arm-none-eabi/lib/thumb/v7e-m+dp/hard\libc_nano.a(libc_a-sbrkr.o)
                0x080074b8                _sbrk_r
 .text._realloc_r
                0x080074d8       0x5c c:/Users/aticl/AppData/Roaming/Code/User/globalStorage/bmd.stm32-for-vscode/@xpack-dev-tools/arm-none-eabi-gcc/14.2.1-1.1.1/.content/bin/../lib/gcc/arm-none-eabi/14.2.1/../../../../arm-none-eabi/lib/thumb/v7e-m+dp/hard\libc_nano.a(libc_a-reallocr.o)
                0x080074d8                _realloc_r
 .text._malloc_usable_size_r
                0x08007534       0x10 c:/Users/aticl/AppData/Roaming/Code/User/globalStorage/bmd.stm32-for-vscode/@xpack-dev-tools/arm-none-eabi-gcc/14.2.1-1.1.1/.content/bin/../lib/gcc/arm-none-eabi/14.2.1/../../../../arm-none-eabi/lib/thumb/v7e-m+dp/hard\libc_nano.a(libc_a-msizer.o)
                0x08007534                _malloc_usable_size_r
 *(.glue_7)
 .glue_7        0x08007544        0x0 linker stubs
 *(.glue_7t)
 .glue_7t       0x08007544        0x0 linker stubs
 *(.eh_frame)
 .eh_frame      0x08007544        0x0 c:/Users/aticl/AppData/Roaming/Code/User/globalStorage/bmd.stm32-for-vscode/@xpack-dev-tools/arm-none-eabi-gcc/14.2.1-1.1.1/.content/bin/../lib/gcc/arm-none-eabi/14.2.1/thumb/v7e-m+dp/hard/crtbegin.o
 *(.init)
 .init          0x08007544        0x4 c:/Users/aticl/AppData/Roaming/Code/User/globalStorage/bmd.stm32-for-vscode/@xpack-dev-tools/arm-none-eabi-gcc/14.2.1-1.1.1/.content/bin/../lib/gcc/arm-none-eabi/14.2.1/thumb/v7e-m+dp/hard/crti.o
                0x08007544                _init
 .init          0x08007548        0x8 c:/Users/aticl/AppData/Roaming/Code/User/globalStorage/bmd.stm32-for-vscode/@xpack-dev-tools/arm-none-eabi-gcc/14.2.1-1.1.1/.content/bin/../lib/gcc/arm-none-eabi/14.2.1/thumb/v7e-m+dp/hard/crtn.o
 *(.fini)
 .fini          0x08007550        0x4 c:/Users/aticl/AppData/Roaming/Code/User/globalStorage/bmd.stm32-for-vscode/@xpack-dev-tools/arm-none-eabi-gcc/14.2.1-1.1.1/.content/bin/../lib/gcc/arm-none-eabi/14.2.1/thumb/v7e-m+dp/hard/crti.o
                0x08007550                _fini
 .fini          0x08007554        0x8 c:/Users/aticl/AppData/Roaming/Code/User/globalStorage/bmd.stm32-for-vscode/@xpack-dev-tools/arm-none-eabi-gcc/14.2.1-1.1.1/.content/bin/../lib/gcc/arm-none-eabi/14.2.1/thumb/v7e-m+dp/hard/crtn.o
                0x0800755c                        . = ALIGN (0x4)
                0x0800755c                        _etext = .

.vfp11_veneer   0x0800755c        0x0
 .vfp11_veneer  0x0800755c        0x0 linker stubs

.v4_bx          0x0800755c        0x0
 .v4_bx         0x0800755c        0x0 linker stubs

.iplt           0x0800755c        0x0
 .iplt          0x0800755c        0x0 c:/Users/aticl/AppData/Roaming/Code/User/globalStorage/bmd.stm32-for-vscode/@xpack-dev-tools/arm-none-eabi-gcc/14.2.1-1.1.1/.content/bin/../lib/gcc/arm-none-eabi/14.2.1/thumb/v7e-m+dp/hard/crtbegin.o

.rodata         0x0800755c      0x1e0
                0x0800755c                        . = ALIGN (0x4)
 *(.rodata)
 .rodata        0x0800755c       0x4c build/debug/stm32h7xx_hal_fdcan.o
 *(.rodata*)
 .rodata.Error_Handler.str1.4
                0x080075a8      0x13e build/debug/main.o
                                 0x11 (size before relaxing)
 .rodata.MX_FDCAN1_Init.str1.4
                0x080076e6       0x44 build/debug/main.o
 .rodata.main.str1.4
                0x080076e6       0x3b build/debug/main.o
 .rodata.HAL_FDCAN_RxFifo0Callback.str1.4
                0x080076e6       0x64 build/debug/main.o
 *fill*         0x080076e6        0x2 
 .rodata.DLCtoBytes
                0x080076e8       0x10 build/debug/stm32h7xx_hal_fdcan.o
 .rodata.D1CorePrescTable
                0x080076f8       0x10 build/debug/system_stm32h7xx.o
                0x080076f8                D1CorePrescTable
 .rodata.USBD_FS_ProductStrDescriptor.str1.4
                0x08007708       0x16 build/debug/usbd_desc.o
 .rodata.USBD_FS_ManufacturerStrDescriptor.str1.4
                0x08007708       0x13 build/debug/usbd_desc.o
 .rodata.USBD_FS_ConfigStrDescriptor.str1.4
                0x08007708        0xb build/debug/usbd_desc.o
 .rodata.USBD_FS_InterfaceStrDescriptor.str1.4
                0x08007708        0xe build/debug/usbd_desc.o
 .rodata._svfprintf_r.str1.1
                0x08007708       0x33 c:/Users/aticl/AppData/Roaming/Code/User/globalStorage/bmd.stm32-for-vscode/@xpack-dev-tools/arm-none-eabi-gcc/14.2.1-1.1.1/.content/bin/../lib/gcc/arm-none-eabi/14.2.1/../../../../arm-none-eabi/lib/thumb/v7e-m+dp/hard\libc_nano.a(libc_a-nano-svfprintf.o)
                                 0x11 (size before relaxing)
 .rodata._printf_i.str1.1
                0x0800773b       0x22 c:/Users/aticl/AppData/Roaming/Code/User/globalStorage/bmd.stm32-for-vscode/@xpack-dev-tools/arm-none-eabi-gcc/14.2.1-1.1.1/.content/bin/../lib/gcc/arm-none-eabi/14.2.1/../../../../arm-none-eabi/lib/thumb/v7e-m+dp/hard\libc_nano.a(libc_a-nano-vfprintf_i.o)
                0x08007760                        . = ALIGN (0x4)
 *fill*         0x0800773b        0x1 

.ARM.extab      0x0800773c        0x0
                0x0800773c                        . = ALIGN (0x4)
 *(.ARM.extab* .gnu.linkonce.armextab.*)
                0x0800773c                        . = ALIGN (0x4)

.ARM            0x0800773c        0x8
                0x0800773c                        . = ALIGN (0x4)
                0x0800773c                        __exidx_start = .
 *(.ARM.exidx*)
 .ARM.exidx     0x0800773c        0x8 c:/Users/aticl/AppData/Roaming/Code/User/globalStorage/bmd.stm32-for-vscode/@xpack-dev-tools/arm-none-eabi-gcc/14.2.1-1.1.1/.content/bin/../lib/gcc/arm-none-eabi/14.2.1/../../../../arm-none-eabi/lib/thumb/v7e-m+dp/hard\libc_nano.a(libc_a-strlen.o)
 .ARM.exidx     0x08007744        0x0 c:/Users/aticl/AppData/Roaming/Code/User/globalStorage/bmd.stm32-for-vscode/@xpack-dev-tools/arm-none-eabi-gcc/14.2.1-1.1.1/.content/bin/../lib/gcc/arm-none-eabi/14.2.1/../../../../arm-none-eabi/lib/thumb/v7e-m+dp/hard\libc_nano.a(libc_a-memchr.o)
                                  0x8 (size before relaxing)
                0x08007744                        __exidx_end = .
                0x08007744                        . = ALIGN (0x4)

.preinit_array  0x08007744        0x0
                0x08007744                        . = ALIGN (0x4)
                0x08007744                        PROVIDE (__preinit_array_start = .)
 *(.preinit_array*)
                0x08007744                        PROVIDE (__preinit_array_end = .)
                0x08007744                        . = ALIGN (0x4)

.init_array     0x08007744        0x4
                0x08007744                        . = ALIGN (0x4)
                0x08007744                        PROVIDE (__init_array_start = .)
 *(SORT_BY_NAME(.init_array.*))
 *(.init_array*)
 .init_array    0x08007744        0x4 c:/Users/aticl/AppData/Roaming/Code/User/globalStorage/bmd.stm32-for-vscode/@xpack-dev-tools/arm-none-eabi-gcc/14.2.1-1.1.1/.content/bin/../lib/gcc/arm-none-eabi/14.2.1/thumb/v7e-m+dp/hard/crtbegin.o
                0x08007748                        PROVIDE (__init_array_end = .)
                0x08007748                        . = ALIGN (0x4)

.fini_array     0x08007748        0x4
                0x08007748                        . = ALIGN (0x4)
                0x08007748                        PROVIDE (__fini_array_start = .)
 *(SORT_BY_NAME(.fini_array.*))
 *(.fini_array*)
 .fini_array    0x08007748        0x4 c:/Users/aticl/AppData/Roaming/Code/User/globalStorage/bmd.stm32-for-vscode/@xpack-dev-tools/arm-none-eabi-gcc/14.2.1-1.1.1/.content/bin/../lib/gcc/arm-none-eabi/14.2.1/thumb/v7e-m+dp/hard/crtbegin.o
                0x0800774c                        PROVIDE (__fini_array_end = .)
                0x0800774c                        . = ALIGN (0x4)
                0x0800774c                        _sidata = LOADADDR (.data)

.rel.dyn        0x0800774c        0x0
 .rel.iplt      0x0800774c        0x0 c:/Users/aticl/AppData/Roaming/Code/User/globalStorage/bmd.stm32-for-vscode/@xpack-dev-tools/arm-none-eabi-gcc/14.2.1-1.1.1/.content/bin/../lib/gcc/arm-none-eabi/14.2.1/thumb/v7e-m+dp/hard/crtbegin.o

.data           0x20000000      0x150 load address 0x0800774c
                0x20000000                        . = ALIGN (0x4)
                0x20000000                        _sdata = .
 *(.data)
 *(.data*)
 .data.uwTickFreq
                0x20000000        0x1 build/debug/stm32h7xx_hal.o
                0x20000000                uwTickFreq
 *fill*         0x20000001        0x3 
 .data.uwTickPrio
                0x20000004        0x4 build/debug/stm32h7xx_hal.o
                0x20000004                uwTickPrio
 .data.SystemD2Clock
                0x20000008        0x4 build/debug/system_stm32h7xx.o
                0x20000008                SystemD2Clock
 .data.SystemCoreClock
                0x2000000c        0x4 build/debug/system_stm32h7xx.o
                0x2000000c                SystemCoreClock
 .data.USBD_CDC_CfgDesc
                0x20000010       0x43 build/debug/usbd_cdc.o
 *fill*         0x20000053        0x1 
 .data.USBD_CDC
                0x20000054       0x38 build/debug/usbd_cdc.o
                0x20000054                USBD_CDC
 .data.USBD_CDC_DeviceQualifierDesc
                0x2000008c        0xa build/debug/usbd_cdc.o
 *fill*         0x20000096        0x2 
 .data.USBD_Interface_fops_FS
                0x20000098       0x14 build/debug/usbd_cdc_if.o
                0x20000098                USBD_Interface_fops_FS
 .data.USBD_StringSerial
                0x200000ac       0x1a build/debug/usbd_desc.o
                0x200000ac                USBD_StringSerial
 *fill*         0x200000c6        0x2 
 .data.USBD_LangIDDesc
                0x200000c8        0x4 build/debug/usbd_desc.o
                0x200000c8                USBD_LangIDDesc
 .data.USBD_FS_DeviceDesc
                0x200000cc       0x12 build/debug/usbd_desc.o
                0x200000cc                USBD_FS_DeviceDesc
 *fill*         0x200000de        0x2 
 .data.FS_Desc  0x200000e0       0x20 build/debug/usbd_desc.o
                0x200000e0                FS_Desc
 .data._impure_ptr
                0x20000100        0x4 c:/Users/aticl/AppData/Roaming/Code/User/globalStorage/bmd.stm32-for-vscode/@xpack-dev-tools/arm-none-eabi-gcc/14.2.1-1.1.1/.content/bin/../lib/gcc/arm-none-eabi/14.2.1/../../../../arm-none-eabi/lib/thumb/v7e-m+dp/hard\libc_nano.a(libc_a-impure.o)
                0x20000100                _impure_ptr
 .data._impure_data
                0x20000104       0x4c c:/Users/aticl/AppData/Roaming/Code/User/globalStorage/bmd.stm32-for-vscode/@xpack-dev-tools/arm-none-eabi-gcc/14.2.1-1.1.1/.content/bin/../lib/gcc/arm-none-eabi/14.2.1/../../../../arm-none-eabi/lib/thumb/v7e-m+dp/hard\libc_nano.a(libc_a-impure.o)
                0x20000104                _impure_data
 *(.RamFunc)
 *(.RamFunc*)
                0x20000150                        . = ALIGN (0x4)
                0x20000150                        _edata = .

.igot.plt       0x20000150        0x0 load address 0x0800789c
 .igot.plt      0x20000150        0x0 c:/Users/aticl/AppData/Roaming/Code/User/globalStorage/bmd.stm32-for-vscode/@xpack-dev-tools/arm-none-eabi-gcc/14.2.1-1.1.1/.content/bin/../lib/gcc/arm-none-eabi/14.2.1/thumb/v7e-m+dp/hard/crtbegin.o
                0x20000150                        . = ALIGN (0x4)

.bss            0x20000150      0xed8 load address 0x0800789c
                0x20000150                        _sbss = .
                0x20000150                        __bss_start__ = _sbss
 *(.bss)
 *(.bss*)
 .bss.completed.1
                0x20000150        0x1 c:/Users/aticl/AppData/Roaming/Code/User/globalStorage/bmd.stm32-for-vscode/@xpack-dev-tools/arm-none-eabi-gcc/14.2.1-1.1.1/.content/bin/../lib/gcc/arm-none-eabi/14.2.1/thumb/v7e-m+dp/hard/crtbegin.o
 *fill*         0x20000151        0x3 
 .bss.object.0  0x20000154       0x18 c:/Users/aticl/AppData/Roaming/Code/User/globalStorage/bmd.stm32-for-vscode/@xpack-dev-tools/arm-none-eabi-gcc/14.2.1-1.1.1/.content/bin/../lib/gcc/arm-none-eabi/14.2.1/thumb/v7e-m+dp/hard/crtbegin.o
 .bss.TxData    0x2000016c        0x8 build/debug/main.o
                0x2000016c                TxData
 .bss.TxHeader  0x20000174       0x24 build/debug/main.o
                0x20000174                TxHeader
 .bss.RxData    0x20000198        0x8 build/debug/main.o
                0x20000198                RxData
 .bss.RxHeader  0x200001a0       0x28 build/debug/main.o
                0x200001a0                RxHeader
 .bss.htim2     0x200001c8       0x4c build/debug/main.o
                0x200001c8                htim2
 .bss.hfdcan1   0x20000214       0xa0 build/debug/main.o
                0x20000214                hfdcan1
 .bss.uwTick    0x200002b4        0x4 build/debug/stm32h7xx_hal.o
                0x200002b4                uwTick
 .bss.__sbrk_heap_end
                0x200002b8        0x4 build/debug/sysmem.o
 .bss.hUsbDeviceFS
                0x200002bc      0x2dc build/debug/usb_device.o
                0x200002bc                hUsbDeviceFS
 .bss.UserTxBufferFS
                0x20000598      0x100 build/debug/usbd_cdc_if.o
                0x20000598                UserTxBufferFS
 .bss.UserRxBufferFS
                0x20000698      0x100 build/debug/usbd_cdc_if.o
                0x20000698                UserRxBufferFS
 .bss.mem.0     0x20000798      0x220 build/debug/usbd_conf.o
 .bss.hpcd_USB_OTG_FS
                0x200009b8      0x4e4 build/debug/usbd_conf.o
                0x200009b8                hpcd_USB_OTG_FS
 .bss.cfgidx.0  0x20000e9c        0x1 build/debug/usbd_ctlreq.o
 *fill*         0x20000e9d        0x3 
 .bss.USBD_StrDesc
                0x20000ea0       0x40 build/debug/usbd_desc.o
                0x20000ea0                USBD_StrDesc
 .bss.__sf      0x20000ee0      0x138 c:/Users/aticl/AppData/Roaming/Code/User/globalStorage/bmd.stm32-for-vscode/@xpack-dev-tools/arm-none-eabi-gcc/14.2.1-1.1.1/.content/bin/../lib/gcc/arm-none-eabi/14.2.1/../../../../arm-none-eabi/lib/thumb/v7e-m+dp/hard\libc_nano.a(libc_a-findfp.o)
                0x20000ee0                __sf
 .bss.errno     0x20001018        0x4 c:/Users/aticl/AppData/Roaming/Code/User/globalStorage/bmd.stm32-for-vscode/@xpack-dev-tools/arm-none-eabi-gcc/14.2.1-1.1.1/.content/bin/../lib/gcc/arm-none-eabi/14.2.1/../../../../arm-none-eabi/lib/thumb/v7e-m+dp/hard\libc_nano.a(libc_a-reent.o)
                0x20001018                errno
 .bss.__lock___malloc_recursive_mutex
                0x2000101c        0x1 c:/Users/aticl/AppData/Roaming/Code/User/globalStorage/bmd.stm32-for-vscode/@xpack-dev-tools/arm-none-eabi-gcc/14.2.1-1.1.1/.content/bin/../lib/gcc/arm-none-eabi/14.2.1/../../../../arm-none-eabi/lib/thumb/v7e-m+dp/hard\libc_nano.a(libc_a-lock.o)
                0x2000101c                __lock___malloc_recursive_mutex
 *fill*         0x2000101d        0x3 
 .bss.__malloc_sbrk_start
                0x20001020        0x4 c:/Users/aticl/AppData/Roaming/Code/User/globalStorage/bmd.stm32-for-vscode/@xpack-dev-tools/arm-none-eabi-gcc/14.2.1-1.1.1/.content/bin/../lib/gcc/arm-none-eabi/14.2.1/../../../../arm-none-eabi/lib/thumb/v7e-m+dp/hard\libc_nano.a(libc_a-mallocr.o)
                0x20001020                __malloc_sbrk_start
 .bss.__malloc_free_list
                0x20001024        0x4 c:/Users/aticl/AppData/Roaming/Code/User/globalStorage/bmd.stm32-for-vscode/@xpack-dev-tools/arm-none-eabi-gcc/14.2.1-1.1.1/.content/bin/../lib/gcc/arm-none-eabi/14.2.1/../../../../arm-none-eabi/lib/thumb/v7e-m+dp/hard\libc_nano.a(libc_a-mallocr.o)
                0x20001024                __malloc_free_list
 *(COMMON)
                0x20001028                        . = ALIGN (0x4)
                0x20001028                        _ebss = .
                0x20001028                        __bss_end__ = _ebss

._user_heap_stack
                0x20001028      0x600 load address 0x0800789c
                0x20001028                        . = ALIGN (0x8)
                [!provide]                        PROVIDE (end = .)
                0x20001028                        PROVIDE (_end = .)
                0x20001228                        . = (. + _Min_Heap_Size)
 *fill*         0x20001028      0x200 
                0x20001628                        . = (. + _Min_Stack_Size)
 *fill*         0x20001228      0x400 
                0x20001628                        . = ALIGN (0x8)

/DISCARD/
 libc.a(*)
 libm.a(*)
 libgcc.a(*)
OUTPUT(build/debug/stm32_h7_hse_test1.elf elf32-littlearm)
LOAD linker stubs
LOAD c:/Users/aticl/AppData/Roaming/Code/User/globalStorage/bmd.stm32-for-vscode/@xpack-dev-tools/arm-none-eabi-gcc/14.2.1-1.1.1/.content/bin/../lib/gcc/arm-none-eabi/14.2.1/../../../../arm-none-eabi/lib/thumb/v7e-m+dp/hard\libc.a
LOAD c:/Users/aticl/AppData/Roaming/Code/User/globalStorage/bmd.stm32-for-vscode/@xpack-dev-tools/arm-none-eabi-gcc/14.2.1-1.1.1/.content/bin/../lib/gcc/arm-none-eabi/14.2.1/../../../../arm-none-eabi/lib/thumb/v7e-m+dp/hard\libm.a
LOAD c:/Users/aticl/AppData/Roaming/Code/User/globalStorage/bmd.stm32-for-vscode/@xpack-dev-tools/arm-none-eabi-gcc/14.2.1-1.1.1/.content/bin/../lib/gcc/arm-none-eabi/14.2.1/thumb/v7e-m+dp/hard\libgcc.a

.ARM.attributes
                0x00000000       0x2e
 .ARM.attributes
                0x00000000       0x20 c:/Users/aticl/AppData/Roaming/Code/User/globalStorage/bmd.stm32-for-vscode/@xpack-dev-tools/arm-none-eabi-gcc/14.2.1-1.1.1/.content/bin/../lib/gcc/arm-none-eabi/14.2.1/thumb/v7e-m+dp/hard/crti.o
 .ARM.attributes
                0x00000020       0x32 c:/Users/aticl/AppData/Roaming/Code/User/globalStorage/bmd.stm32-for-vscode/@xpack-dev-tools/arm-none-eabi-gcc/14.2.1-1.1.1/.content/bin/../lib/gcc/arm-none-eabi/14.2.1/thumb/v7e-m+dp/hard/crtbegin.o
 .ARM.attributes
                0x00000052       0x32 build/debug/main.o
 .ARM.attributes
                0x00000084       0x32 build/debug/stm32h7xx_hal.o
 .ARM.attributes
                0x000000b6       0x32 build/debug/stm32h7xx_hal_cortex.o
 .ARM.attributes
                0x000000e8       0x32 build/debug/stm32h7xx_hal_fdcan.o
 .ARM.attributes
                0x0000011a       0x32 build/debug/stm32h7xx_hal_gpio.o
 .ARM.attributes
                0x0000014c       0x32 build/debug/stm32h7xx_hal_msp.o
 .ARM.attributes
                0x0000017e       0x32 build/debug/stm32h7xx_hal_pcd.o
 .ARM.attributes
                0x000001b0       0x32 build/debug/stm32h7xx_hal_pcd_ex.o
 .ARM.attributes
                0x000001e2       0x32 build/debug/stm32h7xx_hal_pwr_ex.o
 .ARM.attributes
                0x00000214       0x32 build/debug/stm32h7xx_hal_rcc.o
 .ARM.attributes
                0x00000246       0x32 build/debug/stm32h7xx_hal_rcc_ex.o
 .ARM.attributes
                0x00000278       0x32 build/debug/stm32h7xx_hal_tim.o
 .ARM.attributes
                0x000002aa       0x32 build/debug/stm32h7xx_hal_tim_ex.o
 .ARM.attributes
                0x000002dc       0x32 build/debug/stm32h7xx_it.o
 .ARM.attributes
                0x0000030e       0x32 build/debug/stm32h7xx_ll_usb.o
 .ARM.attributes
                0x00000340       0x32 build/debug/sysmem.o
 .ARM.attributes
                0x00000372       0x32 build/debug/system_stm32h7xx.o
 .ARM.attributes
                0x000003a4       0x32 build/debug/usb_device.o
 .ARM.attributes
                0x000003d6       0x32 build/debug/usbd_cdc.o
 .ARM.attributes
                0x00000408       0x32 build/debug/usbd_cdc_if.o
 .ARM.attributes
                0x0000043a       0x32 build/debug/usbd_conf.o
 .ARM.attributes
                0x0000046c       0x32 build/debug/usbd_core.o
 .ARM.attributes
                0x0000049e       0x32 build/debug/usbd_ctlreq.o
 .ARM.attributes
                0x000004d0       0x32 build/debug/usbd_desc.o
 .ARM.attributes
                0x00000502       0x32 build/debug/usbd_ioreq.o
 .ARM.attributes
                0x00000534       0x21 build/debug/startup_stm32h750xx.o
 .ARM.attributes
                0x00000555       0x32 c:/Users/aticl/AppData/Roaming/Code/User/globalStorage/bmd.stm32-for-vscode/@xpack-dev-tools/arm-none-eabi-gcc/14.2.1-1.1.1/.content/bin/../lib/gcc/arm-none-eabi/14.2.1/../../../../arm-none-eabi/lib/thumb/v7e-m+dp/hard\libc_nano.a(libc_a-findfp.o)
 .ARM.attributes
                0x00000587       0x32 c:/Users/aticl/AppData/Roaming/Code/User/globalStorage/bmd.stm32-for-vscode/@xpack-dev-tools/arm-none-eabi-gcc/14.2.1-1.1.1/.content/bin/../lib/gcc/arm-none-eabi/14.2.1/../../../../arm-none-eabi/lib/thumb/v7e-m+dp/hard\libc_nano.a(libc_a-snprintf.o)
 .ARM.attributes
                0x000005b9       0x32 c:/Users/aticl/AppData/Roaming/Code/User/globalStorage/bmd.stm32-for-vscode/@xpack-dev-tools/arm-none-eabi-gcc/14.2.1-1.1.1/.content/bin/../lib/gcc/arm-none-eabi/14.2.1/../../../../arm-none-eabi/lib/thumb/v7e-m+dp/hard\libc_nano.a(libc_a-memset.o)
 .ARM.attributes
                0x000005eb       0x32 c:/Users/aticl/AppData/Roaming/Code/User/globalStorage/bmd.stm32-for-vscode/@xpack-dev-tools/arm-none-eabi-gcc/14.2.1-1.1.1/.content/bin/../lib/gcc/arm-none-eabi/14.2.1/../../../../arm-none-eabi/lib/thumb/v7e-m+dp/hard\libc_nano.a(libc_a-reent.o)
 .ARM.attributes
                0x0000061d       0x32 c:/Users/aticl/AppData/Roaming/Code/User/globalStorage/bmd.stm32-for-vscode/@xpack-dev-tools/arm-none-eabi-gcc/14.2.1-1.1.1/.content/bin/../lib/gcc/arm-none-eabi/14.2.1/../../../../arm-none-eabi/lib/thumb/v7e-m+dp/hard\libc_nano.a(libc_a-impure.o)
 .ARM.attributes
                0x0000064f       0x32 c:/Users/aticl/AppData/Roaming/Code/User/globalStorage/bmd.stm32-for-vscode/@xpack-dev-tools/arm-none-eabi-gcc/14.2.1-1.1.1/.content/bin/../lib/gcc/arm-none-eabi/14.2.1/../../../../arm-none-eabi/lib/thumb/v7e-m+dp/hard\libc_nano.a(libc_a-errno.o)
 .ARM.attributes
                0x00000681       0x32 c:/Users/aticl/AppData/Roaming/Code/User/globalStorage/bmd.stm32-for-vscode/@xpack-dev-tools/arm-none-eabi-gcc/14.2.1-1.1.1/.content/bin/../lib/gcc/arm-none-eabi/14.2.1/../../../../arm-none-eabi/lib/thumb/v7e-m+dp/hard\libc_nano.a(libc_a-init.o)
 .ARM.attributes
                0x000006b3       0x32 c:/Users/aticl/AppData/Roaming/Code/User/globalStorage/bmd.stm32-for-vscode/@xpack-dev-tools/arm-none-eabi-gcc/14.2.1-1.1.1/.content/bin/../lib/gcc/arm-none-eabi/14.2.1/../../../../arm-none-eabi/lib/thumb/v7e-m+dp/hard\libc_nano.a(libc_a-lock.o)
 .ARM.attributes
                0x000006e5       0x32 c:/Users/aticl/AppData/Roaming/Code/User/globalStorage/bmd.stm32-for-vscode/@xpack-dev-tools/arm-none-eabi-gcc/14.2.1-1.1.1/.content/bin/../lib/gcc/arm-none-eabi/14.2.1/../../../../arm-none-eabi/lib/thumb/v7e-m+dp/hard\libc_nano.a(libc_a-memcpy-stub.o)
 .ARM.attributes
                0x00000717       0x17 c:/Users/aticl/AppData/Roaming/Code/User/globalStorage/bmd.stm32-for-vscode/@xpack-dev-tools/arm-none-eabi-gcc/14.2.1-1.1.1/.content/bin/../lib/gcc/arm-none-eabi/14.2.1/../../../../arm-none-eabi/lib/thumb/v7e-m+dp/hard\libc_nano.a(libc_a-strlen.o)
 .ARM.attributes
                0x0000072e       0x32 c:/Users/aticl/AppData/Roaming/Code/User/globalStorage/bmd.stm32-for-vscode/@xpack-dev-tools/arm-none-eabi-gcc/14.2.1-1.1.1/.content/bin/../lib/gcc/arm-none-eabi/14.2.1/../../../../arm-none-eabi/lib/thumb/v7e-m+dp/hard\libc_nano.a(libc_a-freer.o)
 .ARM.attributes
                0x00000760       0x32 c:/Users/aticl/AppData/Roaming/Code/User/globalStorage/bmd.stm32-for-vscode/@xpack-dev-tools/arm-none-eabi-gcc/14.2.1-1.1.1/.content/bin/../lib/gcc/arm-none-eabi/14.2.1/../../../../arm-none-eabi/lib/thumb/v7e-m+dp/hard\libc_nano.a(libc_a-mallocr.o)
 .ARM.attributes
                0x00000792       0x32 c:/Users/aticl/AppData/Roaming/Code/User/globalStorage/bmd.stm32-for-vscode/@xpack-dev-tools/arm-none-eabi-gcc/14.2.1-1.1.1/.content/bin/../lib/gcc/arm-none-eabi/14.2.1/../../../../arm-none-eabi/lib/thumb/v7e-m+dp/hard\libc_nano.a(libc_a-mlock.o)
 .ARM.attributes
                0x000007c4       0x32 c:/Users/aticl/AppData/Roaming/Code/User/globalStorage/bmd.stm32-for-vscode/@xpack-dev-tools/arm-none-eabi-gcc/14.2.1-1.1.1/.content/bin/../lib/gcc/arm-none-eabi/14.2.1/../../../../arm-none-eabi/lib/thumb/v7e-m+dp/hard\libc_nano.a(libc_a-nano-svfprintf.o)
 .ARM.attributes
                0x000007f6       0x32 c:/Users/aticl/AppData/Roaming/Code/User/globalStorage/bmd.stm32-for-vscode/@xpack-dev-tools/arm-none-eabi-gcc/14.2.1-1.1.1/.content/bin/../lib/gcc/arm-none-eabi/14.2.1/../../../../arm-none-eabi/lib/thumb/v7e-m+dp/hard\libc_nano.a(libc_a-nano-vfprintf_i.o)
 .ARM.attributes
                0x00000828       0x32 c:/Users/aticl/AppData/Roaming/Code/User/globalStorage/bmd.stm32-for-vscode/@xpack-dev-tools/arm-none-eabi-gcc/14.2.1-1.1.1/.content/bin/../lib/gcc/arm-none-eabi/14.2.1/../../../../arm-none-eabi/lib/thumb/v7e-m+dp/hard\libc_nano.a(libc_a-memmove.o)
 .ARM.attributes
                0x0000085a       0x32 c:/Users/aticl/AppData/Roaming/Code/User/globalStorage/bmd.stm32-for-vscode/@xpack-dev-tools/arm-none-eabi-gcc/14.2.1-1.1.1/.content/bin/../lib/gcc/arm-none-eabi/14.2.1/../../../../arm-none-eabi/lib/thumb/v7e-m+dp/hard\libc_nano.a(libc_a-sbrkr.o)
 .ARM.attributes
                0x0000088c       0x1c c:/Users/aticl/AppData/Roaming/Code/User/globalStorage/bmd.stm32-for-vscode/@xpack-dev-tools/arm-none-eabi-gcc/14.2.1-1.1.1/.content/bin/../lib/gcc/arm-none-eabi/14.2.1/../../../../arm-none-eabi/lib/thumb/v7e-m+dp/hard\libc_nano.a(libc_a-memchr.o)
 .ARM.attributes
                0x000008a8       0x32 c:/Users/aticl/AppData/Roaming/Code/User/globalStorage/bmd.stm32-for-vscode/@xpack-dev-tools/arm-none-eabi-gcc/14.2.1-1.1.1/.content/bin/../lib/gcc/arm-none-eabi/14.2.1/../../../../arm-none-eabi/lib/thumb/v7e-m+dp/hard\libc_nano.a(libc_a-reallocr.o)
 .ARM.attributes
                0x000008da       0x32 c:/Users/aticl/AppData/Roaming/Code/User/globalStorage/bmd.stm32-for-vscode/@xpack-dev-tools/arm-none-eabi-gcc/14.2.1-1.1.1/.content/bin/../lib/gcc/arm-none-eabi/14.2.1/../../../../arm-none-eabi/lib/thumb/v7e-m+dp/hard\libc_nano.a(libc_a-msizer.o)
 .ARM.attributes
                0x0000090c       0x20 c:/Users/aticl/AppData/Roaming/Code/User/globalStorage/bmd.stm32-for-vscode/@xpack-dev-tools/arm-none-eabi-gcc/14.2.1-1.1.1/.content/bin/../lib/gcc/arm-none-eabi/14.2.1/thumb/v7e-m+dp/hard/crtn.o

.comment        0x00000000       0x39
 .comment       0x00000000       0x39 c:/Users/aticl/AppData/Roaming/Code/User/globalStorage/bmd.stm32-for-vscode/@xpack-dev-tools/arm-none-eabi-gcc/14.2.1-1.1.1/.content/bin/../lib/gcc/arm-none-eabi/14.2.1/thumb/v7e-m+dp/hard/crtbegin.o
                                 0x3a (size before relaxing)
 .comment       0x00000039       0x3a build/debug/main.o
 .comment       0x00000039       0x3a build/debug/stm32h7xx_hal.o
 .comment       0x00000039       0x3a build/debug/stm32h7xx_hal_cortex.o
 .comment       0x00000039       0x3a build/debug/stm32h7xx_hal_fdcan.o
 .comment       0x00000039       0x3a build/debug/stm32h7xx_hal_gpio.o
 .comment       0x00000039       0x3a build/debug/stm32h7xx_hal_msp.o
 .comment       0x00000039       0x3a build/debug/stm32h7xx_hal_pcd.o
 .comment       0x00000039       0x3a build/debug/stm32h7xx_hal_pcd_ex.o
 .comment       0x00000039       0x3a build/debug/stm32h7xx_hal_pwr_ex.o
 .comment       0x00000039       0x3a build/debug/stm32h7xx_hal_rcc.o
 .comment       0x00000039       0x3a build/debug/stm32h7xx_hal_rcc_ex.o
 .comment       0x00000039       0x3a build/debug/stm32h7xx_hal_tim.o
 .comment       0x00000039       0x3a build/debug/stm32h7xx_hal_tim_ex.o
 .comment       0x00000039       0x3a build/debug/stm32h7xx_it.o
 .comment       0x00000039       0x3a build/debug/stm32h7xx_ll_usb.o
 .comment       0x00000039       0x3a build/debug/sysmem.o
 .comment       0x00000039       0x3a build/debug/system_stm32h7xx.o
 .comment       0x00000039       0x3a build/debug/usb_device.o
 .comment       0x00000039       0x3a build/debug/usbd_cdc.o
 .comment       0x00000039       0x3a build/debug/usbd_cdc_if.o
 .comment       0x00000039       0x3a build/debug/usbd_conf.o
 .comment       0x00000039       0x3a build/debug/usbd_core.o
 .comment       0x00000039       0x3a build/debug/usbd_ctlreq.o
 .comment       0x00000039       0x3a build/debug/usbd_desc.o
 .comment       0x00000039       0x3a build/debug/usbd_ioreq.o
 .comment       0x00000039       0x3a c:/Users/aticl/AppData/Roaming/Code/User/globalStorage/bmd.stm32-for-vscode/@xpack-dev-tools/arm-none-eabi-gcc/14.2.1-1.1.1/.content/bin/../lib/gcc/arm-none-eabi/14.2.1/../../../../arm-none-eabi/lib/thumb/v7e-m+dp/hard\libc_nano.a(libc_a-findfp.o)
 .comment       0x00000039       0x3a c:/Users/aticl/AppData/Roaming/Code/User/globalStorage/bmd.stm32-for-vscode/@xpack-dev-tools/arm-none-eabi-gcc/14.2.1-1.1.1/.content/bin/../lib/gcc/arm-none-eabi/14.2.1/../../../../arm-none-eabi/lib/thumb/v7e-m+dp/hard\libc_nano.a(libc_a-snprintf.o)
 .comment       0x00000039       0x3a c:/Users/aticl/AppData/Roaming/Code/User/globalStorage/bmd.stm32-for-vscode/@xpack-dev-tools/arm-none-eabi-gcc/14.2.1-1.1.1/.content/bin/../lib/gcc/arm-none-eabi/14.2.1/../../../../arm-none-eabi/lib/thumb/v7e-m+dp/hard\libc_nano.a(libc_a-memset.o)
 .comment       0x00000039       0x3a c:/Users/aticl/AppData/Roaming/Code/User/globalStorage/bmd.stm32-for-vscode/@xpack-dev-tools/arm-none-eabi-gcc/14.2.1-1.1.1/.content/bin/../lib/gcc/arm-none-eabi/14.2.1/../../../../arm-none-eabi/lib/thumb/v7e-m+dp/hard\libc_nano.a(libc_a-reent.o)
 .comment       0x00000039       0x3a c:/Users/aticl/AppData/Roaming/Code/User/globalStorage/bmd.stm32-for-vscode/@xpack-dev-tools/arm-none-eabi-gcc/14.2.1-1.1.1/.content/bin/../lib/gcc/arm-none-eabi/14.2.1/../../../../arm-none-eabi/lib/thumb/v7e-m+dp/hard\libc_nano.a(libc_a-impure.o)
 .comment       0x00000039       0x3a c:/Users/aticl/AppData/Roaming/Code/User/globalStorage/bmd.stm32-for-vscode/@xpack-dev-tools/arm-none-eabi-gcc/14.2.1-1.1.1/.content/bin/../lib/gcc/arm-none-eabi/14.2.1/../../../../arm-none-eabi/lib/thumb/v7e-m+dp/hard\libc_nano.a(libc_a-errno.o)
 .comment       0x00000039       0x3a c:/Users/aticl/AppData/Roaming/Code/User/globalStorage/bmd.stm32-for-vscode/@xpack-dev-tools/arm-none-eabi-gcc/14.2.1-1.1.1/.content/bin/../lib/gcc/arm-none-eabi/14.2.1/../../../../arm-none-eabi/lib/thumb/v7e-m+dp/hard\libc_nano.a(libc_a-init.o)
 .comment       0x00000039       0x3a c:/Users/aticl/AppData/Roaming/Code/User/globalStorage/bmd.stm32-for-vscode/@xpack-dev-tools/arm-none-eabi-gcc/14.2.1-1.1.1/.content/bin/../lib/gcc/arm-none-eabi/14.2.1/../../../../arm-none-eabi/lib/thumb/v7e-m+dp/hard\libc_nano.a(libc_a-lock.o)
 .comment       0x00000039       0x3a c:/Users/aticl/AppData/Roaming/Code/User/globalStorage/bmd.stm32-for-vscode/@xpack-dev-tools/arm-none-eabi-gcc/14.2.1-1.1.1/.content/bin/../lib/gcc/arm-none-eabi/14.2.1/../../../../arm-none-eabi/lib/thumb/v7e-m+dp/hard\libc_nano.a(libc_a-memcpy-stub.o)
 .comment       0x00000039       0x3a c:/Users/aticl/AppData/Roaming/Code/User/globalStorage/bmd.stm32-for-vscode/@xpack-dev-tools/arm-none-eabi-gcc/14.2.1-1.1.1/.content/bin/../lib/gcc/arm-none-eabi/14.2.1/../../../../arm-none-eabi/lib/thumb/v7e-m+dp/hard\libc_nano.a(libc_a-freer.o)
 .comment       0x00000039       0x3a c:/Users/aticl/AppData/Roaming/Code/User/globalStorage/bmd.stm32-for-vscode/@xpack-dev-tools/arm-none-eabi-gcc/14.2.1-1.1.1/.content/bin/../lib/gcc/arm-none-eabi/14.2.1/../../../../arm-none-eabi/lib/thumb/v7e-m+dp/hard\libc_nano.a(libc_a-mallocr.o)
 .comment       0x00000039       0x3a c:/Users/aticl/AppData/Roaming/Code/User/globalStorage/bmd.stm32-for-vscode/@xpack-dev-tools/arm-none-eabi-gcc/14.2.1-1.1.1/.content/bin/../lib/gcc/arm-none-eabi/14.2.1/../../../../arm-none-eabi/lib/thumb/v7e-m+dp/hard\libc_nano.a(libc_a-mlock.o)
 .comment       0x00000039       0x3a c:/Users/aticl/AppData/Roaming/Code/User/globalStorage/bmd.stm32-for-vscode/@xpack-dev-tools/arm-none-eabi-gcc/14.2.1-1.1.1/.content/bin/../lib/gcc/arm-none-eabi/14.2.1/../../../../arm-none-eabi/lib/thumb/v7e-m+dp/hard\libc_nano.a(libc_a-nano-svfprintf.o)
 .comment       0x00000039       0x3a c:/Users/aticl/AppData/Roaming/Code/User/globalStorage/bmd.stm32-for-vscode/@xpack-dev-tools/arm-none-eabi-gcc/14.2.1-1.1.1/.content/bin/../lib/gcc/arm-none-eabi/14.2.1/../../../../arm-none-eabi/lib/thumb/v7e-m+dp/hard\libc_nano.a(libc_a-nano-vfprintf_i.o)
 .comment       0x00000039       0x3a c:/Users/aticl/AppData/Roaming/Code/User/globalStorage/bmd.stm32-for-vscode/@xpack-dev-tools/arm-none-eabi-gcc/14.2.1-1.1.1/.content/bin/../lib/gcc/arm-none-eabi/14.2.1/../../../../arm-none-eabi/lib/thumb/v7e-m+dp/hard\libc_nano.a(libc_a-memmove.o)
 .comment       0x00000039       0x3a c:/Users/aticl/AppData/Roaming/Code/User/globalStorage/bmd.stm32-for-vscode/@xpack-dev-tools/arm-none-eabi-gcc/14.2.1-1.1.1/.content/bin/../lib/gcc/arm-none-eabi/14.2.1/../../../../arm-none-eabi/lib/thumb/v7e-m+dp/hard\libc_nano.a(libc_a-sbrkr.o)
 .comment       0x00000039       0x3a c:/Users/aticl/AppData/Roaming/Code/User/globalStorage/bmd.stm32-for-vscode/@xpack-dev-tools/arm-none-eabi-gcc/14.2.1-1.1.1/.content/bin/../lib/gcc/arm-none-eabi/14.2.1/../../../../arm-none-eabi/lib/thumb/v7e-m+dp/hard\libc_nano.a(libc_a-reallocr.o)
 .comment       0x00000039       0x3a c:/Users/aticl/AppData/Roaming/Code/User/globalStorage/bmd.stm32-for-vscode/@xpack-dev-tools/arm-none-eabi-gcc/14.2.1-1.1.1/.content/bin/../lib/gcc/arm-none-eabi/14.2.1/../../../../arm-none-eabi/lib/thumb/v7e-m+dp/hard\libc_nano.a(libc_a-msizer.o)

.debug_info     0x00000000    0x2336a
 .debug_info    0x00000000     0x2670 build/debug/main.o
 .debug_info    0x00002670     0x163f build/debug/stm32h7xx_hal.o
 .debug_info    0x00003caf     0x1320 build/debug/stm32h7xx_hal_cortex.o
 .debug_info    0x00004fcf     0x3275 build/debug/stm32h7xx_hal_fdcan.o
 .debug_info    0x00008244      0xc96 build/debug/stm32h7xx_hal_gpio.o
 .debug_info    0x00008eda     0x1d48 build/debug/stm32h7xx_hal_msp.o
 .debug_info    0x0000ac22     0x1c4f build/debug/stm32h7xx_hal_pcd.o
 .debug_info    0x0000c871      0xa1a build/debug/stm32h7xx_hal_pcd_ex.o
 .debug_info    0x0000d28b     0x11a6 build/debug/stm32h7xx_hal_pwr_ex.o
 .debug_info    0x0000e431     0x1166 build/debug/stm32h7xx_hal_rcc.o
 .debug_info    0x0000f597     0x1a0c build/debug/stm32h7xx_hal_rcc_ex.o
 .debug_info    0x00010fa3     0x3e18 build/debug/stm32h7xx_hal_tim.o
 .debug_info    0x00014dbb     0x1e6b build/debug/stm32h7xx_hal_tim_ex.o
 .debug_info    0x00016c26      0xe79 build/debug/stm32h7xx_it.o
 .debug_info    0x00017a9f     0x1f0d build/debug/stm32h7xx_ll_usb.o
 .debug_info    0x000199ac      0x171 build/debug/sysmem.o
 .debug_info    0x00019b1d      0xddb build/debug/system_stm32h7xx.o
 .debug_info    0x0001a8f8      0x7b0 build/debug/usb_device.o
 .debug_info    0x0001b0a8     0x1801 build/debug/usbd_cdc.o
 .debug_info    0x0001c8a9      0x9ce build/debug/usbd_cdc_if.o
 .debug_info    0x0001d277     0x2add build/debug/usbd_conf.o
 .debug_info    0x0001fd54     0x1267 build/debug/usbd_core.o
 .debug_info    0x00020fbb     0x1466 build/debug/usbd_ctlreq.o
 .debug_info    0x00022421      0x615 build/debug/usbd_desc.o
 .debug_info    0x00022a36      0x904 build/debug/usbd_ioreq.o
 .debug_info    0x0002333a       0x30 build/debug/startup_stm32h750xx.o

.debug_abbrev   0x00000000     0x4033
 .debug_abbrev  0x00000000      0x390 build/debug/main.o
 .debug_abbrev  0x00000390      0x2ba build/debug/stm32h7xx_hal.o
 .debug_abbrev  0x0000064a      0x3ad build/debug/stm32h7xx_hal_cortex.o
 .debug_abbrev  0x000009f7      0x2be build/debug/stm32h7xx_hal_fdcan.o
 .debug_abbrev  0x00000cb5      0x255 build/debug/stm32h7xx_hal_gpio.o
 .debug_abbrev  0x00000f0a      0x254 build/debug/stm32h7xx_hal_msp.o
 .debug_abbrev  0x0000115e      0x2fa build/debug/stm32h7xx_hal_pcd.o
 .debug_abbrev  0x00001458      0x2ad build/debug/stm32h7xx_hal_pcd_ex.o
 .debug_abbrev  0x00001705      0x2c7 build/debug/stm32h7xx_hal_pwr_ex.o
 .debug_abbrev  0x000019cc      0x2ad build/debug/stm32h7xx_hal_rcc.o
 .debug_abbrev  0x00001c79      0x282 build/debug/stm32h7xx_hal_rcc_ex.o
 .debug_abbrev  0x00001efb      0x26f build/debug/stm32h7xx_hal_tim.o
 .debug_abbrev  0x0000216a      0x26d build/debug/stm32h7xx_hal_tim_ex.o
 .debug_abbrev  0x000023d7      0x1c2 build/debug/stm32h7xx_it.o
 .debug_abbrev  0x00002599      0x329 build/debug/stm32h7xx_ll_usb.o
 .debug_abbrev  0x000028c2       0xea build/debug/sysmem.o
 .debug_abbrev  0x000029ac      0x169 build/debug/system_stm32h7xx.o
 .debug_abbrev  0x00002b15      0x1c3 build/debug/usb_device.o
 .debug_abbrev  0x00002cd8      0x33d build/debug/usbd_cdc.o
 .debug_abbrev  0x00003015      0x2c1 build/debug/usbd_cdc_if.o
 .debug_abbrev  0x000032d6      0x346 build/debug/usbd_conf.o
 .debug_abbrev  0x0000361c      0x2f8 build/debug/usbd_core.o
 .debug_abbrev  0x00003914      0x343 build/debug/usbd_ctlreq.o
 .debug_abbrev  0x00003c57      0x208 build/debug/usbd_desc.o
 .debug_abbrev  0x00003e5f      0x1b0 build/debug/usbd_ioreq.o
 .debug_abbrev  0x0000400f       0x24 build/debug/startup_stm32h750xx.o

.debug_loclists
                0x00000000    0x101f4
 .debug_loclists
                0x00000000       0xde build/debug/main.o
 .debug_loclists
                0x000000de      0x2df build/debug/stm32h7xx_hal.o
 .debug_loclists
                0x000003bd      0x50a build/debug/stm32h7xx_hal_cortex.o
 .debug_loclists
                0x000008c7     0x275a build/debug/stm32h7xx_hal_fdcan.o
 .debug_loclists
                0x00003021      0x2a0 build/debug/stm32h7xx_hal_gpio.o
 .debug_loclists
                0x000032c1       0xbb build/debug/stm32h7xx_hal_msp.o
 .debug_loclists
                0x0000337c      0xd74 build/debug/stm32h7xx_hal_pcd.o
 .debug_loclists
                0x000040f0      0x18e build/debug/stm32h7xx_hal_pcd_ex.o
 .debug_loclists
                0x0000427e      0x340 build/debug/stm32h7xx_hal_pwr_ex.o
 .debug_loclists
                0x000045be      0x649 build/debug/stm32h7xx_hal_rcc.o
 .debug_loclists
                0x00004c07     0x15cc build/debug/stm32h7xx_hal_rcc_ex.o
 .debug_loclists
                0x000061d3     0x3bf0 build/debug/stm32h7xx_hal_tim.o
 .debug_loclists
                0x00009dc3     0x19f5 build/debug/stm32h7xx_hal_tim_ex.o
 .debug_loclists