Archive member included to satisfy reference by file (symbol)

c:/Users/aticl/AppData/Roaming/Code/User/globalStorage/bmd.stm32-for-vscode/@xpack-dev-tools/arm-none-eabi-gcc/14.2.1-1.1.1/.content/bin/../lib/gcc/arm-none-eabi/14.2.1/../../../../arm-none-eabi/lib/thumb/v7e-m+dp/hard\libc_nano.a(libc_a-atexit.o)
                              c:/Users/aticl/AppData/Roaming/Code/User/globalStorage/bmd.stm32-for-vscode/@xpack-dev-tools/arm-none-eabi-gcc/14.2.1-1.1.1/.content/bin/../lib/gcc/arm-none-eabi/14.2.1/../../../../arm-none-eabi/lib/thumb/v7e-m+dp/hard/crt0.o (atexit)
c:/Users/aticl/AppData/Roaming/Code/User/globalStorage/bmd.stm32-for-vscode/@xpack-dev-tools/arm-none-eabi-gcc/14.2.1-1.1.1/.content/bin/../lib/gcc/arm-none-eabi/14.2.1/../../../../arm-none-eabi/lib/thumb/v7e-m+dp/hard\libc_nano.a(libc_a-exit.o)
                              c:/Users/aticl/AppData/Roaming/Code/User/globalStorage/bmd.stm32-for-vscode/@xpack-dev-tools/arm-none-eabi-gcc/14.2.1-1.1.1/.content/bin/../lib/gcc/arm-none-eabi/14.2.1/../../../../arm-none-eabi/lib/thumb/v7e-m+dp/hard/crt0.o (exit)
c:/Users/aticl/AppData/Roaming/Code/User/globalStorage/bmd.stm32-for-vscode/@xpack-dev-tools/arm-none-eabi-gcc/14.2.1-1.1.1/.content/bin/../lib/gcc/arm-none-eabi/14.2.1/../../../../arm-none-eabi/lib/thumb/v7e-m+dp/hard\libc_nano.a(libc_a-findfp.o)
                              c:/Users/aticl/AppData/Roaming/Code/User/globalStorage/bmd.stm32-for-vscode/@xpack-dev-tools/arm-none-eabi-gcc/14.2.1-1.1.1/.content/bin/../lib/gcc/arm-none-eabi/14.2.1/../../../../arm-none-eabi/lib/thumb/v7e-m+dp/hard\libc_nano.a(libc_a-exit.o) (__stdio_exit_handler)
c:/Users/aticl/AppData/Roaming/Code/User/globalStorage/bmd.stm32-for-vscode/@xpack-dev-tools/arm-none-eabi-gcc/14.2.1-1.1.1/.content/bin/../lib/gcc/arm-none-eabi/14.2.1/../../../../arm-none-eabi/lib/thumb/v7e-m+dp/hard\libc_nano.a(libc_a-fwalk.o)
                              c:/Users/aticl/AppData/Roaming/Code/User/globalStorage/bmd.stm32-for-vscode/@xpack-dev-tools/arm-none-eabi-gcc/14.2.1-1.1.1/.content/bin/../lib/gcc/arm-none-eabi/14.2.1/../../../../arm-none-eabi/lib/thumb/v7e-m+dp/hard\libc_nano.a(libc_a-findfp.o) (_fwalk_sglue)
c:/Users/aticl/AppData/Roaming/Code/User/globalStorage/bmd.stm32-for-vscode/@xpack-dev-tools/arm-none-eabi-gcc/14.2.1-1.1.1/.content/bin/../lib/gcc/arm-none-eabi/14.2.1/../../../../arm-none-eabi/lib/thumb/v7e-m+dp/hard\libc_nano.a(libc_a-stdio.o)
                              c:/Users/aticl/AppData/Roaming/Code/User/globalStorage/bmd.stm32-for-vscode/@xpack-dev-tools/arm-none-eabi-gcc/14.2.1-1.1.1/.content/bin/../lib/gcc/arm-none-eabi/14.2.1/../../../../arm-none-eabi/lib/thumb/v7e-m+dp/hard\libc_nano.a(libc_a-findfp.o) (__sread)
c:/Users/aticl/AppData/Roaming/Code/User/globalStorage/bmd.stm32-for-vscode/@xpack-dev-tools/arm-none-eabi-gcc/14.2.1-1.1.1/.content/bin/../lib/gcc/arm-none-eabi/14.2.1/../../../../arm-none-eabi/lib/thumb/v7e-m+dp/hard\libc_nano.a(libc_a-memset.o)
                              c:/Users/aticl/AppData/Roaming/Code/User/globalStorage/bmd.stm32-for-vscode/@xpack-dev-tools/arm-none-eabi-gcc/14.2.1-1.1.1/.content/bin/../lib/gcc/arm-none-eabi/14.2.1/../../../../arm-none-eabi/lib/thumb/v7e-m+dp/hard/crt0.o (memset)
c:/Users/aticl/AppData/Roaming/Code/User/globalStorage/bmd.stm32-for-vscode/@xpack-dev-tools/arm-none-eabi-gcc/14.2.1-1.1.1/.content/bin/../lib/gcc/arm-none-eabi/14.2.1/../../../../arm-none-eabi/lib/thumb/v7e-m+dp/hard\libc_nano.a(libc_a-closer.o)
                              c:/Users/aticl/AppData/Roaming/Code/User/globalStorage/bmd.stm32-for-vscode/@xpack-dev-tools/arm-none-eabi-gcc/14.2.1-1.1.1/.content/bin/../lib/gcc/arm-none-eabi/14.2.1/../../../../arm-none-eabi/lib/thumb/v7e-m+dp/hard\libc_nano.a(libc_a-stdio.o) (_close_r)
c:/Users/aticl/AppData/Roaming/Code/User/globalStorage/bmd.stm32-for-vscode/@xpack-dev-tools/arm-none-eabi-gcc/14.2.1-1.1.1/.content/bin/../lib/gcc/arm-none-eabi/14.2.1/../../../../arm-none-eabi/lib/thumb/v7e-m+dp/hard\libc_nano.a(libc_a-reent.o)
                              c:/Users/aticl/AppData/Roaming/Code/User/globalStorage/bmd.stm32-for-vscode/@xpack-dev-tools/arm-none-eabi-gcc/14.2.1-1.1.1/.content/bin/../lib/gcc/arm-none-eabi/14.2.1/../../../../arm-none-eabi/lib/thumb/v7e-m+dp/hard\libc_nano.a(libc_a-closer.o) (errno)
c:/Users/aticl/AppData/Roaming/Code/User/globalStorage/bmd.stm32-for-vscode/@xpack-dev-tools/arm-none-eabi-gcc/14.2.1-1.1.1/.content/bin/../lib/gcc/arm-none-eabi/14.2.1/../../../../arm-none-eabi/lib/thumb/v7e-m+dp/hard\libc_nano.a(libc_a-impure.o)
                              c:/Users/aticl/AppData/Roaming/Code/User/globalStorage/bmd.stm32-for-vscode/@xpack-dev-tools/arm-none-eabi-gcc/14.2.1-1.1.1/.content/bin/../lib/gcc/arm-none-eabi/14.2.1/../../../../arm-none-eabi/lib/thumb/v7e-m+dp/hard\libc_nano.a(libc_a-reent.o) (_impure_ptr)
[...]
Memory Configuration

Name             Origin             Length             Attributes
DTCMRAM          0x20000000         0x00020000         xrw
RAM              0x24000000         0x00080000         xrw
RAM_D2           0x30000000         0x00048000         xrw
RAM_D3           0x38000000         0x00010000         xrw
ITCMRAM          0x00000000         0x00010000         xrw
FLASH            0x08000000         0x00020000         xr
*default*        0x00000000         0xffffffff

Linker script and memory map

LOAD c:/Users/aticl/AppData/Roaming/Code/User/globalStorage/bmd.stm32-for-vscode/@xpack-dev-tools/arm-none-eabi-gcc/14.2.1-1.1.1/.content/bin/../lib/gcc/arm-none-eabi/14.2.1/thumb/v7e-m+dp/hard/crti.o
LOAD c:/Users/aticl/AppData/Roaming/Code/User/globalStorage/bmd.stm32-for-vscode/@xpack-dev-tools/arm-none-eabi-gcc/14.2.1-1.1.1/.content/bin/../lib/gcc/arm-none-eabi/14.2.1/thumb/v7e-m+dp/hard/crtbegin.o
LOAD c:/Users/aticl/AppData/Roaming/Code/User/globalStorage/bmd.stm32-for-vscode/@xpack-dev-tools/arm-none-eabi-gcc/14.2.1-1.1.1/.content/bin/../lib/gcc/arm-none-eabi/14.2.1/../../../../arm-none-eabi/lib/thumb/v7e-m+dp/hard/crt0.o
LOAD build/debug/main.o
LOAD build/debug/stm32h7xx_hal.o
LOAD build/debug/stm32h7xx_hal_cortex.o
LOAD build/debug/stm32h7xx_hal_dma.o
LOAD build/debug/stm32h7xx_hal_dma_ex.o
LOAD build/debug/stm32h7xx_hal_exti.o
LOAD build/debug/stm32h7xx_hal_fdcan.o
LOAD build/debug/stm32h7xx_hal_flash.o
LOAD build/debug/stm32h7xx_hal_flash_ex.o
LOAD build/debug/stm32h7xx_hal_gpio.o
LOAD build/debug/stm32h7xx_hal_hsem.o
LOAD build/debug/stm32h7xx_hal_i2c.o
LOAD build/debug/stm32h7xx_hal_i2c_ex.o
LOAD build/debug/stm32h7xx_hal_mdma.o
LOAD build/debug/stm32h7xx_hal_msp.o
LOAD build/debug/stm32h7xx_hal_pcd.o
LOAD build/debug/stm32h7xx_hal_pcd_ex.o
LOAD build/debug/stm32h7xx_hal_pwr.o
LOAD build/debug/stm32h7xx_hal_pwr_ex.o
LOAD build/debug/stm32h7xx_hal_rcc.o
LOAD build/debug/stm32h7xx_hal_rcc_ex.o
LOAD build/debug/stm32h7xx_hal_tim.o
LOAD build/debug/stm32h7xx_hal_tim_ex.o
LOAD build/debug/stm32h7xx_it.o
LOAD build/debug/stm32h7xx_ll_usb.o
LOAD build/debug/syscalls.o
LOAD build/debug/sysmem.o
LOAD build/debug/system_stm32h7xx.o
LOAD build/debug/usb_device.o
LOAD build/debug/usbd_cdc.o
LOAD build/debug/usbd_cdc_if.o
LOAD build/debug/usbd_conf.o
LOAD build/debug/usbd_core.o
LOAD build/debug/usbd_ctlreq.o
LOAD build/debug/usbd_desc.o
LOAD build/debug/usbd_ioreq.o
LOAD build/debug/startup_stm32h750xx.o
LOAD c:/Users/aticl/AppData/Roaming/Code/User/globalStorage/bmd.stm32-for-vscode/@xpack-dev-tools/arm-none-eabi-gcc/14.2.1-1.1.1/.content/bin/../lib/gcc/arm-none-eabi/14.2.1/../../../../arm-none-eabi/lib/thumb/v7e-m+dp/hard\libc_nano.a
LOAD c:/Users/aticl/AppData/Roaming/Code/User/globalStorage/bmd.stm32-for-vscode/@xpack-dev-tools/arm-none-eabi-gcc/14.2.1-1.1.1/.content/bin/../lib/gcc/arm-none-eabi/14.2.1/../../../../arm-none-eabi/lib/thumb/v7e-m+dp/hard\libm.a
LOAD c:/Users/aticl/AppData/Roaming/Code/User/globalStorage/bmd.stm32-for-vscode/@xpack-dev-tools/arm-none-eabi-gcc/14.2.1-1.1.1/.content/bin/../lib/gcc/arm-none-eabi/14.2.1/../../../../arm-none-eabi/lib/thumb/v7e-m+dp/hard\libnosys.a
START GROUP
LOAD c:/Users/aticl/AppData/Roaming/Code/User/globalStorage/bmd.stm32-for-vscode/@xpack-dev-tools/arm-none-eabi-gcc/14.2.1-1.1.1/.content/bin/../lib/gcc/arm-none-eabi/14.2.1/thumb/v7e-m+dp/hard\libgcc.a
LOAD c:/Users/aticl/AppData/Roaming/Code/User/globalStorage/bmd.stm32-for-vscode/@xpack-dev-tools/arm-none-eabi-gcc/14.2.1-1.1.1/.content/bin/../lib/gcc/arm-none-eabi/14.2.1/../../../../arm-none-eabi/lib/thumb/v7e-m+dp/hard\libc_nano.a
END GROUP
START GROUP
LOAD c:/Users/aticl/AppData/Roaming/Code/User/globalStorage/bmd.stm32-for-vscode/@xpack-dev-tools/arm-none-eabi-gcc/14.2.1-1.1.1/.content/bin/../lib/gcc/arm-none-eabi/14.2.1/thumb/v7e-m+dp/hard\libgcc.a
LOAD c:/Users/aticl/AppData/Roaming/Code/User/globalStorage/bmd.stm32-for-vscode/@xpack-dev-tools/arm-none-eabi-gcc/14.2.1-1.1.1/.content/bin/../lib/gcc/arm-none-eabi/14.2.1/../../../../arm-none-eabi/lib/thumb/v7e-m+dp/hard\libc_nano.a
END GROUP
LOAD c:/Users/aticl/AppData/Roaming/Code/User/globalStorage/bmd.stm32-for-vscode/@xpack-dev-tools/arm-none-eabi-gcc/14.2.1-1.1.1/.content/bin/../lib/gcc/arm-none-eabi/14.2.1/thumb/v7e-m+dp/hard/crtend.o
LOAD c:/Users/aticl/AppData/Roaming/Code/User/globalStorage/bmd.stm32-for-vscode/@xpack-dev-tools/arm-none-eabi-gcc/14.2.1-1.1.1/.content/bin/../lib/gcc/arm-none-eabi/14.2.1/thumb/v7e-m+dp/hard/crtn.o
                0x20020000                        _estack = (ORIGIN (DTCMRAM) + LENGTH (DTCMRAM))
                0x00000200                        _Min_Heap_Size = 0x200
                0x00000400                        _Min_Stack_Size = 0x400

.isr_vector     0x08000000      0x298
                0x08000000                        . = ALIGN (0x4)
 *(.isr_vector)
 .isr_vector    0x08000000      0x298 build/debug/startup_stm32h750xx.o
                0x08000000                g_pfnVectors
                0x08000298                        . = ALIGN (0x4)

.text           0x08000298     0x5e50
                0x08000298                        . = ALIGN (0x4)
 *(.text)
 *(.text*)
 .text.__do_global_dtors_aux
                0x08000298       0x24 c:/Users/aticl/AppData/Roaming/Code/User/globalStorage/bmd.stm32-for-vscode/@xpack-dev-tools/arm-none-eabi-gcc/14.2.1-1.1.1/.content/bin/../lib/gcc/arm-none-eabi/14.2.1/thumb/v7e-m+dp/hard/crtbegin.o
 .text.frame_dummy
                0x080002bc       0x1c c:/Users/aticl/AppData/Roaming/Code/User/globalStorage/bmd.stm32-for-vscode/@xpack-dev-tools/arm-none-eabi-gcc/14.2.1-1.1.1/.content/bin/../lib/gcc/arm-none-eabi/14.2.1/thumb/v7e-m+dp/hard/crtbegin.o
 .text.MX_GPIO_Init
                0x080002d8       0x54 build/debug/main.o
 .text.MPU_Config
                0x0800032c       0x52 build/debug/main.o
 .text.Error_Handler
                0x0800037e        0x4 build/debug/main.o
                0x0800037e                Error_Handler
 *fill*         0x08000382        0x2 
 .text.MX_TIM2_Init
                0x08000384       0x80 build/debug/main.o
 .text.MX_FDCAN1_Init
                0x08000404       0x5c build/debug/main.o
 .text.SystemClock_Config
                0x08000460       0xbc build/debug/main.o
                0x08000460                SystemClock_Config
 .text.main     0x0800051c       0x80 build/debug/main.o
                0x0800051c                main
 .text.HAL_InitTick
                0x0800059c       0x50 build/debug/stm32h7xx_hal.o
                0x0800059c                HAL_InitTick
 .text.HAL_Init
                0x080005ec       0x5c build/debug/stm32h7xx_hal.o
                0x080005ec                HAL_Init
 .text.HAL_IncTick
                0x08000648       0x18 build/debug/stm32h7xx_hal.o
                0x08000648                HAL_IncTick
 .text.HAL_GetTick
                0x08000660        0xc build/debug/stm32h7xx_hal.o
                0x08000660                HAL_GetTick
 .text.HAL_Delay
                0x0800066c       0x28 build/debug/stm32h7xx_hal.o
                0x0800066c                HAL_Delay
 .text.HAL_GetREVID
                0x08000694        0xc build/debug/stm32h7xx_hal.o
                0x08000694                HAL_GetREVID
 .text.__NVIC_EnableIRQ
                0x080006a0       0x1c build/debug/stm32h7xx_hal_cortex.o
 .text.__NVIC_SetPriority
                0x080006bc       0x24 build/debug/stm32h7xx_hal_cortex.o
 .text.NVIC_EncodePriority
                0x080006e0       0x3e build/debug/stm32h7xx_hal_cortex.o
 *fill*         0x0800071e        0x2 
 .text.HAL_NVIC_SetPriorityGrouping
                0x08000720       0x24 build/debug/stm32h7xx_hal_cortex.o
                0x08000720                HAL_NVIC_SetPriorityGrouping
 .text.HAL_NVIC_SetPriority
                0x08000744       0x20 build/debug/stm32h7xx_hal_cortex.o
                0x08000744                HAL_NVIC_SetPriority
 .text.HAL_NVIC_EnableIRQ
                0x08000764        0x8 build/debug/stm32h7xx_hal_cortex.o
                0x08000764                HAL_NVIC_EnableIRQ
 .text.HAL_SYSTICK_Config
                0x0800076c       0x28 build/debug/stm32h7xx_hal_cortex.o
                0x0800076c                HAL_SYSTICK_Config
 .text.HAL_MPU_Disable
                0x08000794       0x1c build/debug/stm32h7xx_hal_cortex.o
                0x08000794                HAL_MPU_Disable
 .text.HAL_MPU_Enable
                0x080007b0       0x20 build/debug/stm32h7xx_hal_cortex.o
                0x080007b0                HAL_MPU_Enable
 .text.HAL_MPU_ConfigRegion
                0x080007d0       0x58 build/debug/stm32h7xx_hal_cortex.o
                0x080007d0                HAL_MPU_ConfigRegion
 .text.FDCAN_CalcultateRamBlockAddresses
                0x08000828      0x1d4 build/debug/stm32h7xx_hal_fdcan.o
 .text.HAL_FDCAN_Init
                0x080009fc      0x294 build/debug/stm32h7xx_hal_fdcan.o
                0x080009fc                HAL_FDCAN_Init
 .text.HAL_GPIO_Init
                0x08000c90      0x220 build/debug/stm32h7xx_hal_gpio.o
                0x08000c90                HAL_GPIO_Init
 .text.HAL_MspInit
                0x08000eb0       0x24 build/debug/stm32h7xx_hal_msp.o
                0x08000eb0                HAL_MspInit
 .text.HAL_FDCAN_MspInit
                0x08000ed4       0xb8 build/debug/stm32h7xx_hal_msp.o
                0x08000ed4                HAL_FDCAN_MspInit
 .text.HAL_TIM_PWM_MspInit
                0x08000f8c       0x30 build/debug/stm32h7xx_hal_msp.o
                0x08000f8c                HAL_TIM_PWM_MspInit
 .text.HAL_TIM_MspPostInit
                0x08000fbc       0x58 build/debug/stm32h7xx_hal_msp.o
                0x08000fbc                HAL_TIM_MspPostInit
 .text.PCD_WriteEmptyTxFifo
                0x08001014       0xd0 build/debug/stm32h7xx_hal_pcd.o
 .text.HAL_PCD_Init
                0x080010e4      0x102 build/debug/stm32h7xx_hal_pcd.o
                0x080010e4                HAL_PCD_Init
 .text.HAL_PCD_Start
                0x080011e6       0x44 build/debug/stm32h7xx_hal_pcd.o
                0x080011e6                HAL_PCD_Start
 *fill*         0x0800122a        0x2 
 .text.PCD_EP_OutXfrComplete_int
                0x0800122c      0x104 build/debug/stm32h7xx_hal_pcd.o
 .text.PCD_EP_OutSetupPacket_int
                0x08001330       0x50 build/debug/stm32h7xx_hal_pcd.o
 .text.HAL_PCD_SetAddress
                0x08001380       0x26 build/debug/stm32h7xx_hal_pcd.o
                0x08001380                HAL_PCD_SetAddress
 .text.HAL_PCD_EP_Open
                0x080013a6       0x8c build/debug/stm32h7xx_hal_pcd.o
                0x080013a6                HAL_PCD_EP_Open
 .text.HAL_PCD_EP_Close
                0x08001432       0x70 build/debug/stm32h7xx_hal_pcd.o
                0x08001432                HAL_PCD_EP_Close
 .text.HAL_PCD_EP_Receive
                0x080014a2       0x4a build/debug/stm32h7xx_hal_pcd.o
                0x080014a2                HAL_PCD_EP_Receive
 .text.HAL_PCD_EP_GetRxCount
                0x080014ec       0x12 build/debug/stm32h7xx_hal_pcd.o
                0x080014ec                HAL_PCD_EP_GetRxCount
 .text.HAL_PCD_EP_Transmit
                0x080014fe       0x4a build/debug/stm32h7xx_hal_pcd.o
                0x080014fe                HAL_PCD_EP_Transmit
 .text.HAL_PCD_EP_SetStall
                0x08001548       0x86 build/debug/stm32h7xx_hal_pcd.o
                0x08001548                HAL_PCD_EP_SetStall
 .text.HAL_PCD_EP_ClrStall
                0x080015ce       0x74 build/debug/stm32h7xx_hal_pcd.o
                0x080015ce                HAL_PCD_EP_ClrStall
 .text.HAL_PCD_EP_Abort
                0x08001642       0x34 build/debug/stm32h7xx_hal_pcd.o
                0x08001642                HAL_PCD_EP_Abort
 .text.HAL_PCD_IRQHandler
                0x08001676      0x600 build/debug/stm32h7xx_hal_pcd.o
                0x08001676                HAL_PCD_IRQHandler
 .text.HAL_PCDEx_SetTxFiFo
                0x08001c76       0x4c build/debug/stm32h7xx_hal_pcd_ex.o
                0x08001c76                HAL_PCDEx_SetTxFiFo
 .text.HAL_PCDEx_SetRxFiFo
                0x08001cc2        0x8 build/debug/stm32h7xx_hal_pcd_ex.o
                0x08001cc2                HAL_PCDEx_SetRxFiFo
 *fill*         0x08001cca        0x2 
 .text.HAL_PCDEx_ActivateLPM
                0x08001ccc       0x28 build/debug/stm32h7xx_hal_pcd_ex.o
                0x08001ccc                HAL_PCDEx_ActivateLPM
 .text.HAL_PCDEx_LPM_Callback
                0x08001cf4        0x2 build/debug/stm32h7xx_hal_pcd_ex.o
                0x08001cf4                HAL_PCDEx_LPM_Callback
 *fill*         0x08001cf6        0x2 
 .text.HAL_PWREx_ConfigSupply
                0x08001cf8       0x54 build/debug/stm32h7xx_hal_pwr_ex.o
                0x08001cf8                HAL_PWREx_ConfigSupply
 .text.HAL_PWREx_EnableUSBVoltageDetector
                0x08001d4c       0x10 build/debug/stm32h7xx_hal_pwr_ex.o
                0x08001d4c                HAL_PWREx_EnableUSBVoltageDetector
 .text.HAL_RCC_OscConfig
                0x08001d5c      0x6b0 build/debug/stm32h7xx_hal_rcc.o
                0x08001d5c                HAL_RCC_OscConfig
 .text.HAL_RCC_GetSysClockFreq
                0x0800240c      0x1f8 build/debug/stm32h7xx_hal_rcc.o
                0x0800240c                HAL_RCC_GetSysClockFreq
 .text.HAL_RCC_ClockConfig
                0x08002604      0x294 build/debug/stm32h7xx_hal_rcc.o
                0x08002604                HAL_RCC_ClockConfig
 .text.HAL_RCC_GetHCLKFreq
                0x08002898       0x44 build/debug/stm32h7xx_hal_rcc.o
                0x08002898                HAL_RCC_GetHCLKFreq
 .text.RCCEx_PLL2_Config
                0x080028dc      0x108 build/debug/stm32h7xx_hal_rcc_ex.o
 .text.RCCEx_PLL3_Config
                0x080029e4      0x108 build/debug/stm32h7xx_hal_rcc_ex.o
 .text.HAL_RCCEx_PeriphCLKConfig
                0x08002aec      0xab8 build/debug/stm32h7xx_hal_rcc_ex.o
                0x08002aec                HAL_RCCEx_PeriphCLKConfig
 .text.TIM_OC1_SetConfig
                0x080035a4       0xa4 build/debug/stm32h7xx_hal_tim.o
 .text.TIM_OC3_SetConfig
                0x08003648       0x94 build/debug/stm32h7xx_hal_tim.o
 .text.TIM_OC4_SetConfig
                0x080036dc       0x74 build/debug/stm32h7xx_hal_tim.o
 .text.TIM_OC5_SetConfig
                0x08003750       0x74 build/debug/stm32h7xx_hal_tim.o
 .text.TIM_OC6_SetConfig
                0x080037c4       0x74 build/debug/stm32h7xx_hal_tim.o
 .text.TIM_Base_SetConfig
                0x08003838      0x104 build/debug/stm32h7xx_hal_tim.o
                0x08003838                TIM_Base_SetConfig
 .text.HAL_TIM_PWM_Init
                0x0800393c       0x60 build/debug/stm32h7xx_hal_tim.o
                0x0800393c                HAL_TIM_PWM_Init
 .text.TIM_OC2_SetConfig
                0x0800399c       0x94 build/debug/stm32h7xx_hal_tim.o
                0x0800399c                TIM_OC2_SetConfig
 .text.HAL_TIM_PWM_ConfigChannel
                0x08003a30      0x13a build/debug/stm32h7xx_hal_tim.o
                0x08003a30                HAL_TIM_PWM_ConfigChannel
 .text.TIM_CCxChannelCmd
                0x08003b6a       0x1e build/debug/stm32h7xx_hal_tim.o
                0x08003b6a                TIM_CCxChannelCmd
 .text.HAL_TIM_PWM_Start
                0x08003b88      0x160 build/debug/stm32h7xx_hal_tim.o
                0x08003b88                HAL_TIM_PWM_Start
 .text.HAL_TIMEx_MasterConfigSynchronization
                0x08003ce8       0xa0 build/debug/stm32h7xx_hal_tim_ex.o
                0x08003ce8                HAL_TIMEx_MasterConfigSynchronization
 .text.NMI_Handler
                0x08003d88        0x2 build/debug/stm32h7xx_it.o
                0x08003d88                NMI_Handler
 .text.HardFault_Handler
                0x08003d8a        0x2 build/debug/stm32h7xx_it.o
                0x08003d8a                HardFault_Handler
 .text.MemManage_Handler
                0x08003d8c        0x2 build/debug/stm32h7xx_it.o
                0x08003d8c                MemManage_Handler
 .text.BusFault_Handler
                0x08003d8e        0x2 build/debug/stm32h7xx_it.o
                0x08003d8e                BusFault_Handler
 .text.UsageFault_Handler
                0x08003d90        0x2 build/debug/stm32h7xx_it.o
                0x08003d90                UsageFault_Handler
 .text.SVC_Handler
                0x08003d92        0x2 build/debug/stm32h7xx_it.o
                0x08003d92                SVC_Handler
 .text.DebugMon_Handler
                0x08003d94        0x2 build/debug/stm32h7xx_it.o
                0x08003d94                DebugMon_Handler
 .text.PendSV_Handler
                0x08003d96        0x2 build/debug/stm32h7xx_it.o
                0x08003d96                PendSV_Handler
 .text.SysTick_Handler
                0x08003d98        0x8 build/debug/stm32h7xx_it.o
                0x08003d98                SysTick_Handler
 .text.OTG_FS_IRQHandler
                0x08003da0       0x10 build/debug/stm32h7xx_it.o
                0x08003da0                OTG_FS_IRQHandler
 .text.USB_CoreReset
                0x08003db0       0x4a build/debug/stm32h7xx_ll_usb.o
 *fill*         0x08003dfa        0x2 
 .text.USB_CoreInit
                0x08003dfc       0xa4 build/debug/stm32h7xx_ll_usb.o
                0x08003dfc                USB_CoreInit
 .text.USB_SetTurnaroundTime
                0x08003ea0       0xe4 build/debug/stm32h7xx_ll_usb.o
                0x08003ea0                USB_SetTurnaroundTime
 .text.USB_EnableGlobalInt
                0x08003f84        0xc build/debug/stm32h7xx_ll_usb.o
                0x08003f84                USB_EnableGlobalInt
 .text.USB_DisableGlobalInt
                0x08003f90        0xc build/debug/stm32h7xx_ll_usb.o
                0x08003f90                USB_DisableGlobalInt
 .text.USB_FlushTxFifo
                0x08003f9c       0x4a build/debug/stm32h7xx_ll_usb.o
                0x08003f9c                USB_FlushTxFifo
 .text.USB_FlushRxFifo
                0x08003fe6       0x46 build/debug/stm32h7xx_ll_usb.o
                0x08003fe6                USB_FlushRxFifo
 .text.USB_SetDevSpeed
                0x0800402c        0xe build/debug/stm32h7xx_ll_usb.o
                0x0800402c                USB_SetDevSpeed
 *fill*         0x0800403a        0x2 
 .text.USB_DevInit
                0x0800403c      0x190 build/debug/stm32h7xx_ll_usb.o
                0x0800403c                USB_DevInit
 .text.USB_GetDevSpeed
                0x080041cc       0x22 build/debug/stm32h7xx_ll_usb.o
                0x080041cc                USB_GetDevSpeed
 *fill*         0x080041ee        0x2 
 .text.USB_ActivateEndpoint
                0x080041f0       0x98 build/debug/stm32h7xx_ll_usb.o
                0x080041f0                USB_ActivateEndpoint
 .text.USB_DeactivateEndpoint
                0x08004288       0xe0 build/debug/stm32h7xx_ll_usb.o
                0x08004288                USB_DeactivateEndpoint
 .text.USB_EPStopXfer
                0x08004368       0xbe build/debug/stm32h7xx_ll_usb.o
                0x08004368                USB_EPStopXfer
 .text.USB_WritePacket
                0x08004426       0x2e build/debug/stm32h7xx_ll_usb.o
                0x08004426                USB_WritePacket
 .text.USB_EPStartXfer
                0x08004454      0x244 build/debug/stm32h7xx_ll_usb.o
                0x08004454                USB_EPStartXfer
 .text.USB_ReadPacket
                0x08004698       0x46 build/debug/stm32h7xx_ll_usb.o
                0x08004698                USB_ReadPacket
 .text.USB_EPSetStall
                0x080046de       0x5a build/debug/stm32h7xx_ll_usb.o
                0x080046de                USB_EPSetStall
 .text.USB_EPClearStall
                0x08004738       0x5c build/debug/stm32h7xx_ll_usb.o
                0x08004738                USB_EPClearStall
 .text.USB_SetDevAddress
                0x08004794       0x20 build/debug/stm32h7xx_ll_usb.o
                0x08004794                USB_SetDevAddress
 .text.USB_DevConnect
                0x080047b4       0x1c build/debug/stm32h7xx_ll_usb.o
                0x080047b4                USB_DevConnect
 .text.USB_DevDisconnect
                0x080047d0       0x1c build/debug/stm32h7xx_ll_usb.o
                0x080047d0                USB_DevDisconnect
 .text.USB_ReadInterrupts
                0x080047ec        0x8 build/debug/stm32h7xx_ll_usb.o
                0x080047ec                USB_ReadInterrupts
 .text.USB_ReadDevAllOutEpInterrupt
                0x080047f4       0x10 build/debug/stm32h7xx_ll_usb.o
                0x080047f4                USB_ReadDevAllOutEpInterrupt
 .text.USB_ReadDevAllInEpInterrupt
                0x08004804       0x10 build/debug/stm32h7xx_ll_usb.o
                0x08004804                USB_ReadDevAllInEpInterrupt
 .text.USB_ReadDevOutEPInterrupt
                0x08004814       0x12 build/debug/stm32h7xx_ll_usb.o
                0x08004814                USB_ReadDevOutEPInterrupt
 .text.USB_ReadDevInEPInterrupt
                0x08004826       0x24 build/debug/stm32h7xx_ll_usb.o
                0x08004826                USB_ReadDevInEPInterrupt
 .text.USB_GetMode
                0x0800484a        0x8 build/debug/stm32h7xx_ll_usb.o
                0x0800484a                USB_GetMode
 .text.USB_SetCurrentMode
                0x08004852       0x62 build/debug/stm32h7xx_ll_usb.o
                0x08004852                USB_SetCurrentMode
 .text.USB_ActivateSetup
                0x080048b4       0x1c build/debug/stm32h7xx_ll_usb.o
                0x080048b4                USB_ActivateSetup
 .text.USB_EP0_OutStart
                0x080048d0       0x60 build/debug/stm32h7xx_ll_usb.o
                0x080048d0                USB_EP0_OutStart
 .text.SystemInit
                0x08004930       0xf0 build/debug/system_stm32h7xx.o
                0x08004930                SystemInit
 .text.ExitRun0Mode
                0x08004a20       0x1c build/debug/system_stm32h7xx.o
                0x08004a20                ExitRun0Mode
 .text.MX_USB_DEVICE_Init
                0x08004a3c       0x58 build/debug/usb_device.o
                0x08004a3c                MX_USB_DEVICE_Init
 .text.USBD_CDC_EP0_RxReady
                0x08004a94       0x40 build/debug/usbd_cdc.o
 .text.USBD_CDC_GetDeviceQualifierDescriptor
                0x08004ad4        0xc build/debug/usbd_cdc.o
                0x08004ad4                USBD_CDC_GetDeviceQualifierDescriptor
 .text.USBD_CDC_GetOtherSpeedCfgDesc
                0x08004ae0       0x48 build/debug/usbd_cdc.o
 .text.USBD_CDC_GetFSCfgDesc
                0x08004b28       0x48 build/debug/usbd_cdc.o
 .text.USBD_CDC_GetHSCfgDesc
                0x08004b70       0x48 build/debug/usbd_cdc.o
 .text.USBD_CDC_DataOut
                0x08004bb8       0x38 build/debug/usbd_cdc.o
 .text.USBD_CDC_DataIn
                0x08004bf0       0x7c build/debug/usbd_cdc.o
 .text.USBD_CDC_Setup
                0x08004c6c      0x114 build/debug/usbd_cdc.o
 .text.USBD_CDC_DeInit
                0x08004d80       0x64 build/debug/usbd_cdc.o
 .text.USBD_CDC_Init
                0x08004de4       0xee build/debug/usbd_cdc.o
 .text.USBD_CDC_RegisterInterface
                0x08004ed2       0x16 build/debug/usbd_cdc.o
                0x08004ed2                USBD_CDC_RegisterInterface
 .text.USBD_CDC_SetTxBuffer
                0x08004ee8       0x1c build/debug/usbd_cdc.o
                0x08004ee8                USBD_CDC_SetTxBuffer
 .text.USBD_CDC_SetRxBuffer
                0x08004f04       0x18 build/debug/usbd_cdc.o
                0x08004f04                USBD_CDC_SetRxBuffer
 .text.USBD_CDC_TransmitPacket
                0x08004f1c       0x36 build/debug/usbd_cdc.o
                0x08004f1c                USBD_CDC_TransmitPacket
 .text.USBD_CDC_ReceivePacket
                0x08004f52       0x38 build/debug/usbd_cdc.o
                0x08004f52                USBD_CDC_ReceivePacket
 .text.CDC_DeInit_FS
                0x08004f8a        0x4 build/debug/usbd_cdc_if.o
 .text.CDC_Control_FS
                0x08004f8e        0x4 build/debug/usbd_cdc_if.o
 .text.CDC_TransmitCplt_FS
                0x08004f92        0x4 build/debug/usbd_cdc_if.o
 *fill*         0x08004f96        0x2 
 .text.CDC_Receive_FS
                0x08004f98       0x1c build/debug/usbd_cdc_if.o
 .text.CDC_Init_FS
                0x08004fb4       0x28 build/debug/usbd_cdc_if.o
 .text.CDC_Transmit_FS
                0x08004fdc       0x2c build/debug/usbd_cdc_if.o
                0x08004fdc                CDC_Transmit_FS
 .text.HAL_PCD_MspInit
                0x08005008       0xb4 build/debug/usbd_conf.o
                0x08005008                HAL_PCD_MspInit
 .text.HAL_PCD_SetupStageCallback
                0x080050bc       0x10 build/debug/usbd_conf.o
                0x080050bc                HAL_PCD_SetupStageCallback
 .text.HAL_PCD_DataOutStageCallback
                0x080050cc       0x18 build/debug/usbd_conf.o
                0x080050cc                HAL_PCD_DataOutStageCallback
 .text.HAL_PCD_DataInStageCallback
                0x080050e4       0x16 build/debug/usbd_conf.o
                0x080050e4                HAL_PCD_DataInStageCallback
 .text.HAL_PCD_SOFCallback
                0x080050fa        0xc build/debug/usbd_conf.o
                0x080050fa                HAL_PCD_SOFCallback
 .text.HAL_PCD_ResetCallback
                0x08005106       0x28 build/debug/usbd_conf.o
                0x08005106                HAL_PCD_ResetCallback
 *fill*         0x0800512e        0x2 
 .text.HAL_PCD_SuspendCallback
                0x08005130       0x30 build/debug/usbd_conf.o
                0x08005130                HAL_PCD_SuspendCallback
 .text.HAL_PCD_ResumeCallback
                0x08005160        0xc build/debug/usbd_conf.o
                0x08005160                HAL_PCD_ResumeCallback
 .text.HAL_PCD_ISOOUTIncompleteCallback
                0x0800516c        0xc build/debug/usbd_conf.o
                0x0800516c                HAL_PCD_ISOOUTIncompleteCallback
 .text.HAL_PCD_ISOINIncompleteCallback
                0x08005178        0xc build/debug/usbd_conf.o
                0x08005178                HAL_PCD_ISOINIncompleteCallback
 .text.HAL_PCD_ConnectCallback
                0x08005184        0xc build/debug/usbd_conf.o
                0x08005184                HAL_PCD_ConnectCallback
 .text.HAL_PCD_DisconnectCallback
                0x08005190        0xc build/debug/usbd_conf.o
                0x08005190                HAL_PCD_DisconnectCallback
 .text.USBD_LL_Init
                0x0800519c       0x6c build/debug/usbd_conf.o
                0x0800519c                USBD_LL_Init
 .text.USBD_LL_IsStallEP
                0x08005208       0x2c build/debug/usbd_conf.o
                0x08005208                USBD_LL_IsStallEP
 .text.USBD_LL_GetRxDataSize
                0x08005234        0xc build/debug/usbd_conf.o
                0x08005234                USBD_LL_GetRxDataSize
 .text.USBD_static_malloc
                0x08005240        0x8 build/debug/usbd_conf.o
                0x08005240                USBD_static_malloc
 .text.USBD_static_free
                0x08005248        0x2 build/debug/usbd_conf.o
                0x08005248                USBD_static_free
 .text.USBD_Get_USB_Status
                0x0800524a       0x14 build/debug/usbd_conf.o
                0x0800524a                USBD_Get_USB_Status
 .text.USBD_LL_Start
                0x0800525e       0x10 build/debug/usbd_conf.o
                0x0800525e                USBD_LL_Start
 .text.USBD_LL_OpenEP
                0x0800526e       0x16 build/debug/usbd_conf.o
                0x0800526e                USBD_LL_OpenEP
 .text.USBD_LL_CloseEP
                0x08005284       0x10 build/debug/usbd_conf.o
                0x08005284                USBD_LL_CloseEP
 .text.USBD_LL_StallEP
                0x08005294       0x10 build/debug/usbd_conf.o
                0x08005294                USBD_LL_StallEP
 .text.USBD_LL_ClearStallEP
                0x080052a4       0x10 build/debug/usbd_conf.o
                0x080052a4                USBD_LL_ClearStallEP
 .text.USBD_LL_SetUSBAddress
                0x080052b4       0x10 build/debug/usbd_conf.o
                0x080052b4                USBD_LL_SetUSBAddress
 .text.USBD_LL_Transmit
                0x080052c4       0x10 build/debug/usbd_conf.o
                0x080052c4                USBD_LL_Transmit
 .text.USBD_LL_PrepareReceive
                0x080052d4       0x10 build/debug/usbd_conf.o
                0x080052d4                USBD_LL_PrepareReceive
 .text.USBD_Init
                0x080052e4       0x2e build/debug/usbd_core.o
                0x080052e4                USBD_Init
 .text.USBD_RegisterClass
                0x08005312       0x40 build/debug/usbd_core.o
                0x08005312                USBD_RegisterClass
 .text.USBD_Start
                0x08005352        0x8 build/debug/usbd_core.o
                0x08005352                USBD_Start
 .text.USBD_SetClassConfig
                0x0800535a       0x12 build/debug/usbd_core.o
                0x0800535a                USBD_SetClassConfig
 .text.USBD_ClrClassConfig
                0x0800536c       0x12 build/debug/usbd_core.o
                0x0800536c                USBD_ClrClassConfig
 .text.USBD_LL_SetupStage
                0x0800537e       0x58 build/debug/usbd_core.o
                0x0800537e                USBD_LL_SetupStage
 .text.USBD_LL_Reset
                0x080053d6       0x64 build/debug/usbd_core.o
                0x080053d6                USBD_LL_Reset
 .text.USBD_LL_SetSpeed
                0x0800543a        0x6 build/debug/usbd_core.o
                0x0800543a                USBD_LL_SetSpeed
 .text.USBD_LL_Suspend
                0x08005440       0x1c build/debug/usbd_core.o
                0x08005440                USBD_LL_Suspend
 .text.USBD_LL_Resume
                0x0800545c       0x18 build/debug/usbd_core.o
                0x0800545c                USBD_LL_Resume
 .text.USBD_LL_SOF
                0x08005474       0x20 build/debug/usbd_core.o
                0x08005474                USBD_LL_SOF
 .text.USBD_LL_IsoINIncomplete
                0x08005494       0x2c build/debug/usbd_core.o
                0x08005494                USBD_LL_IsoINIncomplete
 .text.USBD_LL_IsoOUTIncomplete
                0x080054c0       0x2c build/debug/usbd_core.o
                0x080054c0                USBD_LL_IsoOUTIncomplete
 .text.USBD_LL_DevConnected
                0x080054ec        0x4 build/debug/usbd_core.o
                0x080054ec                USBD_LL_DevConnected
 .text.USBD_LL_DevDisconnected
                0x080054f0       0x20 build/debug/usbd_core.o
                0x080054f0                USBD_LL_DevDisconnected
 .text.USBD_CoreFindIF
                0x08005510        0x4 build/debug/usbd_core.o
                0x08005510                USBD_CoreFindIF
 .text.USBD_CoreFindEP
                0x08005514        0x4 build/debug/usbd_core.o
                0x08005514                USBD_CoreFindEP
 .text.USBD_LL_DataOutStage
                0x08005518       0xc0 build/debug/usbd_core.o
                0x08005518                USBD_LL_DataOutStage
 .text.USBD_LL_DataInStage
                0x080055d8       0xd2 build/debug/usbd_core.o
                0x080055d8                USBD_LL_DataInStage
 .text.USBD_GetNextDesc
                0x080056aa        0xe build/debug/usbd_core.o
                0x080056aa                USBD_GetNextDesc
 .text.USBD_GetEpDesc
                0x080056b8       0x3e build/debug/usbd_core.o
                0x080056b8                USBD_GetEpDesc
 .text.USBD_GetLen
                0x080056f6       0x14 build/debug/usbd_ctlreq.o
 .text.USBD_ParseSetupRequest
                0x0800570a       0x28 build/debug/usbd_ctlreq.o
                0x0800570a                USBD_ParseSetupRequest
 .text.USBD_CtlError
                0x08005732       0x14 build/debug/usbd_ctlreq.o
                0x08005732                USBD_CtlError
 .text.USBD_GetDescriptor
                0x08005746      0x1ac build/debug/usbd_ctlreq.o
 .text.USBD_SetAddress
                0x080058f2       0x4e build/debug/usbd_ctlreq.o
 .text.USBD_SetConfig
                0x08005940       0xcc build/debug/usbd_ctlreq.o
 .text.USBD_GetConfig
                0x08005a0c       0x40 build/debug/usbd_ctlreq.o
 .text.USBD_GetStatus
                0x08005a4c       0x38 build/debug/usbd_ctlreq.o
 .text.USBD_SetFeature
                0x08005a84       0x2a build/debug/usbd_ctlreq.o
 .text.USBD_ClrFeature
                0x08005aae       0x26 build/debug/usbd_ctlreq.o
 .text.USBD_StdDevReq
                0x08005ad4       0x76 build/debug/usbd_ctlreq.o
                0x08005ad4                USBD_StdDevReq
 .text.USBD_StdItfReq
                0x08005b4a       0x84 build/debug/usbd_ctlreq.o
                0x08005b4a                USBD_StdItfReq
 .text.USBD_StdEPReq
                0x08005bce      0x23a build/debug/usbd_ctlreq.o
                0x08005bce                USBD_StdEPReq
 .text.USBD_GetString
                0x08005e08       0x42 build/debug/usbd_ctlreq.o
                0x08005e08                USBD_GetString
 *fill*         0x08005e4a        0x2 
 .text.USBD_FS_DeviceDescriptor
                0x08005e4c        0xc build/debug/usbd_desc.o
                0x08005e4c                USBD_FS_DeviceDescriptor
 .text.USBD_FS_LangIDStrDescriptor
                0x08005e58        0xc build/debug/usbd_desc.o
                0x08005e58                USBD_FS_LangIDStrDescriptor
 .text.IntToUnicode
                0x08005e64       0x46 build/debug/usbd_desc.o
 *fill*         0x08005eaa        0x2 
 .text.Get_SerialNum
                0x08005eac       0x38 build/debug/usbd_desc.o
 .text.USBD_FS_SerialStrDescriptor
                0x08005ee4       0x14 build/debug/usbd_desc.o
                0x08005ee4                USBD_FS_SerialStrDescriptor
 .text.USBD_FS_ProductStrDescriptor
                0x08005ef8       0x24 build/debug/usbd_desc.o
                0x08005ef8                USBD_FS_ProductStrDescriptor
 .text.USBD_FS_ManufacturerStrDescriptor
                0x08005f1c       0x1c build/debug/usbd_desc.o
                0x08005f1c                USBD_FS_ManufacturerStrDescriptor
 .text.USBD_FS_ConfigStrDescriptor
                0x08005f38       0x24 build/debug/usbd_desc.o
                0x08005f38                USBD_FS_ConfigStrDescriptor
 .text.USBD_FS_InterfaceStrDescriptor
                0x08005f5c       0x24 build/debug/usbd_desc.o
                0x08005f5c                USBD_FS_InterfaceStrDescriptor
 .text.USBD_CtlSendData
                0x08005f80       0x1a build/debug/usbd_ioreq.o
                0x08005f80                USBD_CtlSendData
 .text.USBD_CtlContinueSendData
                0x08005f9a       0x10 build/debug/usbd_ioreq.o
                0x08005f9a                USBD_CtlContinueSendData
 .text.USBD_CtlPrepareRx
                0x08005faa       0x1e build/debug/usbd_ioreq.o
                0x08005faa                USBD_CtlPrepareRx
 .text.USBD_CtlContinueRx
                0x08005fc8       0x10 build/debug/usbd_ioreq.o
                0x08005fc8                USBD_CtlContinueRx
 .text.USBD_CtlSendStatus
                0x08005fd8       0x16 build/debug/usbd_ioreq.o
                0x08005fd8                USBD_CtlSendStatus
 .text.USBD_CtlReceiveStatus
                0x08005fee       0x16 build/debug/usbd_ioreq.o
                0x08005fee                USBD_CtlReceiveStatus
 .text.Reset_Handler
                0x08006004       0x54 build/debug/startup_stm32h750xx.o
                0x08006004                Reset_Handler
 .text.Default_Handler
                0x08006058        0x2 build/debug/startup_stm32h750xx.o
                0x08006058                RTC_Alarm_IRQHandler
                0x08006058                HASH_RNG_IRQHandler
                0x08006058                EXTI2_IRQHandler
                0x08006058                TIM8_CC_IRQHandler
                0x08006058                HRTIM1_Master_IRQHandler
                0x08006058                UART8_IRQHandler
                0x08006058                SPI4_IRQHandler
                0x08006058                TIM1_CC_IRQHandler
                0x08006058                BDMA_Channel6_IRQHandler
                0x08006058                DMA2_Stream5_IRQHandler
                0x08006058                HRTIM1_FLT_IRQHandler
                0x08006058                JPEG_IRQHandler
                0x08006058                DMA1_Stream5_IRQHandler
                0x08006058                BDMA_Channel1_IRQHandler
                0x08006058                HRTIM1_TIMD_IRQHandler
                0x08006058                TAMP_STAMP_IRQHandler
                0x08006058                EXTI3_IRQHandler
                0x08006058                LPTIM4_IRQHandler
                0x08006058                TIM8_TRG_COM_TIM14_IRQHandler
                0x08006058                LPTIM2_IRQHandler
                0x08006058                DFSDM1_FLT1_IRQHandler
                0x08006058                DMAMUX2_OVR_IRQHandler
                0x08006058                TIM8_UP_TIM13_IRQHandler
                0x08006058                I2C3_ER_IRQHandler
                0x08006058                DFSDM1_FLT2_IRQHandler
                0x08006058                MDMA_IRQHandler
                0x08006058                LPTIM3_IRQHandler
                0x08006058                HSEM1_IRQHandler
                0x08006058                EXTI0_IRQHandler
                0x08006058                I2C2_EV_IRQHandler
                0x08006058                DMA1_Stream2_IRQHandler
                0x08006058                FPU_IRQHandler
                0x08006058                OTG_HS_WKUP_IRQHandler
                0x08006058                FDCAN1_IT1_IRQHandler
                0x08006058                LTDC_ER_IRQHandler
                0x08006058                DMA2_Stream2_IRQHandler
                0x08006058                HRTIM1_TIME_IRQHandler
                0x08006058                SPI1_IRQHandler
                0x08006058                TIM6_DAC_IRQHandler
                0x08006058                DCMI_IRQHandler
                0x08006058                HRTIM1_TIMC_IRQHandler
                0x08006058                DMA2_Stream3_IRQHandler
                0x08006058                SAI2_IRQHandler
                0x08006058                DFSDM1_FLT3_IRQHandler
                0x08006058                USART6_IRQHandler
                0x08006058                TIM17_IRQHandler
                0x08006058                USART3_IRQHandler
                0x08006058                BDMA_Channel7_IRQHandler
                0x08006058                CRYP_IRQHandler
                0x08006058                LPTIM5_IRQHandler
                0x08006058                UART5_IRQHandler
                0x08006058                ADC3_IRQHandler
                0x08006058                DMA2_Stream0_IRQHandler
                0x08006058                TIM4_IRQHandler
                0x08006058                BDMA_Channel2_IRQHandler
                0x08006058                QUADSPI_IRQHandler
                0x08006058                I2C1_EV_IRQHandler
                0x08006058                DMA1_Stream6_IRQHandler
                0x08006058                DMAMUX1_OVR_IRQHandler
                0x08006058                DMA1_Stream1_IRQHandler
                0x08006058                TIM16_IRQHandler
                0x08006058                UART4_IRQHandler
                0x08006058                BDMA_Channel5_IRQHandler
                0x08006058                TIM3_IRQHandler
                0x08006058                RCC_IRQHandler
                0x08006058                TIM8_BRK_TIM12_IRQHandler
                0x08006058                TIM1_TRG_COM_IRQHandler
                0x08006058                Default_Handler
                0x08006058                ECC_IRQHandler
                0x08006058                CEC_IRQHandler
                0x08006058                EXTI15_10_IRQHandler
                0x08006058                BDMA_Channel0_IRQHandler
                0x08006058                ADC_IRQHandler
                0x08006058                DMA1_Stream7_IRQHandler
                0x08006058                HRTIM1_TIMA_IRQHandler
                0x08006058                SPI5_IRQHandler
                0x08006058                TIM7_IRQHandler
                0x08006058                SDMMC1_IRQHandler
                0x08006058                TIM5_IRQHandler
                0x08006058                DMA2_Stream7_IRQHandler
                0x08006058                TIM15_IRQHandler
                0x08006058                PVD_AVD_IRQHandler
                0x08006058                I2C3_EV_IRQHandler
                0x08006058                EXTI9_5_IRQHandler
                0x08006058                RTC_WKUP_IRQHandler
                0x08006058                LTDC_IRQHandler
                0x08006058                SAI3_IRQHandler
                0x08006058                ETH_WKUP_IRQHandler
                0x08006058                SPDIF_RX_IRQHandler
                0x08006058                SPI2_IRQHandler
                0x08006058                OTG_HS_EP1_IN_IRQHandler
                0x08006058                DMA1_Stream0_IRQHandler
                0x08006058                CRS_IRQHandler
                0x08006058                EXTI4_IRQHandler
                0x08006058                HRTIM1_TIMB_IRQHandler
                0x08006058                FDCAN2_IT1_IRQHandler
                0x08006058                ETH_IRQHandler
                0x08006058                TIM1_UP_IRQHandler
                0x08006058                BDMA_Channel4_IRQHandler
                0x08006058                OTG_HS_EP1_OUT_IRQHandler
                0x08006058                WWDG_IRQHandler
                0x08006058                SPI6_IRQHandler
                0x08006058                MDIOS_IRQHandler
                0x08006058                I2C4_EV_IRQHandler
                0x08006058                FDCAN2_IT0_IRQHandler
                0x08006058                LPUART1_IRQHandler
                0x08006058                FDCAN1_IT0_IRQHandler
                0x08006058                TIM2_IRQHandler
                0x08006058                OTG_FS_WKUP_IRQHandler
                0x08006058                OTG_HS_IRQHandler
                0x08006058                DMA2D_IRQHandler
                0x08006058                TIM1_BRK_IRQHandler
                0x08006058                EXTI1_IRQHandler
                0x08006058                SDMMC2_IRQHandler
                0x08006058                OTG_FS_EP1_OUT_IRQHandler
                0x08006058                BDMA_Channel3_IRQHandler
                0x08006058                UART7_IRQHandler
                0x08006058                MDIOS_WKUP_IRQHandler
                0x08006058                USART2_IRQHandler
                0x08006058                DFSDM1_FLT0_IRQHandler
                0x08006058                SAI4_IRQHandler
                0x08006058                I2C2_ER_IRQHandler
                0x08006058                DMA2_Stream1_IRQHandler
                0x08006058                FLASH_IRQHandler
                0x08006058                DMA2_Stream4_IRQHandler
                0x08006058                USART1_IRQHandler
                0x08006058                SPI3_IRQHandler
                0x08006058                WAKEUP_PIN_IRQHandler
                0x08006058                DMA1_Stream4_IRQHandler
                0x08006058                OTG_FS_EP1_IN_IRQHandler
                0x08006058                I2C1_ER_IRQHandler
                0x08006058                FMC_IRQHandler
                0x08006058                FDCAN_CAL_IRQHandler
                0x08006058                SWPMI1_IRQHandler
                0x08006058                COMP1_IRQHandler
                0x08006058                LPTIM1_IRQHandler
                0x08006058                I2C4_ER_IRQHandler
                0x08006058                DMA2_Stream6_IRQHandler
                0x08006058                SAI1_IRQHandler
                0x08006058                DMA1_Stream3_IRQHandler
 .text.memset   0x0800605a       0x10 c:/Users/aticl/AppData/Roaming/Code/User/globalStorage/bmd.stm32-for-vscode/@xpack-dev-tools/arm-none-eabi-gcc/14.2.1-1.1.1/.content/bin/../lib/gcc/arm-none-eabi/14.2.1/../../../../arm-none-eabi/lib/thumb/v7e-m+dp/hard\libc_nano.a(libc_a-memset.o)
                0x0800605a                memset
 *fill*         0x0800606a        0x2 
 .text.__libc_init_array
                0x0800606c       0x48 c:/Users/aticl/AppData/Roaming/Code/User/globalStorage/bmd.stm32-for-vscode/@xpack-dev-tools/arm-none-eabi-gcc/14.2.1-1.1.1/.content/bin/../lib/gcc/arm-none-eabi/14.2.1/../../../../arm-none-eabi/lib/thumb/v7e-m+dp/hard\libc_nano.a(libc_a-init.o)
                0x0800606c                __libc_init_array
 .text.memcpy   0x080060b4       0x1c c:/Users/aticl/AppData/Roaming/Code/User/globalStorage/bmd.stm32-for-vscode/@xpack-dev-tools/arm-none-eabi-gcc/14.2.1-1.1.1/.content/bin/../lib/gcc/arm-none-eabi/14.2.1/../../../../arm-none-eabi/lib/thumb/v7e-m+dp/hard\libc_nano.a(libc_a-memcpy-stub.o)
                0x080060b4                memcpy
 *(.glue_7)
 .glue_7        0x080060d0        0x0 linker stubs
 *(.glue_7t)
 .glue_7t       0x080060d0        0x0 linker stubs
 *(.eh_frame)
 .eh_frame      0x080060d0        0x0 c:/Users/aticl/AppData/Roaming/Code/User/globalStorage/bmd.stm32-for-vscode/@xpack-dev-tools/arm-none-eabi-gcc/14.2.1-1.1.1/.content/bin/../lib/gcc/arm-none-eabi/14.2.1/thumb/v7e-m+dp/hard/crtbegin.o
 *(.init)
 .init          0x080060d0        0x4 c:/Users/aticl/AppData/Roaming/Code/User/globalStorage/bmd.stm32-for-vscode/@xpack-dev-tools/arm-none-eabi-gcc/14.2.1-1.1.1/.content/bin/../lib/gcc/arm-none-eabi/14.2.1/thumb/v7e-m+dp/hard/crti.o
                0x080060d0                _init
 .init          0x080060d4        0x8 c:/Users/aticl/AppData/Roaming/Code/User/globalStorage/bmd.stm32-for-vscode/@xpack-dev-tools/arm-none-eabi-gcc/14.2.1-1.1.1/.content/bin/../lib/gcc/arm-none-eabi/14.2.1/thumb/v7e-m+dp/hard/crtn.o
 *(.fini)
 .fini          0x080060dc        0x4 c:/Users/aticl/AppData/Roaming/Code/User/globalStorage/bmd.stm32-for-vscode/@xpack-dev-tools/arm-none-eabi-gcc/14.2.1-1.1.1/.content/bin/../lib/gcc/arm-none-eabi/14.2.1/thumb/v7e-m+dp/hard/crti.o
                0x080060dc                _fini
 .fini          0x080060e0        0x8 c:/Users/aticl/AppData/Roaming/Code/User/globalStorage/bmd.stm32-for-vscode/@xpack-dev-tools/arm-none-eabi-gcc/14.2.1-1.1.1/.content/bin/../lib/gcc/arm-none-eabi/14.2.1/thumb/v7e-m+dp/hard/crtn.o
                0x080060e8                        . = ALIGN (0x4)
                0x080060e8                        _etext = .

.vfp11_veneer   0x080060e8        0x0
 .vfp11_veneer  0x080060e8        0x0 linker stubs

.v4_bx          0x080060e8        0x0
 .v4_bx         0x080060e8        0x0 linker stubs

.iplt           0x080060e8        0x0
 .iplt          0x080060e8        0x0 c:/Users/aticl/AppData/Roaming/Code/User/globalStorage/bmd.stm32-for-vscode/@xpack-dev-tools/arm-none-eabi-gcc/14.2.1-1.1.1/.content/bin/../lib/gcc/arm-none-eabi/14.2.1/thumb/v7e-m+dp/hard/crtbegin.o

.rodata         0x080060e8       0xb4
                0x080060e8                        . = ALIGN (0x4)
 *(.rodata)
 .rodata        0x080060e8       0x4c build/debug/stm32h7xx_hal_fdcan.o
 *(.rodata*)
 .rodata.main.str1.4
                0x08006134       0x56 build/debug/main.o
                                 0x10 (size before relaxing)
 *fill*         0x0800618a        0x2 
 .rodata.D1CorePrescTable
                0x0800618c       0x10 build/debug/system_stm32h7xx.o
                0x0800618c                D1CorePrescTable
 .rodata.USBD_FS_ProductStrDescriptor.str1.4
                0x0800619c       0x16 build/debug/usbd_desc.o
 .rodata.USBD_FS_ManufacturerStrDescriptor.str1.4
                0x0800619c       0x13 build/debug/usbd_desc.o
 .rodata.USBD_FS_ConfigStrDescriptor.str1.4
                0x0800619c        0xb build/debug/usbd_desc.o
 .rodata.USBD_FS_InterfaceStrDescriptor.str1.4
                0x0800619c        0xe build/debug/usbd_desc.o
                0x080061b4                        . = ALIGN (0x4)

.ARM.extab      0x0800619c        0x0
                0x0800619c                        . = ALIGN (0x4)
 *(.ARM.extab* .gnu.linkonce.armextab.*)
                0x0800619c                        . = ALIGN (0x4)

.ARM            0x0800619c        0x0
                0x0800619c                        . = ALIGN (0x4)
                0x0800619c                        __exidx_start = .
 *(.ARM.exidx*)
                0x0800619c                        __exidx_end = .
                0x0800619c                        . = ALIGN (0x4)

.preinit_array  0x0800619c        0x0
                0x0800619c                        . = ALIGN (0x4)
                0x0800619c                        PROVIDE (__preinit_array_start = .)
 *(.preinit_array*)
                0x0800619c                        PROVIDE (__preinit_array_end = .)
                0x0800619c                        . = ALIGN (0x4)

.init_array     0x0800619c        0x4
                0x0800619c                        . = ALIGN (0x4)
                0x0800619c                        PROVIDE (__init_array_start = .)
 *(SORT_BY_NAME(.init_array.*))
 *(.init_array*)
 .init_array    0x0800619c        0x4 c:/Users/aticl/AppData/Roaming/Code/User/globalStorage/bmd.stm32-for-vscode/@xpack-dev-tools/arm-none-eabi-gcc/14.2.1-1.1.1/.content/bin/../lib/gcc/arm-none-eabi/14.2.1/thumb/v7e-m+dp/hard/crtbegin.o
                0x080061a0                        PROVIDE (__init_array_end = .)
                0x080061a0                        . = ALIGN (0x4)

.fini_array     0x080061a0        0x4
                0x080061a0                        . = ALIGN (0x4)
                0x080061a0                        PROVIDE (__fini_array_start = .)
 *(SORT_BY_NAME(.fini_array.*))
 *(.fini_array*)
 .fini_array    0x080061a0        0x4 c:/Users/aticl/AppData/Roaming/Code/User/globalStorage/bmd.stm32-for-vscode/@xpack-dev-tools/arm-none-eabi-gcc/14.2.1-1.1.1/.content/bin/../lib/gcc/arm-none-eabi/14.2.1/thumb/v7e-m+dp/hard/crtbegin.o
                0x080061a4                        PROVIDE (__fini_array_end = .)
                0x080061a4                        . = ALIGN (0x4)
                0x080061a4                        _sidata = LOADADDR (.data)

.rel.dyn        0x080061a4        0x0
 .rel.iplt      0x080061a4        0x0 c:/Users/aticl/AppData/Roaming/Code/User/globalStorage/bmd.stm32-for-vscode/@xpack-dev-tools/arm-none-eabi-gcc/14.2.1-1.1.1/.content/bin/../lib/gcc/arm-none-eabi/14.2.1/thumb/v7e-m+dp/hard/crtbegin.o

.data           0x20000000      0x100 load address 0x080061a4
                0x20000000                        . = ALIGN (0x4)
                0x20000000                        _sdata = .
 *(.data)
 *(.data*)
 .data.uwTickFreq
                0x20000000        0x1 build/debug/stm32h7xx_hal.o
                0x20000000                uwTickFreq
 *fill*         0x20000001        0x3 
 .data.uwTickPrio
                0x20000004        0x4 build/debug/stm32h7xx_hal.o
                0x20000004                uwTickPrio
 .data.SystemD2Clock
                0x20000008        0x4 build/debug/system_stm32h7xx.o
                0x20000008                SystemD2Clock
 .data.SystemCoreClock
                0x2000000c        0x4 build/debug/system_stm32h7xx.o
                0x2000000c                SystemCoreClock
 .data.USBD_CDC_CfgDesc
                0x20000010       0x43 build/debug/usbd_cdc.o
 *fill*         0x20000053        0x1 
 .data.USBD_CDC
                0x20000054       0x38 build/debug/usbd_cdc.o
                0x20000054                USBD_CDC
 .data.USBD_CDC_DeviceQualifierDesc
                0x2000008c        0xa build/debug/usbd_cdc.o
 *fill*         0x20000096        0x2 
 .data.USBD_Interface_fops_FS
                0x20000098       0x14 build/debug/usbd_cdc_if.o
                0x20000098                USBD_Interface_fops_FS
 .data.USBD_StringSerial
                0x200000ac       0x1a build/debug/usbd_desc.o
                0x200000ac                USBD_StringSerial
 *fill*         0x200000c6        0x2 
 .data.USBD_LangIDDesc
                0x200000c8        0x4 build/debug/usbd_desc.o
                0x200000c8                USBD_LangIDDesc
 .data.USBD_FS_DeviceDesc
                0x200000cc       0x12 build/debug/usbd_desc.o
                0x200000cc                USBD_FS_DeviceDesc
 *fill*         0x200000de        0x2 
 .data.FS_Desc  0x200000e0       0x20 build/debug/usbd_desc.o
                0x200000e0                FS_Desc
 *(.RamFunc)
 *(.RamFunc*)
                0x20000100                        . = ALIGN (0x4)
                0x20000100                        _edata = .

.igot.plt       0x20000100        0x0 load address 0x080062a4
 .igot.plt      0x20000100        0x0 c:/Users/aticl/AppData/Roaming/Code/User/globalStorage/bmd.stm32-for-vscode/@xpack-dev-tools/arm-none-eabi-gcc/14.2.1-1.1.1/.content/bin/../lib/gcc/arm-none-eabi/14.2.1/thumb/v7e-m+dp/hard/crtbegin.o
                0x20000100                        . = ALIGN (0x4)

.bss            0x20000100      0xd30 load address 0x080062a4
                0x20000100                        _sbss = .
                0x20000100                        __bss_start__ = _sbss
 *(.bss)
 *(.bss*)
 .bss.completed.1
                0x20000100        0x1 c:/Users/aticl/AppData/Roaming/Code/User/globalStorage/bmd.stm32-for-vscode/@xpack-dev-tools/arm-none-eabi-gcc/14.2.1-1.1.1/.content/bin/../lib/gcc/arm-none-eabi/14.2.1/thumb/v7e-m+dp/hard/crtbegin.o
 *fill*         0x20000101        0x3 
 .bss.object.0  0x20000104       0x18 c:/Users/aticl/AppData/Roaming/Code/User/globalStorage/bmd.stm32-for-vscode/@xpack-dev-tools/arm-none-eabi-gcc/14.2.1-1.1.1/.content/bin/../lib/gcc/arm-none-eabi/14.2.1/thumb/v7e-m+dp/hard/crtbegin.o
 .bss.htim2     0x2000011c       0x4c build/debug/main.o
                0x2000011c                htim2
 .bss.hfdcan1   0x20000168       0xa0 build/debug/main.o
                0x20000168                hfdcan1
 .bss.uwTick    0x20000208        0x4 build/debug/stm32h7xx_hal.o
                0x20000208                uwTick
 .bss.hUsbDeviceFS
                0x2000020c      0x2dc build/debug/usb_device.o
                0x2000020c                hUsbDeviceFS
 .bss.UserTxBufferFS
                0x200004e8      0x100 build/debug/usbd_cdc_if.o
                0x200004e8                UserTxBufferFS
 .bss.UserRxBufferFS
                0x200005e8      0x100 build/debug/usbd_cdc_if.o
                0x200005e8                UserRxBufferFS
 .bss.mem.0     0x200006e8      0x220 build/debug/usbd_conf.o
 .bss.hpcd_USB_OTG_FS
                0x20000908      0x4e4 build/debug/usbd_conf.o
                0x20000908                hpcd_USB_OTG_FS
 .bss.cfgidx.0  0x20000dec        0x1 build/debug/usbd_ctlreq.o
 *fill*         0x20000ded        0x3 
 .bss.USBD_StrDesc
                0x20000df0       0x40 build/debug/usbd_desc.o
                0x20000df0                USBD_StrDesc
 *(COMMON)
                0x20000e30                        . = ALIGN (0x4)
                0x20000e30                        _ebss = .
                0x20000e30                        __bss_end__ = _ebss

._user_heap_stack
                0x20000e30      0x600 load address 0x080062a4
                0x20000e30                        . = ALIGN (0x8)
                [!provide]                        PROVIDE (end = .)
                0x20000e30                        PROVIDE (_end = .)
                0x20001030                        . = (. + _Min_Heap_Size)
 *fill*         0x20000e30      0x200 
                0x20001430                        . = (. + _Min_Stack_Size)
 *fill*         0x20001030      0x400 
                0x20001430                        . = ALIGN (0x8)

/DISCARD/
 libc.a(*)
 libm.a(*)
 libgcc.a(*)
OUTPUT(build/debug/stm32_h7_hse_test1.elf elf32-littlearm)
LOAD linker stubs
LOAD c:/Users/aticl/AppData/Roaming/Code/User/globalStorage/bmd.stm32-for-vscode/@xpack-dev-tools/arm-none-eabi-gcc/14.2.1-1.1.1/.content/bin/../lib/gcc/arm-none-eabi/14.2.1/../../../../arm-none-eabi/lib/thumb/v7e-m+dp/hard\libc.a
LOAD c:/Users/aticl/AppData/Roaming/Code/User/globalStorage/bmd.stm32-for-vscode/@xpack-dev-tools/arm-none-eabi-gcc/14.2.1-1.1.1/.content/bin/../lib/gcc/arm-none-eabi/14.2.1/../../../../arm-none-eabi/lib/thumb/v7e-m+dp/hard\libm.a
LOAD c:/Users/aticl/AppData/Roaming/Code/User/globalStorage/bmd.stm32-for-vscode/@xpack-dev-tools/arm-none-eabi-gcc/14.2.1-1.1.1/.content/bin/../lib/gcc/arm-none-eabi/14.2.1/thumb/v7e-m+dp/hard\libgcc.a

.ARM.attributes
                0x00000000       0x2e
 .ARM.attributes
                0x00000000       0x20 c:/Users/aticl/AppData/Roaming/Code/User/globalStorage/bmd.stm32-for-vscode/@xpack-dev-tools/arm-none-eabi-gcc/14.2.1-1.1.1/.content/bin/../lib/gcc/arm-none-eabi/14.2.1/thumb/v7e-m+dp/hard/crti.o
 .ARM.attributes
                0x00000020       0x32 c:/Users/aticl/AppData/Roaming/Code/User/globalStorage/bmd.stm32-for-vscode/@xpack-dev-tools/arm-none-eabi-gcc/14.2.1-1.1.1/.content/bin/../lib/gcc/arm-none-eabi/14.2.1/thumb/v7e-m+dp/hard/crtbegin.o
 .ARM.attributes
                0x00000052       0x32 build/debug/main.o
 .ARM.attributes
                0x00000084       0x32 build/debug/stm32h7xx_hal.o
 .ARM.attributes
                0x000000b6       0x32 build/debug/stm32h7xx_hal_cortex.o
 .ARM.attributes
                0x000000e8       0x32 build/debug/stm32h7xx_hal_fdcan.o
 .ARM.attributes
                0x0000011a       0x32 build/debug/stm32h7xx_hal_gpio.o
 .ARM.attributes
                0x0000014c       0x32 build/debug/stm32h7xx_hal_msp.o
 .ARM.attributes
                0x0000017e       0x32 build/debug/stm32h7xx_hal_pcd.o
 .ARM.attributes
                0x000001b0       0x32 build/debug/stm32h7xx_hal_pcd_ex.o
 .ARM.attributes
                0x000001e2       0x32 build/debug/stm32h7xx_hal_pwr_ex.o
 .ARM.attributes
                0x00000214       0x32 build/debug/stm32h7xx_hal_rcc.o
 .ARM.attributes
                0x00000246       0x32 build/debug/stm32h7xx_hal_rcc_ex.o
 .ARM.attributes
                0x00000278       0x32 build/debug/stm32h7xx_hal_tim.o
 .ARM.attributes
                0x000002aa       0x32 build/debug/stm32h7xx_hal_tim_ex.o
 .ARM.attributes
                0x000002dc       0x32 build/debug/stm32h7xx_it.o
 .ARM.attributes
                0x0000030e       0x32 build/debug/stm32h7xx_ll_usb.o
 .ARM.attributes
                0x00000340       0x32 build/debug/system_stm32h7xx.o
 .ARM.attributes
                0x00000372       0x32 build/debug/usb_device.o
 .ARM.attributes
                0x000003a4       0x32 build/debug/usbd_cdc.o
 .ARM.attributes
                0x000003d6       0x32 build/debug/usbd_cdc_if.o
 .ARM.attributes
                0x00000408       0x32 build/debug/usbd_conf.o
 .ARM.attributes
                0x0000043a       0x32 build/debug/usbd_core.o
 .ARM.attributes
                0x0000046c       0x32 build/debug/usbd_ctlreq.o
 .ARM.attributes
                0x0000049e       0x32 build/debug/usbd_desc.o
 .ARM.attributes
                0x000004d0       0x32 build/debug/usbd_ioreq.o
 .ARM.attributes
                0x00000502       0x21 build/debug/startup_stm32h750xx.o
 .ARM.attributes
                0x00000523       0x32 c:/Users/aticl/AppData/Roaming/Code/User/globalStorage/bmd.stm32-for-vscode/@xpack-dev-tools/arm-none-eabi-gcc/14.2.1-1.1.1/.content/bin/../lib/gcc/arm-none-eabi/14.2.1/../../../../arm-none-eabi/lib/thumb/v7e-m+dp/hard\libc_nano.a(libc_a-memset.o)
 .ARM.attributes
                0x00000555       0x32 c:/Users/aticl/AppData/Roaming/Code/User/globalStorage/bmd.stm32-for-vscode/@xpack-dev-tools/arm-none-eabi-gcc/14.2.1-1.1.1/.content/bin/../lib/gcc/arm-none-eabi/14.2.1/../../../../arm-none-eabi/lib/thumb/v7e-m+dp/hard\libc_nano.a(libc_a-init.o)
 .ARM.attributes
                0x00000587       0x32 c:/Users/aticl/AppData/Roaming/Code/User/globalStorage/bmd.stm32-for-vscode/@xpack-dev-tools/arm-none-eabi-gcc/14.2.1-1.1.1/.content/bin/../lib/gcc/arm-none-eabi/14.2.1/../../../../arm-none-eabi/lib/thumb/v7e-m+dp/hard\libc_nano.a(libc_a-memcpy-stub.o)
 .ARM.attributes
                0x000005b9       0x20 c:/Users/aticl/AppData/Roaming/Code/User/globalStorage/bmd.stm32-for-vscode/@xpack-dev-tools/arm-none-eabi-gcc/14.2.1-1.1.1/.content/bin/../lib/gcc/arm-none-eabi/14.2.1/thumb/v7e-m+dp/hard/crtn.o

.comment        0x00000000       0x39
 .comment       0x00000000       0x39 c:/Users/aticl/AppData/Roaming/Code/User/globalStorage/bmd.stm32-for-vscode/@xpack-dev-tools/arm-none-eabi-gcc/14.2.1-1.1.1/.content/bin/../lib/gcc/arm-none-eabi/14.2.1/thumb/v7e-m+dp/hard/crtbegin.o
                                 0x3a (size before relaxing)
 .comment       0x00000039       0x3a build/debug/main.o
 .comment       0x00000039       0x3a build/debug/stm32h7xx_hal.o
 .comment       0x00000039       0x3a build/debug/stm32h7xx_hal_cortex.o
 .comment       0x00000039       0x3a build/debug/stm32h7xx_hal_fdcan.o
 .comment       0x00000039       0x3a build/debug/stm32h7xx_hal_gpio.o
 .comment       0x00000039       0x3a build/debug/stm32h7xx_hal_msp.o
 .comment       0x00000039       0x3a build/debug/stm32h7xx_hal_pcd.o
 .comment       0x00000039       0x3a build/debug/stm32h7xx_hal_pcd_ex.o
 .comment       0x00000039       0x3a build/debug/stm32h7xx_hal_pwr_ex.o
 .comment       0x00000039       0x3a build/debug/stm32h7xx_hal_rcc.o
 .comment       0x00000039       0x3a build/debug/stm32h7xx_hal_rcc_ex.o
 .comment       0x00000039       0x3a build/debug/stm32h7xx_hal_tim.o
 .comment       0x00000039       0x3a build/debug/stm32h7xx_hal_tim_ex.o
 .comment       0x00000039       0x3a build/debug/stm32h7xx_it.o
 .comment       0x00000039       0x3a build/debug/stm32h7xx_ll_usb.o
 .comment       0x00000039       0x3a build/debug/system_stm32h7xx.o
 .comment       0x00000039       0x3a build/debug/usb_device.o
 .comment       0x00000039       0x3a build/debug/usbd_cdc.o
 .comment       0x00000039       0x3a build/debug/usbd_cdc_if.o
 .comment       0x00000039       0x3a build/debug/usbd_conf.o
 .comment       0x00000039       0x3a build/debug/usbd_core.o
 .comment       0x00000039       0x3a build/debug/usbd_ctlreq.o
 .comment       0x00000039       0x3a build/debug/usbd_desc.o
 .comment       0x00000039       0x3a build/debug/usbd_ioreq.o
 .comment       0x00000039       0x3a c:/Users/aticl/AppData/Roaming/Code/User/globalStorage/bmd.stm32-for-vscode/@xpack-dev-tools/arm-none-eabi-gcc/14.2.1-1.1.1/.content/bin/../lib/gcc/arm-none-eabi/14.2.1/../../../../arm-none-eabi/lib/thumb/v7e-m+dp/hard\libc_nano.a(libc_a-memset.o)
 .comment       0x00000039       0x3a c:/Users/aticl/AppData/Roaming/Code/User/globalStorage/bmd.stm32-for-vscode/@xpack-dev-tools/arm-none-eabi-gcc/14.2.1-1.1.1/.content/bin/../lib/gcc/arm-none-eabi/14.2.1/../../../../arm-none-eabi/lib/thumb/v7e-m+dp/hard\libc_nano.a(libc_a-init.o)
 .comment       0x00000039       0x3a c:/Users/aticl/AppData/Roaming/Code/User/globalStorage/bmd.stm32-for-vscode/@xpack-dev-tools/arm-none-eabi-gcc/14.2.1-1.1.1/.content/bin/../lib/gcc/arm-none-eabi/14.2.1/../../../../arm-none-eabi/lib/thumb/v7e-m+dp/hard\libc_nano.a(libc_a-memcpy-stub.o)

.debug_info     0x00000000    0x2203f
 .debug_info    0x00000000     0x208f build/debug/main.o
 .debug_info    0x0000208f     0x163f build/debug/stm32h7xx_hal.o
 .debug_info    0x000036ce     0x1320 build/debug/stm32h7xx_hal_cortex.o
 .debug_info    0x000049ee     0x3275 build/debug/stm32h7xx_hal_fdcan.o
 .debug_info    0x00007c63      0xc96 build/debug/stm32h7xx_hal_gpio.o
 .debug_info    0x000088f9     0x191e build/debug/stm32h7xx_hal_msp.o
 .debug_info    0x0000a217     0x1c4f build/debug/stm32h7xx_hal_pcd.o
 .debug_info    0x0000be66      0xa1a build/debug/stm32h7xx_hal_pcd_ex.o
 .debug_info    0x0000c880     0x11a6 build/debug/stm32h7xx_hal_pwr_ex.o
 .debug_info    0x0000da26     0x1166 build/debug/stm32h7xx_hal_rcc.o
 .debug_info    0x0000eb8c     0x1a0c build/debug/stm32h7xx_hal_rcc_ex.o
 .debug_info    0x00010598     0x3e18 build/debug/stm32h7xx_hal_tim.o
 .debug_info    0x000143b0     0x1e6b build/debug/stm32h7xx_hal_tim_ex.o
 .debug_info    0x0001621b      0x6ca build/debug/stm32h7xx_it.o
 .debug_info    0x000168e5     0x1f0d build/debug/stm32h7xx_ll_usb.o
 .debug_info    0x000187f2      0xddb build/debug/system_stm32h7xx.o
 .debug_info    0x000195cd      0x7b0 build/debug/usb_device.o
 .debug_info    0x00019d7d     0x1801 build/debug/usbd_cdc.o
 .debug_info    0x0001b57e      0x9ce build/debug/usbd_cdc_if.o
 .debug_info    0x0001bf4c     0x2add build/debug/usbd_conf.o
 .debug_info    0x0001ea29     0x1267 build/debug/usbd_core.o
 .debug_info    0x0001fc90     0x1466 build/debug/usbd_ctlreq.o
 .debug_info    0x000210f6      0x615 build/debug/usbd_desc.o
 .debug_info    0x0002170b      0x904 build/debug/usbd_ioreq.o
 .debug_info    0x0002200f       0x30 build/debug/startup_stm32h750xx.o

.debug_abbrev   0x00000000     0x3f32
 .debug_abbrev  0x00000000      0x395 build/debug/main.o
 .debug_abbrev  0x00000395      0x2ba build/debug/stm32h7xx_hal.o
 .debug_abbrev  0x0000064f      0x3ad build/debug/stm32h7xx_hal_cortex.o
 .debug_abbrev  0x000009fc      0x2be build/debug/stm32h7xx_hal_fdcan.o
 .debug_abbrev  0x00000cba      0x255 build/debug/stm32h7xx_hal_gpio.o
 .debug_abbrev  0x00000f0f      0x24d build/debug/stm32h7xx_hal_msp.o
 .debug_abbrev  0x0000115c      0x2fa build/debug/stm32h7xx_hal_pcd.o
 .debug_abbrev  0x00001456      0x2ad build/debug/stm32h7xx_hal_pcd_ex.o
 .debug_abbrev  0x00001703      0x2c7 build/debug/stm32h7xx_hal_pwr_ex.o
 .debug_abbrev  0x000019ca      0x2ad build/debug/stm32h7xx_hal_rcc.o
 .debug_abbrev  0x00001c77      0x282 build/debug/stm32h7xx_hal_rcc_ex.o
 .debug_abbrev  0x00001ef9      0x26f build/debug/stm32h7xx_hal_tim.o
 .debug_abbrev  0x00002168      0x26d build/debug/stm32h7xx_hal_tim_ex.o
 .debug_abbrev  0x000023d5      0x1ad build/debug/stm32h7xx_it.o
 .debug_abbrev  0x00002582      0x329 build/debug/stm32h7xx_ll_usb.o
 .debug_abbrev  0x000028ab      0x169 build/debug/system_stm32h7xx.o
 .debug_abbrev  0x00002a14      0x1c3 build/debug/usb_device.o
 .debug_abbrev  0x00002bd7      0x33d build/debug/usbd_cdc.o
 .debug_abbrev  0x00002f14      0x2c1 build/debug/usbd_cdc_if.o
 .debug_abbrev  0x000031d5      0x346 build/debug/usbd_conf.o
 .debug_abbrev  0x0000351b      0x2f8 build/debug/usbd_core.o
 .debug_abbrev  0x00003813      0x343 build/debug/usbd_ctlreq.o
 .debug_abbrev  0x00003b56      0x208 build/debug/usbd_desc.o
 .debug_abbrev  0x00003d5e      0x1b0 build/debug/usbd_ioreq.o
 .debug_abbrev  0x00003f0e       0x24 build/debug/startup_stm32h750xx.o

.debug_loclists
                0x00000000    0x10111
 .debug_loclists
                0x00000000       0x7f build/debug/main.o
 .debug_loclists
                0x0000007f      0x2df build/debug/stm32h7xx_hal.o
 .debug_loclists
                0x0000035e      0x50a build/debug/stm32h7xx_hal_cortex.o
 .debug_loclists
                0x00000868     0x275a build/debug/stm32h7xx_hal_fdcan.o
 .debug_loclists
                0x00002fc2      0x2a0 build/debug/stm32h7xx_hal_gpio.o
 .debug_loclists
                0x00003262       0x89 build/debug/stm32h7xx_hal_msp.o
 .debug_loclists
                0x000032eb      0xd74 build/debug/stm32h7xx_hal_pcd.o
 .debug_loclists
                0x0000405f      0x18e build/debug/stm32h7xx_hal_pcd_ex.o
 .debug_loclists
                0x000041ed      0x340 build/debug/stm32h7xx_hal_pwr_ex.o
 .debug_loclists
                0x0000452d      0x649 build/debug/stm32h7xx_hal_rcc.o
 .debug_loclists
                0x00004b76     0x15cc build/debug/stm32h7xx_hal_rcc_ex.o
 .debug_loclists
                0x00006142     0x3bf0 build/debug/stm32h7xx_hal_tim.o
 .debug_loclists
                0x00009d32     0x19f5 build/debug/stm32h7xx_hal_tim_ex.o
 .debug_loclists
                0x0000b727     0x18c8 build/debug/stm32h7xx_ll_usb.o
 .debug_loclists
                0x0000cfef      0x120 build/debug/system_stm32h7xx.o
 .debug_loclists
                0x0000d10f      0x755 build/debug/usbd_cdc.o
 .debug_loclists
                0x0000d864      0x10a build/debug/usbd_cdc_if.o
 .debug_loclists
                0x0000d96e      0x8d6 build/debug/usbd_conf.o
 .debug_loclists
                0x0000e244      0x996 build/debug/usbd_core.o
 .debug_loclists
                0x0000ebda     0x108a build/debug/usbd_ctlreq.o
 .debug_loclists
                0x0000fc64      0x299 build/debug/usbd_desc.o
 .debug_loclists
                0x0000fefd      0x214 build/debug/usbd_ioreq.o

.debug_aranges  0x00000000     0x1718
 .debug_aranges
                0x00000000       0x58 build/debug/main.o
 .debug_aranges
                0x00000058      0x198 build/debug/stm32h7xx_hal.o
 .debug_aranges
                0x000001f0       0xf8 build/debug/stm32h7xx_hal_cortex.o
 .debug_aranges
                0x000002e8      0x338 build/debug/stm32h7xx_hal_fdcan.o
 .debug_aranges
                0x00000620       0x58 build/debug/stm32h7xx_hal_gpio.o
 .debug_aranges
                0x00000678       0x48 build/debug/stm32h7xx_hal_msp.o
 .debug_aranges
                0x000006c0      0x140 build/debug/stm32h7xx_hal_pcd.o
 .debug_aranges
                0x00000800       0x60 build/debug/stm32h7xx_hal_pcd_ex.o
 .debug_aranges
                0x00000860      0x158 build/debug/stm32h7xx_hal_pwr_ex.o
 .debug_aranges
                0x000009b8       0x88 build/debug/stm32h7xx_hal_rcc.o
 .debug_aranges
                0x00000a40       0xf8 build/debug/stm32h7xx_hal_rcc_ex.o
 .debug_aranges
                0x00000b38      0x3e0 build/debug/stm32h7xx_hal_tim.o
 .debug_aranges
                0x00000f18      0x188 build/debug/stm32h7xx_hal_tim_ex.o
 .debug_aranges
                0x000010a0       0x68 build/debug/stm32h7xx_it.o
 .debug_aranges
                0x00001108      0x1a0 build/debug/stm32h7xx_ll_usb.o
 .debug_aranges
                0x000012a8       0x30 build/debug/system_stm32h7xx.o
 .debug_aranges
                0x000012d8       0x20 build/debug/usb_device.o
 .debug_aranges
                0x000012f8       0x90 build/debug/usbd_cdc.o
 .debug_aranges
                0x00001388       0x48 build/debug/usbd_cdc_if.o
 .debug_aranges
                0x000013d0      0x110 build/debug/usbd_conf.o
 .debug_aranges
                0x000014e0       0xd8 build/debug/usbd_core.o
 .debug_aranges
                0x000015b8       0x88 build/debug/usbd_ctlreq.o
 .debug_aranges
                0x00001640       0x60 build/debug/usbd_desc.o
 .debug_aranges
                0x000016a0       0x50 build/debug/usbd_ioreq.o
 .debug_aranges
                0x000016f0       0x28 build/debug/startup_stm32h750xx.o

.debug_rnglists
                0x00000000     0x120e
 .debug_rnglists
                0x00000000       0x4c build/debug/main.o
 .debug_rnglists
                0x0000004c      0x12f build/debug/stm32h7xx_hal.o
 .debug_rnglists
                0x0000017b       0xb5 build/debug/stm32h7xx_hal_cortex.o
 .debug_rnglists
                0x00000230      0x29a build/debug/stm32h7xx_hal_fdcan.o
 .debug_rnglists
                0x000004ca       0x3f build/debug/stm32h7xx_hal_gpio.o
 .debug_rnglists
                0x00000509       0x32 build/debug/stm32h7xx_hal_msp.o
 .debug_rnglists
                0x0000053b       0xf1 build/debug/stm32h7xx_hal_pcd.o
 .debug_rnglists
                0x0000062c       0x44 build/debug/stm32h7xx_hal_pcd_ex.o
 .debug_rnglists
                0x00000670      0x133 build/debug/stm32h7xx_hal_pwr_ex.o
 .debug_rnglists
                0x000007a3       0xaa build/debug/stm32h7xx_hal_rcc.o
 .debug_rnglists
                0x0000084d       0xbf build/debug/stm32h7xx_hal_rcc_ex.o
 .debug_rnglists
                0x0000090c      0x314 build/debug/stm32h7xx_hal_tim.o
 .debug_rnglists
                0x00000c20      0x137 build/debug/stm32h7xx_hal_tim_ex.o
 .debug_rnglists
                0x00000d57       0x49 build/debug/stm32h7xx_it.o
 .debug_rnglists
                0x00000da0      0x141 build/debug/stm32h7xx_ll_usb.o
 .debug_rnglists
                0x00000ee1       0x21 build/debug/system_stm32h7xx.o
 .debug_rnglists
                0x00000f02       0x13 build/debug/usb_device.o
 .debug_rnglists
                0x00000f15       0x69 build/debug/usbd_cdc.o
 .debug_rnglists
                0x00000f7e       0x31 build/debug/usbd_cdc_if.o
 .debug_rnglists
                0x00000faf       0xc8 build/debug/usbd_conf.o
 .debug_rnglists
                0x00001077       0x9f build/debug/usbd_core.o
 .debug_rnglists
                0x00001116       0x65 build/debug/usbd_ctlreq.o
 .debug_rnglists
                0x0000117b       0x43 build/debug/usbd_desc.o
 .debug_rnglists
                0x000011be       0x37 build/debug/usbd_ioreq.o
 .debug_rnglists
                0x000011f5       0x19 build/debug/startup_stm32h750xx.o

.debug_line     0x00000000    0x18105
 .debug_line    0x00000000      0x7fb build/debug/main.o
 .debug_line    0x000007fb      0x984 build/debug/stm32h7xx_hal.o
 .debug_line    0x0000117f      0x8d3 build/debug/stm32h7xx_hal_cortex.o
 .debug_line    0x00001a52     0x3438 build/debug/stm32h7xx_hal_fdcan.o
 .debug_line    0x00004e8a      0x7af build/debug/stm32h7xx_hal_gpio.o
 .debug_line    0x00005639      0x48d build/debug/stm32h7xx_hal_msp.o
 .debug_line    0x00005ac6     0x14d7 build/debug/stm32h7xx_hal_pcd.o
 .debug_line    0x00006f9d      0x558 build/debug/stm32h7xx_hal_pcd_ex.o
 .debug_line    0x000074f5      0xbbc build/debug/stm32h7xx_hal_pwr_ex.o
 .debug_line    0x000080b1     0x14c9 build/debug/stm32h7xx_hal_rcc.o
 .debug_line    0x0000957a     0x20ee build/debug/stm32h7xx_hal_rcc_ex.o
 .debug_line    0x0000b668     0x4aca build/debug/stm32h7xx_hal_tim.o
 .debug_line    0x00010132     0x1d14 build/debug/stm32h7xx_hal_tim_ex.o
 .debug_line    0x00011e46      0x338 build/debug/stm32h7xx_it.o
 .debug_line    0x0001217e     0x1f92 build/debug/stm32h7xx_ll_usb.o
 .debug_line    0x00014110      0x582 build/debug/system_stm32h7xx.o
 .debug_line    0x00014692      0x2fd build/debug/usb_device.o
 .debug_line    0x0001498f      0xb2f build/debug/usbd_cdc.o
 .debug_line    0x000154be      0x30d build/debug/usbd_cdc_if.o
 .debug_line    0x000157cb      0x946 build/debug/usbd_conf.o
 .debug_line    0x00016111      0xa80 build/debug/usbd_core.o
 .debug_line    0x00016b91      0xdd3 build/debug/usbd_ctlreq.o
 .debug_line    0x00017964      0x3dc build/debug/usbd_desc.o
 .debug_line    0x00017d40      0x34e build/debug/usbd_ioreq.o
 .debug_line    0x0001808e       0x77 build/debug/startup_stm32h750xx.o

.debug_str      0x00000000     0x879a
 .debug_str     0x00000000     0x879a build/debug/main.o
                               0x1582 (size before relaxing)
 .debug_str     0x0000879a     0x14b1 build/debug/stm32h7xx_hal.o
 .debug_str     0x0000879a     0x1077 build/debug/stm32h7xx_hal_cortex.o
 .debug_str     0x0000879a     0x1d94 build/debug/stm32h7xx_hal_fdcan.o
 .debug_str     0x0000879a      0x6bc build/debug/stm32h7xx_hal_gpio.o
 .debug_str     0x0000879a     0x1369 build/debug/stm32h7xx_hal_msp.o
 .debug_str     0x0000879a      0xe34 build/debug/stm32h7xx_hal_pcd.o
 .debug_str     0x0000879a      0x820 build/debug/stm32h7xx_hal_pcd_ex.o
 .debug_str     0x0000879a      0xa31 build/debug/stm32h7xx_hal_pwr_ex.o
 .debug_str     0x0000879a      0xa02 build/debug/stm32h7xx_hal_rcc.o
 .debug_str     0x0000879a      0xf0d build/debug/stm32h7xx_hal_rcc_ex.o
 .debug_str     0x0000879a     0x1851 build/debug/stm32h7xx_hal_tim.o
 .debug_str     0x0000879a     0x1179 build/debug/stm32h7xx_hal_tim_ex.o
 .debug_str     0x0000879a      0x6a5 build/debug/stm32h7xx_it.o
 .debug_str     0x0000879a      0xd7c build/debug/stm32h7xx_ll_usb.o
 .debug_str     0x0000879a      0x756 build/debug/system_stm32h7xx.o
 .debug_str     0x0000879a      0x6ec build/debug/usb_device.o
 .debug_str     0x0000879a      0xddf build/debug/usbd_cdc.o
 .debug_str     0x0000879a      0x797 build/debug/usbd_cdc_if.o
 .debug_str     0x0000879a     0x1eff build/debug/usbd_conf.o
 .debug_str     0x0000879a      0x9db build/debug/usbd_core.o
 .debug_str     0x0000879a      0x806 build/debug/usbd_ctlreq.o
 .debug_str     0x0000879a      0x472 build/debug/usbd_desc.o
 .debug_str     0x0000879a      0x6db build/debug/usbd_ioreq.o
 .debug_str     0x0000879a       0x64 build/debug/startup_stm32h750xx.o

.debug_frame    0x00000000     0x3ae4
 .debug_frame   0x00000000       0xec build/debug/main.o
 .debug_frame   0x000000ec      0x360 build/debug/stm32h7xx_hal.o
 .debug_frame   0x0000044c      0x214 build/debug/stm32h7xx_hal_cortex.o
 .debug_frame   0x00000660      0x7a4 build/debug/stm32h7xx_hal_fdcan.o
 .debug_frame   0x00000e04       0xd4 build/debug/stm32h7xx_hal_gpio.o
 .debug_frame   0x00000ed8       0xac build/debug/stm32h7xx_hal_msp.o
 .debug_frame   0x00000f84      0x378 build/debug/stm32h7xx_hal_pcd.o
 .debug_frame   0x000012fc       0xb8 build/debug/stm32h7xx_hal_pcd_ex.o
 .debug_frame   0x000013b4      0x2f4 build/debug/stm32h7xx_hal_pwr_ex.o
 .debug_frame   0x000016a8      0x18c build/debug/stm32h7xx_hal_rcc.o
 .debug_frame   0x00001834      0x284 build/debug/stm32h7xx_hal_rcc_ex.o
 .debug_frame   0x00001ab8      0xb74 build/debug/stm32h7xx_hal_tim.o
 .debug_frame   0x0000262c      0x494 build/debug/stm32h7xx_hal_tim_ex.o
 .debug_frame   0x00002ac0       0xc0 build/debug/stm32h7xx_it.o
 .debug_frame   0x00002b80      0x498 build/debug/stm32h7xx_ll_usb.o
 .debug_frame   0x00003018       0x50 build/debug/system_stm32h7xx.o
 .debug_frame   0x00003068       0x28 build/debug/usb_device.o
 .debug_frame   0x00003090      0x190 build/debug/usbd_cdc.o
 .debug_frame   0x00003220       0x88 build/debug/usbd_cdc_if.o
 .debug_frame   0x000032a8      0x2e4 build/debug/usbd_conf.o
 .debug_frame   0x0000358c      0x240 build/debug/usbd_core.o
 .debug_frame   0x000037cc      0x180 build/debug/usbd_ctlreq.o
 .debug_frame   0x0000394c       0xe0 build/debug/usbd_desc.o
 .debug_frame   0x00003a2c       0xb8 build/debug/usbd_ioreq.o

.debug_line_str
                0x00000000       0x48
 .debug_line_str
                0x00000000       0x48 build/debug/startup_stm32h750xx.o

Cross Reference Table

Symbol                                            File
ADC3_IRQHandler                                   build/debug/startup_stm32h750xx.o
ADC_IRQHandler                                    build/debug/startup_stm32h750xx.o
BDMA_Channel0_IRQHandler                          build/debug/startup_stm32h750xx.o
BDMA_Channel1_IRQHandler                          build/debug/startup_stm32h750xx.o
BDMA_Channel2_IRQHandler                          build/debug/startup_stm32h750xx.o
BDMA_Channel3_IRQHandler                          build/debug/startup_stm32h750xx.o
BDMA_Channel4_IRQHandler                          build/debug/startup_stm32h750xx.o
BDMA_Channel5_IRQHandler                          build/debug/startup_stm32h750xx.o
BDMA_Channel6_IRQHandler                          build/debug/startup_stm32h750xx.o
BDMA_Channel7_IRQHandler                          build/debug/startup_stm32h750xx.o
BusFault_Handler                                  build/debug/stm32h7xx_it.o
CDC_Transmit_FS                                   build/debug/usbd_cdc_if.o
                                                  build/debug/main.o
CEC_IRQHandler                                    build/debug/startup_stm32h750xx.o
COMP1_IRQHandler                                  build/debug/startup_stm32h750xx.o
CRS_IRQHandler                                    build/debug/startup_stm32h750xx.o
CRYP_IRQHandler                                   build/debug/startup_stm32h750xx.o
D1CorePrescTable                                  build/debug/system_stm32h7xx.o
                                                  build/debug/stm32h7xx_hal_rcc_ex.o
                                                  build/debug/stm32h7xx_hal_rcc.o
                                                  build/debug/stm32h7xx_hal.o
DCMI_IRQHandler                                   build/debug/startup_stm32h750xx.o
DFSDM1_FLT0_IRQHandler                            build/debug/startup_stm32h750xx.o
DFSDM1_FLT1_IRQHandler                            build/debug/startup_stm32h750xx.o
DFSDM1_FLT2_IRQHandler                            build/debug/startup_stm32h750xx.o
DFSDM1_FLT3_IRQHandler                            build/debug/startup_stm32h750xx.o
DMA1_Stream0_IRQHandler                           build/debug/startup_stm32h750xx.o
DMA1_Stream1_IRQHandler                           build/debug/startup_stm32h750xx.o
DMA1_Stream2_IRQHandler                           build/debug/startup_stm32h750xx.o
DMA1_Stream3_IRQHandler                           build/debug/startup_stm32h750xx.o
DMA1_Stream4_IRQHandler                           build/debug/startup_stm32h750xx.o
DMA1_Stream5_IRQHandler                           build/debug/startup_stm32h750xx.o
DMA1_Stream6_IRQHandler                           build/debug/startup_stm32h750xx.o
DMA1_Stream7_IRQHandler                           build/debug/startup_stm32h750xx.o
DMA2D_IRQHandler                                  build/debug/startup_stm32h750xx.o
DMA2_Stream0_IRQHandler                           build/debug/startup_stm32h750xx.o
DMA2_Stream1_IRQHandler                           build/debug/startup_stm32h750xx.o
DMA2_Stream2_IRQHandler                           build/debug/startup_stm32h750xx.o
DMA2_Stream3_IRQHandler                           build/debug/startup_stm32h750xx.o
DMA2_Stream4_IRQHandler                           build/debug/startup_stm32h750xx.o
DMA2_Stream5_IRQHandler                           build/debug/startup_stm32h750xx.o
DMA2_Stream6_IRQHandler                           build/debug/startup_stm32h750xx.o
DMA2_Stream7_IRQHandler                           build/debug/startup_stm32h750xx.o
DMAMUX1_OVR_IRQHandler                            build/debug/startup_stm32h750xx.o
DMAMUX2_OVR_IRQHandler                            build/debug/startup_stm32h750xx.o
DebugMon_Handler                                  build/debug/stm32h7xx_it.o
Default_Handler                                   build/debug/startup_stm32h750xx.o
ECC_IRQHandler                                    build/debug/startup_stm32h750xx.o
ETH_IRQHandler                                    build/debug/startup_stm32h750xx.o
ETH_WKUP_IRQHandler                               build/debug/startup_stm32h750xx.o
EXTI0_IRQHandler                                  build/debug/startup_stm32h750xx.o
EXTI15_10_IRQHandler                              build/debug/startup_stm32h750xx.o
EXTI1_IRQHandler                                  build/debug/startup_stm32h750xx.o
EXTI2_IRQHandler                                  build/debug/startup_stm32h750xx.o
EXTI3_IRQHandler                                  build/debug/startup_stm32h750xx.o
EXTI4_IRQHandler                                  build/debug/startup_stm32h750xx.o
EXTI9_5_IRQHandler                                build/debug/startup_stm32h750xx.o
Error_Handler                                     build/debug/main.o
                                                  build/debug/usbd_conf.o
                                                  build/debug/usb_device.o
                                                  build/debug/stm32h7xx_hal_msp.o
ExitRun0Mode                                      build/debug/system_stm32h7xx.o
                                                  build/debug/startup_stm32h750xx.o
FDCAN1_IT0_IRQHandler                             build/debug/startup_stm32h750xx.o
FDCAN1_IT1_IRQHandler                             build/debug/startup_stm32h750xx.o
FDCAN2_IT0_IRQHandler                             build/debug/startup_stm32h750xx.o
FDCAN2_IT1_IRQHandler                             build/debug/startup_stm32h750xx.o
FDCAN_CAL_IRQHandler                              build/debug/startup_stm32h750xx.o
FLASH_CRC_WaitForLastOperation                    build/debug/stm32h7xx_hal_flash.o
                                                  build/debug/stm32h7xx_hal_flash_ex.o
FLASH_Erase_Sector                                build/debug/stm32h7xx_hal_flash_ex.o
                                                  build/debug/stm32h7xx_hal_flash.o
FLASH_IRQHandler                                  build/debug/startup_stm32h750xx.o
FLASH_OB_WaitForLastOperation                     build/debug/stm32h7xx_hal_flash.o
                                                  build/debug/stm32h7xx_hal_flash_ex.o
FLASH_WaitForLastOperation                        build/debug/stm32h7xx_hal_flash.o
                                                  build/debug/stm32h7xx_hal_flash_ex.o
FMC_IRQHandler                                    build/debug/startup_stm32h750xx.o
FPU_IRQHandler                                    build/debug/startup_stm32h750xx.o
FS_Desc                                           build/debug/usbd_desc.o
                                                  build/debug/usb_device.o
HAL_DBGMCU_DisableDBGSleepMode                    build/debug/stm32h7xx_hal.o
HAL_DBGMCU_DisableDBGStandbyMode                  build/debug/stm32h7xx_hal.o
HAL_DBGMCU_DisableDBGStopMode                     build/debug/stm32h7xx_hal.o
HAL_DBGMCU_EnableDBGSleepMode                     build/debug/stm32h7xx_hal.o
HAL_DBGMCU_EnableDBGStandbyMode                   build/debug/stm32h7xx_hal.o
HAL_DBGMCU_EnableDBGStopMode                      build/debug/stm32h7xx_hal.o
HAL_DMAEx_ChangeMemory                            build/debug/stm32h7xx_hal_dma_ex.o
HAL_DMAEx_ConfigMuxRequestGenerator               build/debug/stm32h7xx_hal_dma_ex.o
HAL_DMAEx_ConfigMuxSync                           build/debug/stm32h7xx_hal_dma_ex.o
HAL_DMAEx_DisableMuxRequestGenerator              build/debug/stm32h7xx_hal_dma_ex.o
HAL_DMAEx_EnableMuxRequestGenerator               build/debug/stm32h7xx_hal_dma_ex.o
HAL_DMAEx_MUX_IRQHandler                          build/debug/stm32h7xx_hal_dma_ex.o
HAL_DMAEx_MultiBufferStart                        build/debug/stm32h7xx_hal_dma_ex.o
HAL_DMAEx_MultiBufferStart_IT                     build/debug/stm32h7xx_hal_dma_ex.o
HAL_DMA_Abort                                     build/debug/stm32h7xx_hal_dma.o
HAL_DMA_Abort_IT                                  build/debug/stm32h7xx_hal_dma.o
                                                  build/debug/stm32h7xx_hal_tim_ex.o
                                                  build/debug/stm32h7xx_hal_tim.o
                                                  build/debug/stm32h7xx_hal_i2c.o
HAL_DMA_DeInit                                    build/debug/stm32h7xx_hal_dma.o
HAL_DMA_GetError                                  build/debug/stm32h7xx_hal_dma.o
                                                  build/debug/stm32h7xx_hal_i2c.o
HAL_DMA_GetState                                  build/debug/stm32h7xx_hal_dma.o
                                                  build/debug/stm32h7xx_hal_i2c.o
HAL_DMA_IRQHandler                                build/debug/stm32h7xx_hal_dma.o
HAL_DMA_Init                                      build/debug/stm32h7xx_hal_dma.o
HAL_DMA_PollForTransfer                           build/debug/stm32h7xx_hal_dma.o
HAL_DMA_RegisterCallback                          build/debug/stm32h7xx_hal_dma.o
HAL_DMA_Start                                     build/debug/stm32h7xx_hal_dma.o
HAL_DMA_Start_IT                                  build/debug/stm32h7xx_hal_dma.o
                                                  build/debug/stm32h7xx_hal_tim_ex.o
                                                  build/debug/stm32h7xx_hal_tim.o
                                                  build/debug/stm32h7xx_hal_i2c.o
HAL_DMA_UnRegisterCallback                        build/debug/stm32h7xx_hal_dma.o
HAL_DeInit                                        build/debug/stm32h7xx_hal.o
HAL_Delay                                         build/debug/stm32h7xx_hal.o
                                                  build/debug/usbd_conf.o
                                                  build/debug/stm32h7xx_ll_usb.o
                                                  build/debug/stm32h7xx_hal_pcd_ex.o
                                                  build/debug/main.o
HAL_DisableCompensationCell                       build/debug/stm32h7xx_hal.o
HAL_EXTI_ClearConfigLine                          build/debug/stm32h7xx_hal_exti.o
HAL_EXTI_ClearPending                             build/debug/stm32h7xx_hal_exti.o
HAL_EXTI_D1_ClearFlag                             build/debug/stm32h7xx_hal.o
HAL_EXTI_D1_EventInputConfig                      build/debug/stm32h7xx_hal.o
HAL_EXTI_D3_EventInputConfig                      build/debug/stm32h7xx_hal.o
HAL_EXTI_EdgeConfig                               build/debug/stm32h7xx_hal.o
HAL_EXTI_GenerateSWI                              build/debug/stm32h7xx_hal_exti.o
HAL_EXTI_GenerateSWInterrupt                      build/debug/stm32h7xx_hal.o
HAL_EXTI_GetConfigLine                            build/debug/stm32h7xx_hal_exti.o
HAL_EXTI_GetHandle                                build/debug/stm32h7xx_hal_exti.o
HAL_EXTI_GetPending                               build/debug/stm32h7xx_hal_exti.o
HAL_EXTI_IRQHandler                               build/debug/stm32h7xx_hal_exti.o
HAL_EXTI_RegisterCallback                         build/debug/stm32h7xx_hal_exti.o
HAL_EXTI_SetConfigLine                            build/debug/stm32h7xx_hal_exti.o
HAL_EnableCompensationCell                        build/debug/stm32h7xx_hal.o
HAL_FDCAN_AbortTxRequest                          build/debug/stm32h7xx_hal_fdcan.o
HAL_FDCAN_ActivateNotification                    build/debug/stm32h7xx_hal_fdcan.o
HAL_FDCAN_AddMessageToTxBuffer                    build/debug/stm32h7xx_hal_fdcan.o
HAL_FDCAN_AddMessageToTxFifoQ                     build/debug/stm32h7xx_hal_fdcan.o
HAL_FDCAN_ClockCalibrationCallback                build/debug/stm32h7xx_hal_fdcan.o
HAL_FDCAN_ConfigClockCalibration                  build/debug/stm32h7xx_hal_fdcan.o
HAL_FDCAN_ConfigExtendedIdMask                    build/debug/stm32h7xx_hal_fdcan.o
HAL_FDCAN_ConfigFifoWatermark                     build/debug/stm32h7xx_hal_fdcan.o
HAL_FDCAN_ConfigFilter                            build/debug/stm32h7xx_hal_fdcan.o
HAL_FDCAN_ConfigGlobalFilter                      build/debug/stm32h7xx_hal_fdcan.o
HAL_FDCAN_ConfigInterruptLines                    build/debug/stm32h7xx_hal_fdcan.o
HAL_FDCAN_ConfigRamWatchdog                       build/debug/stm32h7xx_hal_fdcan.o
HAL_FDCAN_ConfigRxFifoOverwrite                   build/debug/stm32h7xx_hal_fdcan.o
HAL_FDCAN_ConfigTimeoutCounter                    build/debug/stm32h7xx_hal_fdcan.o
HAL_FDCAN_ConfigTimestampCounter                  build/debug/stm32h7xx_hal_fdcan.o
HAL_FDCAN_ConfigTxDelayCompensation               build/debug/stm32h7xx_hal_fdcan.o
HAL_FDCAN_DeInit                                  build/debug/stm32h7xx_hal_fdcan.o
HAL_FDCAN_DeactivateNotification                  build/debug/stm32h7xx_hal_fdcan.o
HAL_FDCAN_DisableEdgeFiltering                    build/debug/stm32h7xx_hal_fdcan.o
HAL_FDCAN_DisableISOMode                          build/debug/stm32h7xx_hal_fdcan.o
HAL_FDCAN_DisableTimeoutCounter                   build/debug/stm32h7xx_hal_fdcan.o
HAL_FDCAN_DisableTimestampCounter                 build/debug/stm32h7xx_hal_fdcan.o
HAL_FDCAN_DisableTxDelayCompensation              build/debug/stm32h7xx_hal_fdcan.o
HAL_FDCAN_EnableEdgeFiltering                     build/debug/stm32h7xx_hal_fdcan.o
HAL_FDCAN_EnableISOMode                           build/debug/stm32h7xx_hal_fdcan.o
HAL_FDCAN_EnableTimeoutCounter                    build/debug/stm32h7xx_hal_fdcan.o
HAL_FDCAN_EnableTimestampCounter                  build/debug/stm32h7xx_hal_fdcan.o
HAL_FDCAN_EnableTxBufferRequest                   build/debug/stm32h7xx_hal_fdcan.o
HAL_FDCAN_EnableTxDelayCompensation               build/debug/stm32h7xx_hal_fdcan.o
HAL_FDCAN_EnterPowerDownMode                      build/debug/stm32h7xx_hal_fdcan.o
HAL_FDCAN_ErrorCallback                           build/debug/stm32h7xx_hal_fdcan.o
HAL_FDCAN_ErrorStatusCallback                     build/debug/stm32h7xx_hal_fdcan.o
HAL_FDCAN_ExitPowerDownMode                       build/debug/stm32h7xx_hal_fdcan.o
HAL_FDCAN_ExitRestrictedOperationMode             build/debug/stm32h7xx_hal_fdcan.o
HAL_FDCAN_GetClockCalibrationCounter              build/debug/stm32h7xx_hal_fdcan.o
HAL_FDCAN_GetClockCalibrationState                build/debug/stm32h7xx_hal_fdcan.o
HAL_FDCAN_GetError                                build/debug/stm32h7xx_hal_fdcan.o
HAL_FDCAN_GetErrorCounters                        build/debug/stm32h7xx_hal_fdcan.o
HAL_FDCAN_GetHighPriorityMessageStatus            build/debug/stm32h7xx_hal_fdcan.o
HAL_FDCAN_GetLatestTxFifoQRequestBuffer           build/debug/stm32h7xx_hal_fdcan.o
HAL_FDCAN_GetProtocolStatus                       build/debug/stm32h7xx_hal_fdcan.o
HAL_FDCAN_GetRxFifoFillLevel                      build/debug/stm32h7xx_hal_fdcan.o
HAL_FDCAN_GetRxMessage                            build/debug/stm32h7xx_hal_fdcan.o
                                                  build/debug/main.o
HAL_FDCAN_GetState                                build/debug/stm32h7xx_hal_fdcan.o
HAL_FDCAN_GetTimeoutCounter                       build/debug/stm32h7xx_hal_fdcan.o
HAL_FDCAN_GetTimestampCounter                     build/debug/stm32h7xx_hal_fdcan.o
HAL_FDCAN_GetTxEvent                              build/debug/stm32h7xx_hal_fdcan.o
HAL_FDCAN_GetTxFifoFreeLevel                      build/debug/stm32h7xx_hal_fdcan.o
HAL_FDCAN_HighPriorityMessageCallback             build/debug/stm32h7xx_hal_fdcan.o
HAL_FDCAN_IRQHandler                              build/debug/stm32h7xx_hal_fdcan.o
HAL_FDCAN_Init                                    build/debug/stm32h7xx_hal_fdcan.o
                                                  build/debug/main.o
HAL_FDCAN_IsRestrictedOperationMode               build/debug/stm32h7xx_hal_fdcan.o
HAL_FDCAN_IsRxBufferMessageAvailable              build/debug/stm32h7xx_hal_fdcan.o
HAL_FDCAN_IsTxBufferMessagePending                build/debug/stm32h7xx_hal_fdcan.o
HAL_FDCAN_MspDeInit                               build/debug/stm32h7xx_hal_msp.o